******************************************************************************
                  TI ARM Linker PC v16.9.1                     
******************************************************************************
>> Linked Tue May 23 22:37:40 2017

OUTPUT FILE NAME:   <MSPBLE_MSP_EXP432P401R_tirtos_ccs.out>
ENTRY POINT SYMBOL: "_c_int00"  address: 0000b0d9


MEMORY CONFIGURATION

         name            origin    length      used     unused   attr    fill
----------------------  --------  ---------  --------  --------  ----  --------
  MAIN                  00000000   00040000  0000f858  000307a8  R  X
  INFO                  00200000   00004000  00000000  00004000  R  X
  SRAM_CODE             01000000   00010000  00000000  00010000  RW X
  SRAM_DATA             20000000   00010000  0000320c  0000cdf4  RW  


SEGMENT ALLOCATION MAP

run origin  load origin   length   init length attrs members
----------  ----------- ---------- ----------- ----- -------
00000000    00000000    0000f860   0000f860    r-x
  00000000    00000000    0000003c   0000003c    r-- .resetVecs
  00000040    00000040    0000eb1a   0000eb1a    r-x .text
  0000eb5c    0000eb5c    0000094a   0000094a    r-- .const
  0000f4a8    0000f4a8    000003b8   000003b8    r-- .cinit
20000140    20000140    00002dcc   00000000    rw-
  20000140    20000140    00000a37   00000000    rw- .data
  20000b78    20000b78    00002394   00000000    rw- .bss
2000fd00    2000fd00    00000300   00000000    rw-
  2000fd00    2000fd00    00000300   00000000    rw- .stack


SECTION ALLOCATION MAP

 output                                  attributes/
section   page    origin      length       input sections
--------  ----  ----------  ----------   ----------------
.text      0    00000040    0000eb1a     
                  00000040    0000113e     rtsv7M4_T_le_v4SPD16_eabi.lib : _printfi.obj (.text)
                  0000117e    00000002     display.aem4f : DisplayHost.oem4f (.text:DisplayHost_clear)
                  00001180    000005d0     mspble.obj (.text:SensorLoop)
                  00001750    000004d8     sap_uart_pm.aem4f : npi_ss_ble_sap.oem4f (.text:NPISS_BLE_SNP_msgFromSNP)
                  00001c28    00000444     sysbios.aem4f : BIOS.obj (.text:xdc_runtime_System_doPrint__I)
                  0000206c    00000324     fatfs.aem4f : ff.oem4f (.text:find_volume)
                  00002390    00000324     rtsv7M4_T_le_v4SPD16_eabi.lib : trgdrv.obj (.text)
                  000026b4    0000030c                                   : lowlev.obj (.text)
                  000029c0    000002d0     drivers_msp432p4xx.aem4f : PowerMSP432.oem4f (.text:Power_sleep)
                  00002c90    000002c8                              : UARTMSP432.oem4f (.text:UARTMSP432_open)
                  00002f58    000002ac                              : SDSPIMSP432.oem4f (.text:SDSPIMSP432_diskInitialize)
                  00003204    000002a0     rtsv7M4_T_le_v4SPD16_eabi.lib : mktime.obj (.text)
                  000034a4    00000250     drivers_msp432p4xx.aem4f : SDSPIMSP432.oem4f (.text:SDSPIMSP432_open)
                  000036f4    00000230     sap_uart_pm.aem4f : sap.oem4f (.text:SAP_registerService)
                  00003924    0000021e     rtsv7M4_T_le_v4SPD16_eabi.lib : ll_div_t2.obj (.text)
                  00003b42    000001f4                                   : ull_div_t2.obj (.text)
                  00003d36    000001ec     sap_uart_pm.aem4f : snp_rpc.oem4f (.text:SNP_RPC_addCharDescDec)
                  00003f22    00000002     display.aem4f : DisplayHost.oem4f (.text:DisplayHost_clearLines)
                  00003f24    000001e4     mspble.obj (.text:MSPBLE_taskFxn)
                  00004108    000001e4     drivers_msp432p4xx.aem4f : SDSPIMSP432.oem4f (.text:send_cmd)
                  000042ec    000001c4     rtsv7M4_T_le_v4SPD16_eabi.lib : fopen.obj (.text)
                  000044b0    000001b6                                   : fd_add_t2.obj (.text)
                  00004666    000001a4     fatfs.aem4f : ff.oem4f (.text:f_write)
                  0000480a    00000002     display.aem4f : DisplayHost.oem4f (.text:DisplayHost_close)
                  0000480c    00000198     mspble.obj (.text:ntoa)
                  000049a4    00000194     drivers_msp432p4xx.aem4f : SDSPIMSP432.oem4f (.text:xmit_datablock)
                  00004b38    00000178     fatfs.aem4f : ff.oem4f (.text:f_read)
                  00004cb0    00000178     release_pem4f.oem4f (.text:xdc_runtime_System_printfExtend__I)
                  00004e28    0000016c     rtsv7M4_T_le_v4SPD16_eabi.lib : fwrite.obj (.text)
                  00004f94    00000164     fatfs.aem4f : ff.oem4f (.text:f_open)
                  000050f8    0000015c     drivers_msp432p4xx.aem4f : GPIOMSP432.oem4f (.text:GPIO_setConfig)
                  00005254    0000015a     fatfs.aem4f : ff.oem4f (.text:f_lseek)
                  000053ae    00000002     display.aem4f : DisplayHost.oem4f (.text:DisplayHost_init)
                  000053b0    00000158     sysbios.aem4f : BIOS.obj (.text:ti_sysbios_knl_Event_pend__E)
                  00005508    00000154     npi_uart_pm_msp432.aem4f : npi_task.oem4f (.text:NPITask_Fxn)
                  0000565c    0000014c     sap_uart_pm.aem4f : sap.oem4f (.text:SAP_setParam)
                  000057a8    0000014c     drivers_msp432p4xx.aem4f : PowerMSP432.oem4f (.text:initPerfControl)
                  000058f4    00000140     sap_uart_pm.aem4f : sap.oem4f (.text:handleAsyncCB)
                  00005a34    00000138     rtsv7M4_T_le_v4SPD16_eabi.lib : localtim.obj (.text)
                  00005b6c    00000136                                   : fd_div_t2.obj (.text)
                  00005ca2    00000006     display.aem4f : DisplayHost.oem4f (.text:DisplayHost_control)
                  00005ca8    00000130     sysbios.aem4f : BIOS.obj (.text:ti_sysbios_knl_Semaphore_pend__E)
                  00005dd8    00000123     fatfs.aem4f : ff.oem4f (.text:create_name)
                  00005efb    00000001     --HOLE-- [fill = 0]
                  00005efc    00000120     npi_uart_pm_msp432.aem4f : npi_tl_uart_m_msp432.oem4f (.text:NPITLUART_readCallBack)
                  0000601c    0000011c                              : npi_task.oem4f (.text:NPITask_open)
                  00006138    00000110                              : npi_tl_msp432.oem4f (.text:NPITL_openTL)
                  00006248    00000108     sysbios.aem4f : BIOS.obj (.text:xdc_runtime_Startup_startMods__I)
                  00006350    00000104     drivers_msp432p4xx.aem4f : SDSPIMSP432.oem4f (.text:SDSPIMSP432_diskIOctrl)
                  00006454    00000100     data_service.obj (.text:DataService_setParameter)
                  00006554    000000fe     fatfs.aem4f : ff.oem4f (.text:f_rename)
                  00006652    000000fc     rtsv7M4_T_le_v4SPD16_eabi.lib : fd_mul_t2.obj (.text)
                  0000674e    00000002     display.aem4f : DisplayHost.oem4f (.text:DisplayHost_open)
                  00006750    000000fc     rtsv7M4_T_le_v4SPD16_eabi.lib : s_scalbn.obj (.text)
                  0000684c    00000004     dpl_msp432p4xx.aem4f : HwiP_tirtos.oem4f (.text:HwiP_disable)
                  00006850    000000fc     sysbios.aem4f : BIOS.obj (.text:ti_sysbios_family_arm_msp432_init_Boot_configureClocksHigh)
                  0000694c    000000fa     fatfs.aem4f : ff.oem4f (.text:dir_next)
                  00006a46    00000002     display.aem4f : DisplayUart.oem4f (.text:DisplayUartMin_clear)
                  00006a48    000000f4     drivers_msp432p4xx.aem4f : SDSPIMSP432.oem4f (.text:SDSPIMSP432_diskWrite)
                  00006b3c    000000ec     fatfs.aem4f : ff.oem4f (.text:put_fat)
                  00006c28    000000ec     rtsv7M4_T_le_v4SPD16_eabi.lib : fread.obj (.text)
                  00006d14    000000ec     sysbios.aem4f : m3_Hwi_asm.obj (.text:ti_sysbios_family_arm_m3_Hwi_dispatch__I)
                  00006e00    000000e8     drivers_msp432p4xx.aem4f : SDSPIMSP432.oem4f (.text:SDSPIMSP432_diskRead)
                  00006ee8    000000e4                              : TimerMSP432.oem4f (.text:configureTimerHardware)
                  00006fcc    000000e0     msp432p4xx_driverlib.lib : cs.o (.text:CS_initClockSignal)
                  000070ac    000000dc     rtsv7M4_T_le_v4SPD16_eabi.lib : setvbuf.obj (.text)
                  00007188    000000d8     data_service.obj (.text:DataService_ReadAttrCB)
                  00007260    000000d8     drivers_msp432p4xx.aem4f : UARTMSP432.oem4f (.text:UARTMSP432_readPolling)
                  00007338    000000d6     fatfs.aem4f : ff.oem4f (.text:get_fat)
                  0000740e    00000002     display.aem4f : DisplayUart.oem4f (.text:DisplayUartMin_clearLines)
                  00007410    000000d4     data_service.obj (.text:DataService_addService)
                  000074e4    000000d4     npi_uart_pm_msp432.aem4f : npi_task.oem4f (.text:NPITask_transportDoneCallBack)
                  000075b8    000000d4     stream_service.obj (.text:StreamService_addService)
                  0000768c    000000d0     data_service.obj (.text:DataService_WriteAttrCB)
                  0000775c    000000d0     manager_service.obj (.text:ManagerService_addService)
                  0000782c    00000004     dpl_msp432p4xx.aem4f : HwiP_tirtos.oem4f (.text:HwiP_disableInterrupt)
                  00007830    000000d0     sysbios.aem4f : BIOS.obj (.text:ti_sysbios_heaps_HeapMem_alloc__E)
                  00007900    000000cc     mspble.obj (.text:MSPBLE_init)
                  000079cc    000000c8     rtsv7M4_T_le_v4SPD16_eabi.lib : fflush.obj (.text)
                  00007a94    000000c4     profile_util.obj (.text:ProfileUtil_getCharIDFromHdl)
                  00007b58    000000c4     sysbios.aem4f : BIOS.obj (.text:ti_sysbios_knl_Task_sleep__E)
                  00007c1c    00000004     dpl_msp432p4xx.aem4f : HwiP_tirtos.oem4f (.text:HwiP_enableInterrupt)
                  00007c20    000000c0     sysbios.aem4f : BIOS.obj (.text:ti_sysbios_knl_Task_Instance_init__E)
                  00007ce0    000000bc     manager_service.obj (.text:ManagerService_registerAppCBs)
                  00007d9c    000000bc     stream_service.obj (.text:StreamService_registerAppCBs)
                  00007e58    000000bc     sysbios.aem4f : BIOS.obj (.text:ti_sysbios_knl_Task_Instance_finalize__E)
                  00007f14    000000b6     drivers_msp432p4xx.aem4f : UARTMSP432.oem4f (.text:UARTMSP432_hwiIntFxn)
                  00007fca    00000002     display.aem4f : DisplayUart.oem4f (.text:DisplayUartMin_init)
                  00007fcc    000000b4     data_service.obj (.text:DataService_registerAppCBs)
                  00008080    000000b4     drivers_msp432p4xx.aem4f : UARTMSP432.oem4f (.text:UARTMSP432_control)
                  00008134    000000b4                              : UARTMSP432.oem4f (.text:UARTMSP432_writePolling)
                  000081e8    000000b4                              : SDSPIMSP432.oem4f (.text:send_initial_clock_train)
                  0000829c    000000b4     fatfs.aem4f : ff.oem4f (.text:sync_fs)
                  00008350    000000b2     msp432p4xx_driverlib.lib : timer_a.o (.text:privateTimer_AProcessClockSourceDivider)
                  00008402    00000002     npi_uart_pm_msp432.aem4f : npi_tl_uart_m_msp432.oem4f (.text:NPITLUART_stopTransfer)
                  00008404    000000b0     drivers_msp432p4xx.aem4f : TimerMSP432.oem4f (.text:setIdealT32TickCount)
                  000084b4    000000ac                              : UARTMSP432.oem4f (.text:initHw)
                  00008560    000000ac     rtsv7M4_T_le_v4SPD16_eabi.lib : _io_perm.obj (.text)
                  0000860c    000000a8     fatfs.aem4f : ff.oem4f (.text:create_chain)
                  000086b4    00000004     drivers_msp432p4xx.aem4f : List.oem4f (.text:List_head)
                  000086b8    000000a8     sysbios.aem4f : BIOS.obj (.text:ti_sysbios_family_arm_msp432_Timer_periodicStub__E)
                  00008760    000000a8                   : BIOS.obj (.text:xdc_runtime_Core_createObject__I)
                  00008808    000000a4     data_service.obj (.text:DataService_CCCDIndCB)
                  000088ac    000000a4     fatfs.aem4f : ff.oem4f (.text:f_unlink)
                  00008950    000000a0     npi_uart_pm_msp432.aem4f : npi_tl_msp432.oem4f (.text:NPITL_remRdyPINHwiFxn)
                  000089f0    000000a0     auto_init.aem4f : auto_init.oem4f (.text)
                  00008a90    000000a0     fatfs.aem4f : ffcio.oem4f (.text:ffcio_open)
                  00008b30    000000a0     drivers_msp432p4xx.aem4f : UARTMSP432.oem4f (.text:readIsrTextCallback)
                  00008bd0    000000a0     rtsv7M4_T_le_v4SPD16_eabi.lib : _bufread.obj (.text)
                  00008c70    000000a0     drivers_msp432p4xx.aem4f : TimerMSP432.oem4f (.text:setIdealTATickCount)
                  00008d10    0000009e                              : UARTMSP432.oem4f (.text:UARTMSP432_close)
                  00008dae    0000009c     fatfs.aem4f : ff.oem4f (.text:f_sync)
                  00008e4a    0000009c     drivers_msp432p4xx.aem4f : UARTMSP432.oem4f (.text:readTaskBlocking)
                  00008ee6    0000009c     rtsv7M4_T_le_v4SPD16_eabi.lib : memcpy_t2.obj (.text)
                  00008f82    00000002     dpl_msp432p4xx.aem4f : PowerMSP432_tirtos.oem4f (.text:PowerMSP432_initPolicy)
                  00008f84    00000098     npi_uart_pm_msp432.aem4f : npi_tl_uart_m_msp432.oem4f (.text:NPITLUART_writeCallBack)
                  0000901c    00000098     rtsv7M4_T_le_v4SPD16_eabi.lib : fclose.obj (.text)
                  000090b4    00000004     drivers_msp432p4xx.aem4f : List.oem4f (.text:List_next)
                  000090b8    00000098     sysbios.aem4f : BIOS.obj (.text:ti_sysbios_family_arm_m3_Hwi_Instance_init__E)
                  00009150    00000096     drivers_msp432p4xx.aem4f : UARTMSP432.oem4f (.text:writeData)
                  000091e6    00000002                              : UARTMSP432.oem4f (.text:UARTMSP432_init)
                  000091e8    00000094     sysbios.aem4f : BIOS.obj (.text:ti_sysbios_family_arm_m3_Hwi_initNVIC__E)
                  0000927c    00000090     drivers_msp432p4xx.aem4f : UARTMSP432.oem4f (.text:UARTMSP432_write)
                  0000930c    0000008e                              : TimerMSP432.oem4f (.text:TimerMSP432_open)
                  0000939a    00000002     rtsv7M4_T_le_v4SPD16_eabi.lib : i_div0.obj (.text)
                  0000939c    0000008c     stream_service.obj (.text:StreamService_CCCDIndCB)
                  00009428    0000008c     sysbios.aem4f : m3_TaskSupport_asm.obj (.text:ti_sysbios_family_arm_m3_TaskSupport_buildTaskStack)
                  000094b4    00000004     npi_uart_pm_msp432.aem4f : npi_task.oem4f (.text:NPITask_freeFrame)
                  000094b8    0000008c     sysbios.aem4f : BIOS.obj (.text:ti_sysbios_knl_Event_post__E)
                  00009544    00000004     sap_uart_pm.aem4f : sap.oem4f (.text:SAP_registerEventCB)
                  00009548    0000008c     sysbios.aem4f : BIOS.obj (.text:ti_sysbios_knl_Task_postInit__I)
                  000095d4    0000008a     drivers_msp432p4xx.aem4f : UARTMSP432.oem4f (.text:readIsrTextBlocking)
                  0000965e    00000002     rtsv7M4_T_le_v4SPD16_eabi.lib : l_div0.obj (.text)
                  00009660    00000088     manager_service.obj (.text:ManagerService_WriteAttrCB)
                  000096e8    00000088     stream_service.obj (.text:StreamService_setParameter)
                  00009770    00000088     sysbios.aem4f : BIOS.obj (.text:xdc_runtime_Memory_alloc__E)
                  000097f8    00000086     rtsv7M4_T_le_v4SPD16_eabi.lib : fd_cmp_t2.obj (.text:__aeabi_cdcmple)
                  0000987e    00000086                                   : fd_cmp_t2.obj (.text:__aeabi_cdrcmple)
                  00009904    00000004     sap_uart_pm.aem4f : snp_rpc_synchro.oem4f (.text:SNP_malloc)
                  00009908    00000084     sysbios.aem4f : BIOS.obj (.text:ti_sysbios_family_arm_m3_Hwi_postInit__I)
                  0000998c    00000004     dpl_msp432p4xx.aem4f : SystemP_tirtos.oem4f (.text:SystemP_vsnprintf)
                  00009990    00000084     sysbios.aem4f : BIOS.obj (.text:ti_sysbios_heaps_HeapMem_free__E)
                  00009a14    00000004     msp432p4xx_driverlib.lib : timer32.o (.text:Timer32_getValue)
                  00009a18    00000084     sysbios.aem4f : BIOS.obj (.text:xdc_runtime_Core_constructObject__I)
                  00009a9c    00000080     sap_uart_pm.aem4f : sap.oem4f (.text:SAP_open)
                  00009b1c    0000007e     fatfs.aem4f : ff.oem4f (.text:dir_sdi)
                  00009b9a    00000002     release_pem4f.oem4f (.text:ti_sysbios_BIOS_nullFunc__I)
                  00009b9c    0000007c     mspble.obj (.text:MSPBLE_processManagerServiceCB)
                  00009c18    0000007c     drivers_msp432p4xx.aem4f : SDSPIMSP432.oem4f (.text:SDSPIMSP432_close)
                  00009c94    0000007c     msp432p4xx_driverlib.lib : spi.o (.text:SPI_initMaster)
                  00009d10    0000007c     fatfs.aem4f : ff.oem4f (.text:f_mount)
                  00009d8c    0000007a     drivers_msp432p4xx.aem4f : UARTMSP432.oem4f (.text:readTaskCallback)
                  00009e06    0000007a     rtsv7M4_T_le_v4SPD16_eabi.lib : memset_t2.obj (.text)
                  00009e80    00000078     manager_service.obj (.text:ManagerService_ReadAttrCB)
                  00009ef8    00000078     npi_uart_pm_msp432.aem4f : npi_tl_msp432.oem4f (.text:NPITL_writeTL)
                  00009f70    00000075     sysbios.aem4f : BIOS.obj (.text:xdc_runtime_System_formatNum__I)
                  00009fe5    00000003     --HOLE-- [fill = 0]
                  00009fe8    00000074     stream_service.obj (.text:StreamService_ReadAttrCB)
                  0000a05c    00000074     fatfs.aem4f : ff.oem4f (.text:check_fs)
                  0000a0d0    00000070     mspble.obj (.text:MSPBLE_asyncCB)
                  0000a140    00000070     drivers_msp432p4xx.aem4f : SDSPIMSP432.oem4f (.text:rcvr_datablock)
                  0000a1b0    00000070     sysbios.aem4f : BIOS.obj (.text:ti_sysbios_heaps_HeapMem_initPrimary__I)
                  0000a220    00000070                   : BIOS.obj (.text:ti_sysbios_knl_Semaphore_post__E)
                  0000a290    00000070                   : BIOS.obj (.text:ti_sysbios_knl_Task_exit__E)
                  0000a300    0000006c     profile_util.obj (.text:ProfileUtil_convertBdAddr2Str)
                  0000a36c    0000006c     profile_util.obj (.text:ProfileUtil_getHdlFromCharID)
                  0000a3d8    0000006c     sysbios.aem4f : BIOS.obj (.text:ti_sysbios_knl_Clock_workFunc__E)
                  0000a444    00000004     fatfs.aem4f : ffosal.oem4f (.text:ff_rel_grant)
                  0000a448    0000006c     sysbios.aem4f : BIOS.obj (.text:ti_sysbios_knl_Swi_restoreHwi__E)
                  0000a4b4    0000006a     sap_uart_pm.aem4f : snp_rpc.oem4f (.text:SNP_RPC_readCharCnf)
                  0000a51e    00000068     drivers_msp432p4xx.aem4f : UARTMSP432.oem4f (.text:UARTMSP432_writeCancel)
                  0000a586    00000068     rtsv7M4_T_le_v4SPD16_eabi.lib : copy_decompress_lzss.obj (.text:decompress:lzss)
                  0000a5ee    00000002     --HOLE-- [fill = 0]
                  0000a5f0    00000068                                   : trgmsg.obj (.text)
                  0000a658    00000068     sysbios.aem4f : BIOS.obj (.text:ti_sysbios_family_arm_msp432_Seconds_get__E)
                  0000a6c0    00000066                   : BIOS.obj (.text:xdc_runtime_Core_deleteObject__I)
                  0000a726    00000002     --HOLE-- [fill = 0]
                  0000a728    00000064     drivers_msp432p4xx.aem4f : GPIOMSP432.oem4f (.text:GPIO_hwiIntFxn)
                  0000a78c    00000064     mspble.obj (.text:MSPBLE_createTask)
                  0000a7f0    00000064     sap_uart_pm.aem4f : snp_rpc.oem4f (.text:SNP_RPC_startAdvertising)
                  0000a854    00000064                       : snp_rpc.oem4f (.text:SNP_RPC_updateConnectionParams)
                  0000a8b8    00000064     fatfs.aem4f : ff.oem4f (.text:follow_path)
                  0000a91c    00000064     rtsv7M4_T_le_v4SPD16_eabi.lib : fseek.obj (.text)
                  0000a980    00000064                                   : s_frexp.obj (.text)
                  0000a9e4    00000004     fatfs.aem4f : diskio.oem4f (.text:get_fattime)
                  0000a9e8    00000064     sysbios.aem4f : BIOS.obj (.text:ti_sysbios_family_arm_m3_Hwi_dispatchC__I)
                  0000aa4c    00000060     npi_uart_pm_msp432.aem4f : npi_task.oem4f (.text:NPITask_sendToHost)
                  0000aaac    00000060     sap_uart_pm.aem4f : snp_rpc.oem4f (.text:SNP_RPC_addCharValueDec)
                  0000ab0c    00000060     rtsv7M4_T_le_v4SPD16_eabi.lib : sprintf.obj (.text)
                  0000ab6c    0000005e     fatfs.aem4f : ff.oem4f (.text:remove_chain)
                  0000abca    00000002     --HOLE-- [fill = 0]
                  0000abcc    0000005c     display.aem4f : Display.oem4f (.text:Display_doOpen)
                  0000ac28    0000005c     drivers_msp432p4xx.aem4f : GPIOMSP432.oem4f (.text:GPIO_init)
                  0000ac84    0000005c                              : GPIOMSP432.oem4f (.text:GPIO_write)
                  0000ace0    0000005c                              : PowerMSP432.oem4f (.text:PowerMSP432_getFreqs)
                  0000ad3c    00000004     release_pem4f.oem4f (.text:ti_sysbios_BIOS_RtsGateProxy_enter__E)
                  0000ad40    0000005c     sysbios.aem4f : BIOS.obj (.text:ti_sysbios_knl_Swi_run__I)
                  0000ad9c    00000004     release_pem4f.oem4f (.text:ti_sysbios_BIOS_RtsGateProxy_leave__E)
                  0000ada0    0000005c     sysbios.aem4f : BIOS.obj (.text:ti_sysbios_knl_Swi_schedule__I)
                  0000adfc    00000004     release_pem4f.oem4f (.text:ti_sysbios_family_arm_m3_Hwi_delete)
                  0000ae00    0000005c     sysbios.aem4f : BIOS.obj (.text:ti_sysbios_knl_Task_Module_startup__E)
                  0000ae5c    00000004     release_pem4f.oem4f (.text:ti_sysbios_family_arm_m3_TaskSupport_Module__startupDone__S)
                  0000ae60    0000005c     sysbios.aem4f : BIOS.obj (.text:ti_sysbios_knl_Task_startCore__E)
                  0000aebc    00000004     release_pem4f.oem4f (.text:ti_sysbios_heaps_HeapMem_Module_GateProxy_enter__E)
                  0000aec0    0000005c     sysbios.aem4f : BIOS.obj (.text:xdc_runtime_Startup_exec__E)
                  0000af1c    0000005a     sap_uart_pm.aem4f : snp_rpc.oem4f (.text:SNP_RPC_sendNotifInd)
                  0000af76    00000002     --HOLE-- [fill = 0]
                  0000af78    00000058     data_service.obj (.text:DataService_getParameter)
                  0000afd0    00000058     npi_uart_pm_msp432.aem4f : npi_tl_uart_m_msp432.oem4f (.text:NPITLUART_handleRemRdyEvent)
                  0000b028    00000058                              : npi_tl_msp432.oem4f (.text:NPITL_handleRemRdyEvent)
                  0000b080    00000058                              : npi_task.oem4f (.text:NPITask_ProcessTXQ)
                  0000b0d8    00000058     boot.aem4f : boot.oem4f (.text)
                  0000b130    00000058     drivers_msp432p4xx.aem4f : UARTMSP432.oem4f (.text:readIsrBinaryBlocking)
                  0000b188    00000058     sysbios.aem4f : m3_Hwi_asm_switch.obj (.text:ti_sysbios_family_arm_m3_Hwi_initStacks__E)
                  0000b1e0    00000056     display.aem4f : DisplayUart.oem4f (.text:DisplayUartMin_open)
                  0000b236    00000056     fatfs.aem4f : ff.oem4f (.text:dir_read)
                  0000b28c    00000054     drivers_msp432p4xx.aem4f : GPIOMSP432.oem4f (.text:GPIO_setCallback)
                  0000b2e0    00000054                              : PowerMSP432.oem4f (.text:Power_init)
                  0000b334    00000054                              : TimerMSP432.oem4f (.text:TimerMSP432_Timer_A_hwiIntFunction)
                  0000b388    00000054     rtsv7M4_T_le_v4SPD16_eabi.lib : ltoa.obj (.text)
                  0000b3dc    00000054     fatfs.aem4f : ff.oem4f (.text:sync_window)
                  0000b430    00000054     release_pem4f.oem4f (.text:ti_sysbios_family_arm_m3_Hwi_create)
                  0000b484    00000004     release_pem4f.oem4f (.text:ti_sysbios_heaps_HeapMem_Module_GateProxy_leave__E)
                  0000b488    00000054     sysbios.aem4f : BIOS.obj (.text:ti_sysbios_family_arm_msp432_Timer_initDevice__I)
                  0000b4dc    00000004     release_pem4f.oem4f (.text:ti_sysbios_knl_Clock_TimerProxy_getMaxTicks__E)
                  0000b4e0    00000054     sysbios.aem4f : BIOS.obj (.text:xdc_runtime_Core_assignLabel__I)
                  0000b534    00000050     npi_uart_pm_msp432.aem4f : npi_task.oem4f (.text:NPITask_RemRdyEventCB)
                  0000b584    00000050     dpl_msp432p4xx.aem4f : PowerMSP432_tirtos.oem4f (.text:PowerMSP432_sleepPolicy)
                  0000b5d4    00000050     drivers_msp432p4xx.aem4f : TimerMSP432.oem4f (.text:TimerMSP432_Timer32_hwiIntFunction)
                  0000b624    00000004     release_pem4f.oem4f (.text:ti_sysbios_knl_Clock_delete)
                  0000b628    00000050     sysbios.aem4f : BIOS.obj (.text:ti_sysbios_family_arm_m3_Hwi_Module_startup__E)
                  0000b678    00000050     release_pem4f.oem4f (.text:ti_sysbios_knl_Task_create)
                  0000b6c8    0000004e     drivers_msp432p4xx.aem4f : TimerMSP432.oem4f (.text:TimerMSP432_Timer32_start)
                  0000b716    00000002     --HOLE-- [fill = 0]
                  0000b718    0000004c                              : SDSPIMSP432.oem4f (.text:initHw)
                  0000b764    0000004c                              : UARTMSP432.oem4f (.text:readIsrBinaryCallback)
                  0000b7b0    0000004c     rtsv7M4_T_le_v4SPD16_eabi.lib : atoi.obj (.text)
                  0000b7fc    0000004c                                   : cpy_tbl.obj (.text)
                  0000b848    0000004c     sysbios.aem4f : BIOS.obj (.text:ti_sysbios_family_arm_msp432_Timer_postInit__I)
                  0000b894    00000004     release_pem4f.oem4f (.text:ti_sysbios_knl_Semaphore_delete)
                  0000b898    0000004c     sysbios.aem4f : BIOS.obj (.text:ti_sysbios_family_arm_msp432_Timer_start__E)
                  0000b8e4    00000004     release_pem4f.oem4f (.text:xdc_runtime_System_Module_GateProxy_enter__E)
                  0000b8e8    0000004c     sysbios.aem4f : BIOS.obj (.text:ti_sysbios_heaps_HeapMem_getStats__E)
                  0000b934    00000004     release_pem4f.oem4f (.text:xdc_runtime_System_Module_GateProxy_leave__E)
                  0000b938    0000004c     sysbios.aem4f : BIOS.obj (.text:ti_sysbios_knl_Swi_runLoop__I)
                  0000b984    00000004     --HOLE-- [fill = 0]
                  0000b988    0000004c                   : BIOS.obj (.text:ti_sysbios_knl_Task_allBlockedFunction__I)
                  0000b9d4    0000004c     release_pem4f.oem4f (.text:ti_sysbios_knl_Task_construct)
                  0000ba20    0000004c     sysbios.aem4f : BIOS.obj (.text:ti_sysbios_knl_Task_schedule__I)
                  0000ba6c    00000048     manager_service.obj (.text:ManagerService_setParameter)
                  0000bab4    00000048     npi_uart_pm_msp432.aem4f : npi_tl_uart_m_msp432.oem4f (.text:NPITLUART_writeTransport)
                  0000bafc    00000048                              : npi_task.oem4f (.text:NPITask_processSyncRXQ)
                  0000bb44    00000048     drivers_msp432p4xx.aem4f : PowerMSP432.oem4f (.text:Power_releaseConstraint)
                  0000bb8c    00000048     msp432p4xx_driverlib.lib : timer32.o (.text:Timer32_initModule)
                  0000bbd4    00000048     drivers_msp432p4xx.aem4f : TimerMSP432.oem4f (.text:TimerMSP432_Timer_A_start)
                  0000bc1c    00000048     fatfs.aem4f : ff.oem4f (.text:dir_find)
                  0000bc64    00000048     mspble.obj (.text:fatfs_getFatTime)
                  0000bcac    00000048     rtsv7M4_T_le_v4SPD16_eabi.lib : fd_toi_t2.obj (.text)
                  0000bcf4    00000004     --HOLE-- [fill = 0]
                  0000bcf8    00000048     sysbios.aem4f : BIOS.obj (.text:ti_sysbios_family_arm_m3_Hwi_disableInterrupt__E)
                  0000bd40    00000048                   : BIOS.obj (.text:ti_sysbios_family_arm_m3_Hwi_enableInterrupt__E)
                  0000bd88    00000048                   : BIOS.obj (.text:ti_sysbios_knl_Mailbox_Module_startup__E)
                  0000bdd0    00000048     drivers_msp432p4xx.aem4f : SDSPIMSP432.oem4f (.text:wait_ready)
                  0000be18    00000046     display.aem4f : DisplayUart.oem4f (.text:DisplayUartMin_vprintf)
                  0000be5e    00000046     drivers_msp432p4xx.aem4f : RingBuf.oem4f (.text:RingBuf_put)
                  0000bea4    00000046     sap_uart_pm.aem4f : snp_rpc.oem4f (.text:SNP_RPC_setGATTParam)
                  0000beea    00000006     display.aem4f : DisplayHost.oem4f (.text:DisplayHost_getType)
                  0000bef0    00000046     sysbios.aem4f : BIOS.obj (.text:xdc_runtime_Core_assignParams__I)
                  0000bf36    00000044     dpl_msp432p4xx.aem4f : HwiP_tirtos.oem4f (.text:HwiP_create)
                  0000bf7a    00000002     --HOLE-- [fill = 0]
                  0000bf7c    00000044     mspble.obj (.text:MSPBLE_initServices)
                  0000bfc0    00000044     npi_uart_pm_msp432.aem4f : npi_tl_uart_m_msp432.oem4f (.text:NPITLUART_validPacketFound)
                  0000c004    00000044                              : npi_task.oem4f (.text:NPITask_DeserializeFrame)
                  0000c048    00000044     drivers_msp432p4xx.aem4f : SDSPI.oem4f (.text:SDSPI_init)
                  0000c08c    00000044     msp432p4xx_driverlib.lib : timer_a.o (.text:Timer_A_configureUpMode)
                  0000c0d0    00000044     drivers_msp432p4xx.aem4f : Timer.oem4f (.text:Timer_init)
                  0000c114    00000044                              : UART.oem4f (.text:UART_init)
                  0000c158    00000044     fatfs.aem4f : ff.oem4f (.text:dir_alloc)
                  0000c19c    00000044     drivers_msp432p4xx.aem4f : SDSPIMSP432.oem4f (.text:perfChangeNotifyFxn)
                  0000c1e0    00000044     rtsv7M4_T_le_v4SPD16_eabi.lib : fd_tou_t2.obj (.text)
                  0000c224    00000044     drivers_msp432p4xx.aem4f : SDSPIMSP432.oem4f (.text:rxSPI)
                  0000c268    00000044     sysbios.aem4f : BIOS.obj (.text:ti_sysbios_family_arm_m3_Hwi_getStackInfo__E)
                  0000c2ac    00000004     --HOLE-- [fill = 0]
                  0000c2b0    00000044                   : BIOS.obj (.text:ti_sysbios_family_arm_msp432_Seconds_Module_startup__E)
                  0000c2f4    00000004     --HOLE-- [fill = 0]
                  0000c2f8    00000044                   : BIOS.obj (.text:ti_sysbios_knl_Swi_post__E)
                  0000c33c    00000004     --HOLE-- [fill = 0]
                  0000c340    00000044                   : BIOS.obj (.text:xdc_runtime_System_atexit__E)
                  0000c384    00000040     npi_uart_pm_msp432.aem4f : npi_tl_msp432.oem4f (.text:NPITL_transmissionCallBack)
                  0000c3c4    00000040     drivers_msp432p4xx.aem4f : RingBuf.oem4f (.text:RingBuf_get)
                  0000c404    00000040                              : SDSPI.oem4f (.text:SDSPI_open)
                  0000c444    00000040     sap_uart_pm.aem4f : snp_rpc.oem4f (.text:SNP_RPC_sendHCICommand)
                  0000c484    00000040                       : snp_rpc.oem4f (.text:SNP_RPC_setGAPparam)
                  0000c4c4    00000040     dpl_msp432p4xx.aem4f : SemaphoreP_tirtos.oem4f (.text:SemaphoreP_create)
                  0000c504    00000040     drivers_msp432p4xx.aem4f : UARTMSP432.oem4f (.text:UARTMSP432_read)
                  0000c544    00000040     fatfs.aem4f : ff.oem4f (.text:get_ldnumber)
                  0000c584    00000040     drivers_msp432p4xx.aem4f : PowerMSP432.oem4f (.text:notify)
                  0000c5c4    00000040                              : UARTMSP432.oem4f (.text:perfChangeNotifyFxn)
                  0000c604    00000040                              : PowerMSP432.oem4f (.text:restartHFXT)
                  0000c644    00000040     rtsv7M4_T_le_v4SPD16_eabi.lib : u_divt2.obj (.text)
                  0000c684    00000004     --HOLE-- [fill = 0]
                  0000c688    00000040     sysbios.aem4f : BIOS.obj (.text:ti_sysbios_family_arm_msp432_Timer_Module_startup__E)
                  0000c6c8    00000040                   : BIOS.obj (.text:ti_sysbios_family_arm_msp432_Timer_startup__E)
                  0000c708    00000040                   : BIOS.obj (.text:ti_sysbios_heaps_HeapMem_Instance_init__E)
                  0000c748    0000003c     dpl_msp432p4xx.aem4f : ClockP_tirtos.oem4f (.text:ClockP_create)
                  0000c784    0000003c     sap_uart_pm.aem4f : sap.oem4f (.text:SAP_addToEventCBList)
                  0000c7c0    0000003c                       : snp_rpc.oem4f (.text:SNP_RPC_addService)
                  0000c7fc    0000003c     drivers_msp432p4xx.aem4f : TimerMSP432.oem4f (.text:TimerMSP432_Timer32_stop)
                  0000c838    0000003c                              : Timer.oem4f (.text:Timer_open)
                  0000c874    0000003c                              : UART.oem4f (.text:UART_open)
                  0000c8b0    0000003c     main_tirtos.obj (.text:main)
                  0000c8ec    00000004     --HOLE-- [fill = 0]
                  0000c8f0    0000003c     sysbios.aem4f : BIOS.obj (.text:ti_sysbios_family_arm_m3_Hwi_Instance_finalize__E)
                  0000c92c    00000004     --HOLE-- [fill = 0]
                  0000c930    0000003c                   : BIOS.obj (.text:ti_sysbios_knl_Clock_Instance_init__E)
                  0000c96c    0000003c     release_pem4f.oem4f (.text:ti_sysbios_knl_Clock_create)
                  0000c9a8    0000003c     sysbios.aem4f : BIOS.obj (.text:ti_sysbios_knl_Swi_restore__E)
                  0000c9e4    0000003a     drivers_msp432p4xx.aem4f : TimerMSP432.oem4f (.text:TimerMSP432_close)
                  0000ca1e    00000002     --HOLE-- [fill = 0]
                  0000ca20    00000038     npi_uart_pm_msp432.aem4f : npi_tl_uart_m_msp432.oem4f (.text:NPITLUART_readTransport)
                  0000ca58    00000038                              : npi_tl_msp432.oem4f (.text:NPITL_readTL)
                  0000ca90    00000038     drivers_msp432p4xx.aem4f : PowerMSP432.oem4f (.text:Power_setConstraint)
                  0000cac8    00000038     sap_uart_pm.aem4f : snp_rpc.oem4f (.text:SNP_RPC_setAdvertisementData)
                  0000cb00    00000038     fatfs.aem4f : ff.oem4f (.text:dir_register)
                  0000cb38    00000038     rtsv7M4_T_le_v4SPD16_eabi.lib : fs_tod_t2.obj (.text)
                  0000cb70    00000036     drivers_msp432p4xx.aem4f : UARTMSP432.oem4f (.text:UARTMSP432_readCancel)
                  0000cba6    00000036     fatfs.aem4f : ff.oem4f (.text:move_window)
                  0000cbdc    00000036     rtsv7M4_T_le_v4SPD16_eabi.lib : strncpy.obj (.text)
                  0000cc12    00000002     --HOLE-- [fill = 0]
                  0000cc14    00000034     display.aem4f : DisplayHost.oem4f (.text:DisplayHost_vprintf)
                  0000cc48    00000034     npi_uart_pm_msp432.aem4f : npi_task.oem4f (.text:NPITask_Params_init)
                  0000cc7c    00000034     sap_uart_pm.aem4f : sap.oem4f (.text:SAP_addToAsyncCBList)
                  0000ccb0    00000034                       : sap.oem4f (.text:SAP_reset)
                  0000cce4    00000034                       : snp_rpc.oem4f (.text:SNP_RPC_charConfigUpdatedRsp)
                  0000cd18    00000034                       : snp_rpc.oem4f (.text:SNP_RPC_writeCharCnf)
                  0000cd4c    00000034     drivers_msp432p4xx.aem4f : TimerMSP432.oem4f (.text:TimerMSP432_Timer_A_stop)
                  0000cd80    00000034     fatfs.aem4f : ff.oem4f (.text:dir_remove)
                  0000cdb4    00000034                 : ffcio.oem4f (.text:ffcio_lseek)
                  0000cde8    00000034     release_pem4f.oem4f (.text:ti_sysbios_knl_Semaphore_create)
                  0000ce1c    00000034     fatfs.aem4f : ff.oem4f (.text:validate)
                  0000ce50    00000032     npi_uart_pm_msp432.aem4f : npi_util.oem4f (.text:NPIUtil_enqueueMsg)
                  0000ce82    00000032     sap_uart_pm.aem4f : snp_rpc.oem4f (.text:SNP_RPC_terminateConnection)
                  0000ceb4    00000004     --HOLE-- [fill = 0]
                  0000ceb8    00000032     sysbios.aem4f : BIOS.obj (.text:ti_sysbios_hal_Hwi_initStack)
                  0000ceea    00000002     --HOLE-- [fill = 0]
                  0000ceec    00000030     drivers_msp432p4xx.aem4f : GPIOMSP432.oem4f (.text:GPIO_clearInt)
                  0000cf1c    00000030                              : GPIOMSP432.oem4f (.text:GPIO_disableInt)
                  0000cf4c    00000030                              : GPIOMSP432.oem4f (.text:GPIO_enableInt)
                  0000cf7c    00000030     npi_uart_pm_msp432.aem4f : npi_task.oem4f (.text:NPITask_processRXQ)
                  0000cfac    00000030     sap_uart_pm.aem4f : sap.oem4f (.text:SAP_initParams)
                  0000cfdc    00000030                       : snp_rpc.oem4f (.text:SNP_RPC_setSecurityParam)
                  0000d00c    00000030                       : snp_rpc.oem4f (.text:SNP_sendSynchronousCmd)
                  0000d03c    00000030                       : sap.oem4f (.text:getEventCallbacks)
                  0000d06c    00000030     msp432p4xx_driverlib.lib : spi.o (.text:is_A_Module)
                  0000d09c    00000030     drivers_msp432p4xx.aem4f : SDSPIMSP432.oem4f (.text:mapPin)
                  0000d0cc    00000030                              : UARTMSP432.oem4f (.text:mapPin)
                  0000d0fc    00000030     release_pem4f.oem4f (.text:ti_sysbios_BIOS_atExitFunc__I)
                  0000d12c    00000030     release_pem4f.oem4f (.text:ti_sysbios_BIOS_startFunc__I)
                  0000d15c    00000004     --HOLE-- [fill = 0]
                  0000d160    00000030     sysbios.aem4f : BIOS.obj (.text:ti_sysbios_family_arm_m3_TaskSupport_start__E)
                  0000d190    00000030     release_pem4f.oem4f (.text:ti_sysbios_gates_GateHwi_Object__create__S)
                  0000d1c0    00000030     release_pem4f.oem4f (.text:ti_sysbios_gates_GateMutex_Object__create__S)
                  0000d1f0    00000030     sysbios.aem4f : BIOS.obj (.text:ti_sysbios_gates_GateMutex_enter__E)
                  0000d220    00000030     release_pem4f.oem4f (.text:ti_sysbios_heaps_HeapMem_Object__create__S)
                  0000d250    00000030     release_pem4f.oem4f (.text:ti_sysbios_knl_Event_create)
                  0000d280    00000030     sysbios.aem4f : BIOS.obj (.text:ti_sysbios_knl_Event_pendTimeout__I)
                  0000d2b0    00000030                   : BIOS.obj (.text:ti_sysbios_knl_Mailbox_postInit__I)
                  0000d2e0    00000030     release_pem4f.oem4f (.text:ti_sysbios_knl_Queue_create)
                  0000d310    00000030     release_pem4f.oem4f (.text:ti_sysbios_knl_Semaphore_construct)
                  0000d340    00000030     sysbios.aem4f : BIOS.obj (.text:ti_sysbios_knl_Semaphore_pendTimeout__I)
                  0000d370    00000030                   : BIOS.obj (.text:ti_sysbios_knl_Task_processVitalTaskFlag__I)
                  0000d3a0    00000030                   : BIOS.obj (.text:ti_sysbios_knl_Task_unblockI__E)
                  0000d3d0    00000030                   : BIOS.obj (.text:xdc_runtime_System_processAtExit__E)
                  0000d400    0000002e     npi_uart_pm_msp432.aem4f : npi_task.oem4f (.text:NPITask_SerializeFrame)
                  0000d42e    0000002e     release_pem4f.oem4f (.text:malloc)
                  0000d45c    0000002e     rtsv7M4_T_le_v4SPD16_eabi.lib : i_tofd_t2.obj (.text)
                  0000d48a    00000002     --HOLE-- [fill = 0]
                  0000d48c    0000002c     npi_uart_pm_msp432.aem4f : npi_task.oem4f (.text:NPITask_routeHostToSS)
                  0000d4b8    0000002c     dpl_msp432p4xx.aem4f : PowerMSP432_tirtos.oem4f (.text:PowerMSP432_updateFreqs)
                  0000d4e4    0000002c     fatfs.aem4f : diskio.oem4f (.text:disk_register)
                  0000d510    0000002c     release_pem4f.oem4f (.text:ti_sysbios_knl_Clock_doTick__I)
                  0000d53c    0000002c     release_pem4f.oem4f (.text:ti_sysbios_knl_Queue_construct)
                  0000d568    0000002c     sysbios.aem4f : BIOS.obj (.text:ti_sysbios_knl_Task_restore__E)
                  0000d594    00000004     --HOLE-- [fill = 0]
                  0000d598    0000002c                   : BIOS.obj (.text:usleep)
                  0000d5c4    0000002a     display.aem4f : Display.oem4f (.text:Display_doPrintf)
                  0000d5ee    0000002a     sap_uart_pm.aem4f : snp_rpc.oem4f (.text:SNP_RPC_setWhiteListParam)
                  0000d618    0000002a     release_pem4f.oem4f (.text:calloc)
                  0000d642    00000006     display.aem4f : DisplayUart.oem4f (.text:DisplayUartMin_control)
                  0000d648    0000002a     sysbios.aem4f : BIOS.obj (.text:xdc_runtime_System_putchar__I)
                  0000d672    00000002     --HOLE-- [fill = 0]
                  0000d674    00000028     display.aem4f : Display.oem4f (.text:Display_doInit)
                  0000d69c    00000028     npi_uart_pm_msp432.aem4f : npi_tl_uart_m_msp432.oem4f (.text:NPITLUART_openTransport)
                  0000d6c4    00000028                              : npi_tl_msp432.oem4f (.text:NPITL_getRxBufLen)
                  0000d6ec    00000028     drivers_msp432p4xx.aem4f : PowerMSP432.oem4f (.text:Power_registerNotify)
                  0000d714    00000028     sap_uart_pm.aem4f : snp_rpc_synchro.oem4f (.text:SNP_open)
                  0000d73c    00000028     drivers_msp432p4xx.aem4f : PowerMSP432.oem4f (.text:disableHFXT)
                  0000d764    00000028     fatfs.aem4f : diskio.oem4f (.text:disk_unregister)
                  0000d78c    00000028     drivers_msp432p4xx.aem4f : UARTMSP432.oem4f (.text:findBaudDividerIndex)
                  0000d7b4    00000004     --HOLE-- [fill = 0]
                  0000d7b8    00000028     sysbios.aem4f : BIOS.obj (.text:ti_sysbios_knl_Clock_addI__E)
                  0000d7e0    00000028                   : BIOS.obj (.text:ti_sysbios_knl_Swi_Module_startup__E)
                  0000d808    00000026     drivers_msp432p4xx.aem4f : List.oem4f (.text:List_put)
                  0000d82e    00000026     sysbios.aem4f : m3_Hwi_asm.obj (.text:ti_sysbios_family_arm_m3_Hwi_pendSV__I)
                  0000d854    00000024     msp432p4xx_driverlib.lib : cs.o (.text:CS_setDCOCenteredFrequency)
                  0000d878    00000024     manager_service.obj (.text:ManagerService_getParameter)
                  0000d89c    00000024     npi_uart_pm_msp432.aem4f : npi_tl_msp432.oem4f (.text:NPITL_checkNpiBusy)
                  0000d8c0    00000024                              : npi_task.oem4f (.text:NPITask_regSSFromHostCB)
                  0000d8e4    00000024     msp432p4xx_driverlib.lib : timer32.o (.text:Timer32_setCount)
                  0000d908    00000024     fatfs.aem4f : diskio.oem4f (.text:disk_ioctl)
                  0000d92c    00000024                 : diskio.oem4f (.text:disk_read)
                  0000d950    00000024                 : ff.oem4f (.text:f_close)
                  0000d974    00000024     release_pem4f.oem4f (.text:ti_sysbios_BIOS_registerRTSLock__I)
                  0000d998    00000024     release_pem4f.oem4f (.text:ti_sysbios_BIOS_removeRTSLock__I)
                  0000d9bc    00000004     --HOLE-- [fill = 0]
                  0000d9c0    00000024     sysbios.aem4f : BIOS.obj (.text:ti_sysbios_family_arm_msp432_ClockFreqs_setFrequency__E)
                  0000d9e4    00000024     release_pem4f.oem4f (.text:ti_sysbios_gates_GateMutex_Object__delete__S)
                  0000da08    00000024     sysbios.aem4f : BIOS.obj (.text:ti_sysbios_knl_Clock_Module_startup__E)
                  0000da2c    00000024     release_pem4f.oem4f (.text:ti_sysbios_knl_Clock_Object__delete__S)
                  0000da50    00000024     sysbios.aem4f : BIOS.obj (.text:ti_sysbios_knl_Clock_start__E)
                  0000da74    00000004     --HOLE-- [fill = 0]
                  0000da78    00000024                   : BIOS.obj (.text:ti_sysbios_knl_Semaphore_Instance_init__E)
                  0000da9c    00000024     release_pem4f.oem4f (.text:ti_sysbios_knl_Semaphore_Object__delete__S)
                  0000dac0    00000024     sysbios.aem4f : BIOS.obj (.text:ti_sysbios_knl_Task_restoreHwi__E)
                  0000dae4    00000004     --HOLE-- [fill = 0]
                  0000dae8    00000024                   : BIOS.obj (.text:xdc_runtime_Error_policyMin__E)
                  0000db0c    00000004     --HOLE-- [fill = 0]
                  0000db10    00000024                   : BIOS.obj (.text:xdc_runtime_System_abort__E)
                  0000db34    00000022     sap_uart_pm.aem4f : snp_rpc.oem4f (.text:SNP_RPC_registerService)
                  0000db56    00000002     --HOLE-- [fill = 0]
                  0000db58    00000020     drivers_msp432p4xx.aem4f : GPIOMSP432.oem4f (.text:GPIO_read)
                  0000db78    00000020     npi_uart_pm_msp432.aem4f : npi_tl_msp432.oem4f (.text:NPITL_relPM)
                  0000db98    00000020                              : npi_tl_msp432.oem4f (.text:NPITL_setPM)
                  0000dbb8    00000020                              : npi_util.oem4f (.text:NPIUtil_dequeueMsg)
                  0000dbd8    00000020     drivers_msp432p4xx.aem4f : PowerMSP432.oem4f (.text:Power_unregisterNotify)
                  0000dbf8    00000020                              : RingBuf.oem4f (.text:RingBuf_peek)
                  0000dc18    00000020     msp432p4xx_driverlib.lib : timer32.o (.text:Timer32_startTimer)
                  0000dc38    00000020                              : timer_a.o (.text:Timer_A_disableCaptureCompareInterrupt)
                  0000dc58    00000020                              : timer_a.o (.text:Timer_A_enableCaptureCompareInterrupt)
                  0000dc78    00000020     fatfs.aem4f : diskio.oem4f (.text:disk_write)
                  0000dc98    00000020                 : ffcio.oem4f (.text:ffcio_close)
                  0000dcb8    00000020                 : ffcio.oem4f (.text:ffcio_read)
                  0000dcd8    00000020                 : ffcio.oem4f (.text:ffcio_write)
                  0000dcf8    00000020     rtsv7M4_T_le_v4SPD16_eabi.lib : memchr.obj (.text)
                  0000dd18    00000020                                   : u_tofd_t2.obj (.text)
                  0000dd38    00000020     drivers_msp432p4xx.aem4f : SDSPIMSP432.oem4f (.text:takeSPIBus)
                  0000dd58    00000020     release_pem4f.oem4f (.text:ti_sysbios_BIOS_rtsLock__I)
                  0000dd78    00000020     release_pem4f.oem4f (.text:ti_sysbios_family_arm_m3_Hwi_Object__delete__S)
                  0000dd98    00000020     sysbios.aem4f : m3_Hwi_asm.obj (.text:ti_sysbios_family_arm_m3_Hwi_excHandlerAsm__I)
                  0000ddb8    00000020                   : BIOS.obj (.text:ti_sysbios_family_arm_m3_Hwi_excHandler__I)
                  0000ddd8    00000020     release_pem4f.oem4f (.text:ti_sysbios_gates_GateHwi_Object__delete__S)
                  0000ddf8    00000020     release_pem4f.oem4f (.text:ti_sysbios_heaps_HeapMem_Object__delete__S)
                  0000de18    00000020     sysbios.aem4f : BIOS.obj (.text:ti_sysbios_knl_Idle_run__E)
                  0000de38    00000020     release_pem4f.oem4f (.text:ti_sysbios_knl_Semaphore_destruct)
                  0000de58    0000001e     fatfs.aem4f : ff.oem4f (.text:ld_clust)
                  0000de76    0000001e     rtsv7M4_T_le_v4SPD16_eabi.lib : strcat.obj (.text)
                  0000de94    0000001e     sysbios.aem4f : m3_Hwi_asm_switch.obj (.text:ti_sysbios_family_xxx_Hwi_switchAndRunFunc)
                  0000deb2    0000001c     data_service.obj (.text:Data_processSNPEventCB)
                  0000dece    00000002     --HOLE-- [fill = 0]
                  0000ded0    0000001c     mspble.obj (.text:MSPBLE_processStreamServicecccdCB)
                  0000deec    0000001c     manager_service.obj (.text:Manager_processSNPEventCB)
                  0000df08    0000001c     npi_uart_pm_msp432.aem4f : npi_util.oem4f (.text:NPIUtil_EnterCS)
                  0000df24    0000001c     sap_uart_pm.aem4f : snp_rpc.oem4f (.text:SNP_RPC_stopAdvertising)
                  0000df40    0000001c                       : snp_rpc.oem4f (.text:SNP_buildNPIPacket)
                  0000df5c    0000001c     stream_service.obj (.text:Stream_processSNPEventCB)
                  0000df78    0000001c     drivers_msp432p4xx.aem4f : TimerMSP432.oem4f (.text:TimerMSP432_Timer32_getCount)
                  0000df94    0000001c                              : TimerMSP432.oem4f (.text:TimerMSP432_Timer_A_getCount)
                  0000dfb0    0000001c     msp432p4xx_driverlib.lib : timer_a.o (.text:Timer_A_getCounterValue)
                  0000dfcc    0000001c     fatfs.aem4f : diskio.oem4f (.text:disk_initialize)
                  0000dfe8    0000001c                 : diskio.oem4f (.text:disk_status)
                  0000e004    0000001c                 : ff.oem4f (.text:mem_cmp)
                  0000e020    0000001c     rtsv7M4_T_le_v4SPD16_eabi.lib : memccpy.obj (.text)
                  0000e03c    00000004     --HOLE-- [fill = 0]
                  0000e040    0000001c     sysbios.aem4f : BIOS.obj (.text:ti_sysbios_gates_GateMutex_Instance_init__E)
                  0000e05c    00000004     --HOLE-- [fill = 0]
                  0000e060    0000001c                   : BIOS.obj (.text:ti_sysbios_knl_Clock_Instance_finalize__E)
                  0000e07c    0000001c     release_pem4f.oem4f (.text:ti_sysbios_knl_Queue_destruct)
                  0000e098    0000001c     sysbios.aem4f : BIOS.obj (.text:ti_sysbios_knl_Queue_put__E)
                  0000e0b4    00000004     --HOLE-- [fill = 0]
                  0000e0b8    0000001c                   : BIOS.obj (.text:ti_sysbios_knl_Task_enter__I)
                  0000e0d4    00000004     --HOLE-- [fill = 0]
                  0000e0d8    0000001c                   : BIOS.obj (.text:xdc_runtime_Memory_valloc__E)
                  0000e0f4    0000001a     sap_uart_pm.aem4f : sap.oem4f (.text:SAP_setServiceParam)
                  0000e10e    0000001a     msp432p4xx_driverlib.lib : timer_a.o (.text:Timer_A_clearCaptureCompareInterrupt)
                  0000e128    0000001a     fatfs.aem4f : ff.oem4f (.text:unlock_fs)
                  0000e142    00000002     --HOLE-- [fill = 0]
                  0000e144    00000018     release_pem4f.oem4f (.text:.bootCodeSection:ti_sysbios_family_arm_msp432_init_Boot_init__I)
                  0000e15c    00000018     mspble.obj (.text:MSPBLE_processDataServiceCB)
                  0000e174    00000018     npi_uart_pm_msp432.aem4f : npi_tl_uart_m_msp432.oem4f (.text:NPITLUART_calcFCS)
                  0000e18c    00000018                              : npi_task.oem4f (.text:NPITask_mallocFrame)
                  0000e1a4    00000018     drivers_msp432p4xx.aem4f : PowerMSP432.oem4f (.text:Power_idleFunc)
                  0000e1bc    00000018                              : UART.oem4f (.text:UART_Params_init)
                  0000e1d4    00000018     fatfs.aem4f : ff.oem4f (.text:clust2sect)
                  0000e1ec    00000018                 : ffosal.oem4f (.text:ff_cre_syncobj)
                  0000e204    00000018     release_pem4f.oem4f (.text:free)
                  0000e21c    00000018     rtsv7M4_T_le_v4SPD16_eabi.lib : args_main.obj (.text)
                  0000e234    00000018                                   : strcmp.obj (.text)
                  0000e24c    00000018     release_pem4f.oem4f (.text:ti_sysbios_BIOS_rtsUnlock__I)
                  0000e264    00000018     release_pem4f.oem4f (.text:ti_sysbios_family_arm_m3_Hwi_Module__startupDone__F)
                  0000e27c    00000018     sysbios.aem4f : m3_TaskSupport_asm.obj (.text:ti_sysbios_family_arm_m3_TaskSupport_swap__E)
                  0000e294    00000018     release_pem4f.oem4f (.text:ti_sysbios_family_arm_msp432_Timer_Module__startupDone__F)
                  0000e2ac    00000018     release_pem4f.oem4f (.text:ti_sysbios_gates_GateHwi_Handle__label__S)
                  0000e2c4    00000018     release_pem4f.oem4f (.text:ti_sysbios_gates_GateMutex_Handle__label__S)
                  0000e2dc    00000004     --HOLE-- [fill = 0]
                  0000e2e0    00000018     sysbios.aem4f : BIOS.obj (.text:ti_sysbios_gates_GateMutex_leave__E)
                  0000e2f8    00000018     release_pem4f.oem4f (.text:ti_sysbios_heaps_HeapMem_Handle__label__S)
                  0000e310    00000018     sysbios.aem4f : BIOS.obj (.text:ti_sysbios_knl_Task_sleepTimeout__I)
                  0000e328    00000018     release_pem4f.oem4f (.text:time)
                  0000e340    00000018     sysbios.aem4f : BIOS.obj (.text:xdc_runtime_Error_init__E)
                  0000e358    00000018                   : BIOS.obj (.text:xdc_runtime_System_exit__E)
                  0000e370    00000016     display.aem4f : DisplayUart.oem4f (.text:DisplayUartMin_close)
                  0000e386    00000016     drivers_msp432p4xx.aem4f : List.oem4f (.text:List_remove)
                  0000e39c    00000016     fatfs.aem4f : ff.oem4f (.text:mem_cpy)
                  0000e3b2    00000016     rtsv7M4_T_le_v4SPD16_eabi.lib : strchr.obj (.text)
                  0000e3c8    00000016     release_pem4f.oem4f (.text:ti_sysbios_BIOS_exitFunc__I)
                  0000e3de    00000016     mspble.obj (.text:ti_sysbios_knl_Task_Params_init)
                  0000e3f4    00000004     --HOLE-- [fill = 0]
                  0000e3f8    00000016     sysbios.aem4f : BIOS.obj (.text:ti_sysbios_knl_Task_unblock__E)
                  0000e40e    00000002     --HOLE-- [fill = 0]
                  0000e410    00000014     sap_uart_pm.aem4f : snp_rpc.oem4f (.text:SNP_RPC_registerSAPCBs)
                  0000e424    00000014                       : snp_rpc.oem4f (.text:SNP_sendAsyncCmd)
                  0000e438    00000014     drivers_msp432p4xx.aem4f : UARTMSP432.oem4f (.text:clearTXCPTIFG)
                  0000e44c    00000014     fatfs.aem4f : ffosal.oem4f (.text:ff_req_grant)
                  0000e460    00000014     mspble.obj (.text:hc_setReady)
                  0000e474    00000014     fatfs.aem4f : ff.oem4f (.text:mem_set)
                  0000e488    00000014     rtsv7M4_T_le_v4SPD16_eabi.lib : _lock.obj (.text)
                  0000e49c    00000014                                   : s_copysign.obj (.text)
                  0000e4b0    00000014                                   : strcpy.obj (.text)
                  0000e4c4    00000014                                   : strlen.obj (.text)
                  0000e4d8    00000014     release_pem4f.oem4f (.text:ti_sysbios_family_arm_m3_Hwi_Object__get__S)
                  0000e4ec    00000004     --HOLE-- [fill = 0]
                  0000e4f0    00000014     sysbios.aem4f : BIOS.obj (.text:ti_sysbios_family_arm_m3_Hwi_switchFromBootStack__E)
                  0000e504    00000014     release_pem4f.oem4f (.text:ti_sysbios_heaps_HeapMem_Object__get__S)
                  0000e518    00000014     sysbios.aem4f : BIOS.obj (.text:ti_sysbios_knl_Event_Instance_init__E)
                  0000e52c    00000014     release_pem4f.oem4f (.text:ti_sysbios_knl_Swi_Object__get__S)
                  0000e540    00000012     dpl_msp432p4xx.aem4f : ClockP_tirtos.oem4f (.text:ClockP_start)
                  0000e552    00000012     npi_uart_pm_msp432.aem4f : npi_util.oem4f (.text:NPIUtil_ExitCS)
                  0000e564    00000012     drivers_msp432p4xx.aem4f : RingBuf.oem4f (.text:RingBuf_construct)
                  0000e576    00000012                              : SDSPIMSP432.oem4f (.text:SDSPIMSP432_init)
                  0000e588    00000012     dpl_msp432p4xx.aem4f : SemaphoreP_tirtos.oem4f (.text:SemaphoreP_pend)
                  0000e59a    00000012     fatfs.aem4f : ff.oem4f (.text:chk_chr)
                  0000e5ac    00000012                 : ffcio.oem4f (.text:ffcio_rename)
                  0000e5be    00000012                 : ffcio.oem4f (.text:ffcio_unlink)
                  0000e5d0    00000012     sysbios.aem4f : BIOS.obj (.text:ti_sysbios_hal_Hwi_Module_startup__E)
                  0000e5e2    00000012     release_pem4f.oem4f (.text:xdc_runtime_Startup_exec__I)
                  0000e5f4    00000010     mspble.obj (.text:MSPBLE_processDataServicecccdCB)
                  0000e604    00000010     mspble.obj (.text:MSPBLE_processManagerServicecccdCB)
                  0000e614    00000010     drivers_msp432p4xx.aem4f : PowerMSP432.oem4f (.text:PowerMSP432_getNumPerfLevels)
                  0000e624    00000010                              : SDSPIMSP432.oem4f (.text:SDSPIMSP432_diskStatus)
                  0000e634    00000010                              : SDSPI.oem4f (.text:SDSPI_Params_init)
                  0000e644    00000010     sap_uart_pm.aem4f : snp_rpc_synchro.oem4f (.text:SNP_enterCS)
                  0000e654    00000010                       : snp_rpc_synchro.oem4f (.text:SNP_waitForResponse)
                  0000e664    00000010     msp432p4xx_driverlib.lib : sysctl.o (.text:SysCtl_disableNMISource)
                  0000e674    00000010                              : sysctl.o (.text:SysCtl_enableNMISource)
                  0000e684    00000010                              : sysctl.o (.text:SysCtl_getNMISourceStatus)
                  0000e694    00000010     drivers_msp432p4xx.aem4f : TimerMSP432.oem4f (.text:TimerMSP432_Timer32_control)
                  0000e6a4    00000010     msp432p4xx_driverlib.lib : timer_a.o (.text:Timer_A_clearTimer)
                  0000e6b4    00000010     drivers_msp432p4xx.aem4f : Timer.oem4f (.text:Timer_Params_init)
                  0000e6c4    00000010                              : UARTMSP432.oem4f (.text:readBlockingTimeout)
                  0000e6d4    00000010     fatfs.aem4f : ff.oem4f (.text:st_clust)
                  0000e6e4    00000004     --HOLE-- [fill = 0]
                  0000e6e8    00000010     sysbios.aem4f : BIOS.obj (.text:ti_sysbios_BIOS_exit__E)
                  0000e6f8    00000010                   : BIOS.obj (.text:ti_sysbios_BIOS_setCpuFreq__E)
                  0000e708    00000010                   : BIOS.obj (.text:ti_sysbios_BIOS_setThreadType__E)
                  0000e718    00000010                   : BIOS.obj (.text:ti_sysbios_BIOS_start__E)
                  0000e728    00000010                   : m3_TaskSupport_asm.obj (.text:ti_sysbios_family_arm_m3_TaskSupport_glue)
                  0000e738    00000010                   : BIOS.obj (.text:ti_sysbios_family_arm_msp432_init_Boot_disableWatchdog)
                  0000e748    00000010                   : BIOS.obj (.text:ti_sysbios_gates_GateMutex_Instance_finalize__E)
                  0000e758    00000010     release_pem4f.oem4f (.text:ti_sysbios_knl_Mailbox_Object__get__S)
                  0000e768    00000010     sysbios.aem4f : BIOS.obj (.text:ti_sysbios_knl_Semaphore_Instance_finalize__E)
                  0000e778    00000010                   : BIOS.obj (.text:ti_sysbios_knl_Swi_disable__E)
                  0000e788    00000010     release_pem4f.oem4f (.text:ti_sysbios_knl_Task_Object__get__S)
                  0000e798    00000010     sysbios.aem4f : BIOS.obj (.text:ti_sysbios_knl_Task_disable__E)
                  0000e7a8    00000010                   : BIOS.obj (.text:xdc_runtime_Gate_leaveSystem__E)
                  0000e7b8    00000010                   : BIOS.obj (.text:xdc_runtime_Memory_free__E)
                  0000e7c8    00000010                   : BIOS.obj (.text:xdc_runtime_SysCallback_abort__E)
                  0000e7d8    00000010                   : BIOS.obj (.text:xdc_runtime_SysCallback_exit__E)
                  0000e7e8    00000010                   : BIOS.obj (.text:xdc_runtime_SysCallback_putch__E)
                  0000e7f8    00000010                   : BIOS.obj (.text:xdc_runtime_SysCallback_ready__E)
                  0000e808    00000010                   : BIOS.obj (.text:xdc_runtime_System_vsnprintf__E)
                  0000e818    0000000e     dpl_msp432p4xx.aem4f : ClockP_tirtos.oem4f (.text:ClockP_delete)
                  0000e826    0000000e                          : HwiP_tirtos.oem4f (.text:HwiP_Params_init)
                  0000e834    0000000e                          : HwiP_tirtos.oem4f (.text:HwiP_delete)
                  0000e842    0000000e                          : SemaphoreP_tirtos.oem4f (.text:SemaphoreP_delete)
                  0000e850    0000000e     rtsv7M4_T_le_v4SPD16_eabi.lib : copy_decompress_none.obj (.text:decompress:none)
                  0000e85e    00000002     --HOLE-- [fill = 0]
                  0000e860    0000000e     sysbios.aem4f : BIOS.obj (.text:ti_sysbios_knl_Idle_loop__E)
                  0000e86e    00000002     --HOLE-- [fill = 0]
                  0000e870    0000000e                   : BIOS.obj (.text:ti_sysbios_knl_Queue_empty__E)
                  0000e87e    0000000c     msp432p4xx_driverlib.lib : cpu.o (.text:CPU_cpsid)
                  0000e88a    0000000c                              : cpu.o (.text:CPU_cpsie)
                  0000e896    00000002     --HOLE-- [fill = 0]
                  0000e898    0000000c     dpl_msp432p4xx.aem4f : ClockP_tirtos.oem4f (.text:ClockP_getSystemTickPeriod)
                  0000e8a4    0000000c     mspble.obj (.text:MSPBLE_processStreamServiceCB)
                  0000e8b0    0000000c     sap_uart_pm.aem4f : npi_ss_ble_sap.oem4f (.text:NPISS_BLE_SNP_init)
                  0000e8bc    0000000c     drivers_msp432p4xx.aem4f : PowerMSP432.oem4f (.text:Power_getConstraintMask)
                  0000e8c8    0000000c                              : PowerMSP432.oem4f (.text:Power_getPerformanceLevel)
                  0000e8d4    0000000c     sap_uart_pm.aem4f : snp_rpc_synchro.oem4f (.text:SNP_exitCS)
                  0000e8e0    0000000c                       : snp_rpc_synchro.oem4f (.text:SNP_responseReceived)
                  0000e8ec    0000000c     msp432p4xx_driverlib.lib : timer_a.o (.text:Timer_A_stopTimer)
                  0000e8f8    0000000c     rtsv7M4_T_le_v4SPD16_eabi.lib : copy_zero_init.obj (.text:decompress:ZI)
                  0000e904    0000000c     release_pem4f.oem4f (.text:ti_sysbios_family_arm_m3_Hwi_Params__init__S)
                  0000e910    0000000c     sysbios.aem4f : BIOS.obj (.text:ti_sysbios_family_arm_m3_Hwi_disableFxn__E)
                  0000e91c    00000004     --HOLE-- [fill = 0]
                  0000e920    0000000c                   : BIOS.obj (.text:ti_sysbios_family_arm_m3_TaskSupport_getStackAlignment__E)
                  0000e92c    00000004     --HOLE-- [fill = 0]
                  0000e930    0000000c                   : BIOS.obj (.text:ti_sysbios_family_arm_msp432_Timer_getMaxTicks__E)
                  0000e93c    00000004     --HOLE-- [fill = 0]
                  0000e940    0000000c                   : BIOS.obj (.text:ti_sysbios_gates_GateHwi_enter__E)
                  0000e94c    0000000c     release_pem4f.oem4f (.text:ti_sysbios_knl_Clock_Params__init__S)
                  0000e958    0000000c     sysbios.aem4f : BIOS.obj (.text:ti_sysbios_knl_Clock_getTicks__E)
                  0000e964    0000000c     release_pem4f.oem4f (.text:ti_sysbios_knl_Queue_Object__get__S)
                  0000e970    0000000c     sysbios.aem4f : BIOS.obj (.text:ti_sysbios_knl_Queue_dequeue__E)
                  0000e97c    00000004     --HOLE-- [fill = 0]
                  0000e980    0000000c                   : BIOS.obj (.text:ti_sysbios_knl_Queue_enqueue__E)
                  0000e98c    0000000c     release_pem4f.oem4f (.text:ti_sysbios_knl_Semaphore_Params__init__S)
                  0000e998    0000000c     release_pem4f.oem4f (.text:ti_sysbios_knl_Task_Params__init__S)
                  0000e9a4    00000004     --HOLE-- [fill = 0]
                  0000e9a8    0000000c     sysbios.aem4f : BIOS.obj (.text:xdc_runtime_Gate_enterSystem__E)
                  0000e9b4    00000004     --HOLE-- [fill = 0]
                  0000e9b8    0000000c                   : BIOS.obj (.text:xdc_runtime_Startup_rtsDone__E)
                  0000e9c4    0000000a     dpl_msp432p4xx.aem4f : ClockP_tirtos.oem4f (.text:ClockP_stop)
                  0000e9ce    0000000a                          : SemaphoreP_tirtos.oem4f (.text:SemaphoreP_Params_init)
                  0000e9d8    0000000a                          : SemaphoreP_tirtos.oem4f (.text:SemaphoreP_post)
                  0000e9e2    0000000a     msp432p4xx_driverlib.lib : timer32.o (.text:Timer32_clearInterruptFlag)
                  0000e9ec    0000000a                              : timer32.o (.text:Timer32_disableInterrupt)
                  0000e9f6    0000000a                              : timer32.o (.text:Timer32_enableInterrupt)
                  0000ea00    0000000a                              : timer32.o (.text:Timer32_haltTimer)
                  0000ea0a    0000000a     drivers_msp432p4xx.aem4f : TimerMSP432.oem4f (.text:TimerMSP432_init)
                  0000ea14    0000000a                              : Timer.oem4f (.text:Timer_start)
                  0000ea1e    0000000a                              : UART.oem4f (.text:UART_close)
                  0000ea28    0000000a                              : UART.oem4f (.text:UART_control)
                  0000ea32    0000000a                              : UART.oem4f (.text:UART_read)
                  0000ea3c    0000000a                              : UART.oem4f (.text:UART_write)
                  0000ea46    0000000a     fatfs.aem4f : ffosal.oem4f (.text:ff_del_syncobj)
                  0000ea50    0000000a     release_pem4f.oem4f (.text:xdc_runtime_IHeap_alloc)
                  0000ea5a    0000000a     release_pem4f.oem4f (.text:xdc_runtime_IHeap_free)
                  0000ea64    00000008     dpl_msp432p4xx.aem4f : ClockP_tirtos.oem4f (.text:ClockP_Params_init)
                  0000ea6c    00000008     msp432p4xx_driverlib.lib : timer_a.o (.text:Timer_A_startCounter)
                  0000ea74    00000008     drivers_msp432p4xx.aem4f : UARTMSP432.oem4f (.text:readSemCallback)
                  0000ea7c    00000004     --HOLE-- [fill = 0]
                  0000ea80    00000008     sysbios.aem4f : BIOS.obj (.text:ti_sysbios_family_arm_m3_Hwi_doSwiRestore__I)
                  0000ea88    00000008                   : BIOS.obj (.text:ti_sysbios_family_arm_m3_Hwi_startup__E)
                  0000ea90    00000008     drivers_msp432p4xx.aem4f : UARTMSP432.oem4f (.text:txcptEnabledStatus)
                  0000ea98    00000008                              : UARTMSP432.oem4f (.text:writeSemCallback)
                  0000eaa0    00000006     display.aem4f : DisplayUart.oem4f (.text:DisplayUartMin_getType)
                  0000eaa6    00000006     drivers_msp432p4xx.aem4f : SDSPIMSP432.oem4f (.text:SDSPIMSP432_control)
                  0000eaac    00000006                              : TimerMSP432.oem4f (.text:TimerMSP432_Timer_A_control)
                  0000eab2    00000006     fatfs.aem4f : ff.oem4f (.text:lock_fs)
                  0000eab8    00000006     sysbios.aem4f : BIOS.obj (.text:ti_sysbios_family_arm_m3_Hwi_doTaskRestore__I)
                  0000eabe    00000002     --HOLE-- [fill = 0]
                  0000eac0    00000006                   : BIOS.obj (.text:ti_sysbios_family_arm_m3_Hwi_restoreFxn__E)
                  0000eac6    00000002     --HOLE-- [fill = 0]
                  0000eac8    00000006                   : BIOS.obj (.text:ti_sysbios_gates_GateHwi_leave__E)
                  0000eace    00000002     --HOLE-- [fill = 0]
                  0000ead0    00000006                   : BIOS.obj (.text:ti_sysbios_heaps_HeapMem_isBlocking__E)
                  0000ead6    00000002     --HOLE-- [fill = 0]
                  0000ead8    00000006                   : BIOS.obj (.text:ti_sysbios_knl_Clock_stop__E)
                  0000eade    00000002     --HOLE-- [fill = 0]
                  0000eae0    00000006                   : BIOS.obj (.text:ti_sysbios_knl_Queue_Instance_init__E)
                  0000eae6    00000002     --HOLE-- [fill = 0]
                  0000eae8    00000006                   : BIOS.obj (.text:ti_sysbios_knl_Swi_startup__E)
                  0000eaee    00000002     --HOLE-- [fill = 0]
                  0000eaf0    00000006                   : BIOS.obj (.text:xdc_runtime_System_Module_startup__E)
                  0000eaf6    00000002     --HOLE-- [fill = 0]
                  0000eaf8    00000004                   : BIOS.obj (.text:ti_sysbios_gates_GateHwi_query__E)
                  0000eafc    00000004     --HOLE-- [fill = 0]
                  0000eb00    00000004                   : BIOS.obj (.text:ti_sysbios_gates_GateMutex_query__E)
                  0000eb04    00000004     --HOLE-- [fill = 0]
                  0000eb08    00000004                   : BIOS.obj (.text:ti_sysbios_knl_Clock_setTimeout__E)
                  0000eb0c    00000004     --HOLE-- [fill = 0]
                  0000eb10    00000004                   : BIOS.obj (.text:ti_sysbios_knl_Task_startup__E)
                  0000eb14    00000004     --HOLE-- [fill = 0]
                  0000eb18    00000004                   : BIOS.obj (.text:xdc_runtime_SysCallback_defaultReady)
                  0000eb1c    00000004     --HOLE-- [fill = 0]
                  0000eb20    00000002                   : BIOS.obj (.text:ti_sysbios_BIOS_linkedWithIncorrectBootLibrary__E)
                  0000eb22    00000006     --HOLE-- [fill = 0]
                  0000eb28    00000002                   : BIOS.obj (.text:ti_sysbios_gates_GateHwi_Instance_init__E)
                  0000eb2a    00000006     --HOLE-- [fill = 0]
                  0000eb30    00000002                   : BIOS.obj (.text:ti_sysbios_knl_Clock_logTick__E)
                  0000eb32    00000006     --HOLE-- [fill = 0]
                  0000eb38    00000002                   : BIOS.obj (.text:xdc_runtime_SysCallback_defaultAbort)
                  0000eb3a    00000006     --HOLE-- [fill = 0]
                  0000eb40    00000002                   : BIOS.obj (.text:xdc_runtime_SysCallback_defaultExit)
                  0000eb42    00000006     --HOLE-- [fill = 0]
                  0000eb48    00000002                   : BIOS.obj (.text:xdc_runtime_SysCallback_defaultPutch)
                  0000eb4a    00000006     --HOLE-- [fill = 0]
                  0000eb50    00000002                   : BIOS.obj (.text:xdc_runtime_System_abortSpin__E)
                  0000eb52    00000006     --HOLE-- [fill = 0]
                  0000eb58    00000002                   : BIOS.obj (.text:xdc_runtime_System_exitSpin__E)

.const     0    0000eb5c    0000094a     
                  0000eb5c    00000101     rtsv7M4_T_le_v4SPD16_eabi.lib : ctype.obj (.const:.string:_ctypes_)
                  0000ec5d    00000001     display.aem4f : Display.oem4f (.const:Display_defaultParams)
                  0000ec5e    00000002     release_pem4f.oem4f (.const:ti_sysbios_family_arm_m3_Hwi_Module__id__C)
                  0000ec60    00000070     MSP_EXP432P401R.obj (.const:uartMSP432Baudrates)
                  0000ecd0    00000060     rtsv7M4_T_le_v4SPD16_eabi.lib : mktime.obj (.const:$O1$$)
                  0000ed30    00000050     drivers_msp432p4xx.aem4f : TimerMSP432.oem4f (.const:timerADividers)
                  0000ed80    00000050     MSP_EXP432P401R.obj (.const:timerMSP432HWAttrs)
                  0000edd0    00000050     MSP_EXP432P401R.obj (.const:uartMSP432HWAttrs)
                  0000ee20    00000048     release_pem4f.oem4f (.const:.string)
                  0000ee68    0000003c     MSP_EXP432P401R.obj (.const:Timer_config)
                  0000eea4    0000003c     release_pem4f.oem4f (.const:ti_sysbios_knl_Task_Object__PARAMS__C)
                  0000eee0    00000034     npi_uart_pm_msp432.aem4f : npi_task.oem4f (.const:NPI_defaultParams)
                  0000ef14    00000030     release_pem4f.oem4f (.const:ti_sysbios_family_arm_m3_Hwi_Object__PARAMS__C)
                  0000ef44    00000028     drivers_msp432p4xx.aem4f : UARTMSP432.oem4f (.const:UARTMSP432_fxnTable)
                  0000ef6c    00000028     release_pem4f.oem4f (.const:ti_sysbios_heaps_HeapMem_Module__FXNS__C)
                  0000ef94    00000024     drivers_msp432p4xx.aem4f : UART.oem4f (.const:UART_defaultParams)
                  0000efb8    00000024     release_pem4f.oem4f (.const:ti_sysbios_gates_GateHwi_Module__FXNS__C)
                  0000efdc    00000024     release_pem4f.oem4f (.const:ti_sysbios_gates_GateMutex_Module__FXNS__C)
                  0000f000    00000024     release_pem4f.oem4f (.const:ti_sysbios_heaps_HeapMem_Object__PARAMS__C)
                  0000f024    00000024     release_pem4f.oem4f (.const:ti_sysbios_knl_Clock_Object__PARAMS__C)
                  0000f048    00000024     release_pem4f.oem4f (.const:ti_sysbios_knl_Semaphore_Object__PARAMS__C)
                  0000f06c    00000024     release_pem4f.oem4f (.const:xdc_runtime_Startup_sfxnTab__A)
                  0000f090    00000020     display.aem4f : DisplayHost.oem4f (.const:DisplayHost_fxnTable)
                  0000f0b0    00000020                   : DisplayUart.oem4f (.const:DisplayUartMin_fxnTable)
                  0000f0d0    00000020     drivers_msp432p4xx.aem4f : UARTMSP432.oem4f (.const:staticFxnTable)
                  0000f0f0    00000020     release_pem4f.oem4f (.const:ti_sysbios_family_arm_m3_Hwi_Object__DESC__C)
                  0000f110    00000020     release_pem4f.oem4f (.const:ti_sysbios_gates_GateHwi_Object__DESC__C)
                  0000f130    00000020     release_pem4f.oem4f (.const:ti_sysbios_gates_GateMutex_Object__DESC__C)
                  0000f150    00000020     release_pem4f.oem4f (.const:ti_sysbios_heaps_HeapMem_Object__DESC__C)
                  0000f170    00000020     release_pem4f.oem4f (.const:ti_sysbios_knl_Clock_Object__DESC__C)
                  0000f190    00000020     release_pem4f.oem4f (.const:ti_sysbios_knl_Event_Object__DESC__C)
                  0000f1b0    00000020     release_pem4f.oem4f (.const:ti_sysbios_knl_Queue_Object__DESC__C)
                  0000f1d0    00000020     release_pem4f.oem4f (.const:ti_sysbios_knl_Semaphore_Object__DESC__C)
                  0000f1f0    00000020     release_pem4f.oem4f (.const:ti_sysbios_knl_Task_Object__DESC__C)
                  0000f210    00000018     MSP_EXP432P401R.obj (.const:Display_config)
                  0000f228    00000018     MSP_EXP432P401R.obj (.const:PowerMSP432_config)
                  0000f240    00000018     MSP_EXP432P401R.obj (.const:UART_config)
                  0000f258    00000018     release_pem4f.oem4f (.const:ti_sysbios_gates_GateHwi_Object__PARAMS__C)
                  0000f270    00000018     release_pem4f.oem4f (.const:ti_sysbios_gates_GateMutex_Object__PARAMS__C)
                  0000f288    00000018     release_pem4f.oem4f (.const:ti_sysbios_knl_Event_Object__PARAMS__C)
                  0000f2a0    00000018     release_pem4f.oem4f (.const:ti_sysbios_knl_Queue_Object__PARAMS__C)
                  0000f2b8    00000014     MSP_EXP432P401R.obj (.const:GPIOMSP432_config)
                  0000f2cc    00000014     sap_uart_pm.aem4f : sap.oem4f (.const:default_remUARTPort)
                  0000f2e0    00000014     MSP_EXP432P401R.obj (.const:displayUartHWAttrs)
                  0000f2f4    00000012     release_pem4f.oem4f (.const:xdc_runtime_Startup_sfxnRts__A)
                  0000f306    00000011     profile_util.obj (.const:.string:$P$T0$1)
                  0000f317    00000001     release_pem4f.oem4f (.const:xdc_runtime_Error_policy__C)
                  0000f318    00000010     drivers_msp432p4xx.aem4f : SDSPIMSP432.oem4f (.const:SDSPIMSP432_fxnTable)
                  0000f328    00000010     MSP_EXP432P401R.obj (.const:sdspiMSP432HWAttrs)
                  0000f338    0000000c     MSP_EXP432P401R.obj (.const)
                  0000f344    0000000c     MSP_EXP432P401R.obj (.const:SDSPI_config)
                  0000f350    0000000c     drivers_msp432p4xx.aem4f : Timer.oem4f (.const:defaultParams)
                  0000f35c    0000000c                              : TimerMSP432.oem4f (.const:timer32Dividers)
                  0000f368    0000000c     release_pem4f.oem4f (.const:xdc_runtime_Startup_firstFxns__A)
                  0000f374    00000008     drivers_msp432p4xx.aem4f : SDSPI.oem4f (.const:SDSPI_defaultParams)
                  0000f37c    00000008     MSP_EXP432P401R.obj (.const:displayHostHWAttrs)
                  0000f384    00000008     release_pem4f.oem4f (.const:ti_sysbios_knl_Idle_funcList__C)
                  0000f38c    00000008     release_pem4f.oem4f (.const:xdc_runtime_Startup_firstFxns__C)
                  0000f394    00000008     release_pem4f.oem4f (.const:xdc_runtime_Startup_lastFxns__C)
                  0000f39c    00000006     drivers_msp432p4xx.aem4f : GPIOMSP432.oem4f (.const:.string:interruptType)
                  0000f3a2    00000006                              : GPIOMSP432.oem4f (.const:.string:portInterruptIds)
                  0000f3a8    00000005                              : UARTMSP432.oem4f (.const:.string:parityTypes)
                  0000f3ad    00000001     release_pem4f.oem4f (.const:xdc_runtime_Text_charTab__A)
                  0000f3ae    00000004     drivers_msp432p4xx.aem4f : UARTMSP432.oem4f (.const:stopBits)
                  0000f3b2    00000002     release_pem4f.oem4f (.const:ti_sysbios_family_arm_msp432_init_Boot_bypassHFXT__C)
                  0000f3b4    00000004     release_pem4f.oem4f (.const:ti_sysbios_family_arm_m3_Hwi_E_alreadyDefined__C)
                  0000f3b8    00000004     release_pem4f.oem4f (.const:ti_sysbios_family_arm_m3_Hwi_NUM_INTERRUPTS__C)
                  0000f3bc    00000004     release_pem4f.oem4f (.const:ti_sysbios_family_arm_m3_Hwi_Object__count__C)
                  0000f3c0    00000004     release_pem4f.oem4f (.const:ti_sysbios_family_arm_m3_Hwi_ccr__C)
                  0000f3c4    00000004     release_pem4f.oem4f (.const:ti_sysbios_family_arm_m3_Hwi_excHandlerFunc__C)
                  0000f3c8    00000004     release_pem4f.oem4f (.const:ti_sysbios_family_arm_m3_Hwi_nullIsrFunc__C)
                  0000f3cc    00000004     release_pem4f.oem4f (.const:ti_sysbios_family_arm_m3_Hwi_priGroup__C)
                  0000f3d0    00000004     release_pem4f.oem4f (.const:ti_sysbios_family_arm_m3_Hwi_swiDisable__C)
                  0000f3d4    00000004     release_pem4f.oem4f (.const:ti_sysbios_family_arm_m3_Hwi_swiRestoreHwi__C)
[...]
0000eae9  ti_sysbios_knl_Swi_startup__E                               
0000eaf1  xdc_runtime_System_Module_startup__E                        
0000eaf9  ti_sysbios_gates_GateHwi_query__E                           
0000eaf9  xdc_runtime_Main_Module_GateProxy_query__E                  
0000eaf9  xdc_runtime_System_Module_GateProxy_query__E                
0000eb01  ti_sysbios_BIOS_RtsGateProxy_query__E                       
0000eb01  ti_sysbios_gates_GateMutex_query__E                         
0000eb01  ti_sysbios_heaps_HeapMem_Module_GateProxy_query__E          
0000eb09  ti_sysbios_knl_Clock_setTimeout__E                          
0000eb11  ti_sysbios_knl_Task_startup__E                              
0000eb19  xdc_runtime_SysCallback_defaultReady                        
0000eb21  ti_sysbios_BIOS_linkedWithIncorrectBootLibrary__E           
0000eb29  ti_sysbios_gates_GateHwi_Instance_init__E                   
0000eb31  ti_sysbios_knl_Clock_logTick__E                             
0000eb39  xdc_runtime_SysCallback_defaultAbort                        
0000eb41  xdc_runtime_SysCallback_defaultExit                         
0000eb49  xdc_runtime_SysCallback_defaultPutch                        
0000eb51  xdc_runtime_System_abortSpin__E                             
0000eb59  xdc_runtime_System_exitSpin__E                              
0000eb5c  _ctypes_                                                    
0000ec5d  Display_defaultParams                                       
0000ec5e  ti_sysbios_family_arm_m3_Hwi_Module__id__C                  
0000ec60  uartMSP432Baudrates                                         
0000ed80  timerMSP432HWAttrs                                          
0000edd0  uartMSP432HWAttrs                                           
0000ee68  Timer_config                                                
0000eea4  ti_sysbios_knl_Task_Object__PARAMS__C                       
0000eee0  NPI_defaultParams                                           
0000ef14  ti_sysbios_family_arm_m3_Hwi_Object__PARAMS__C              
0000ef44  UARTMSP432_fxnTable                                         
0000ef6c  ti_sysbios_heaps_HeapMem_Module__FXNS__C                    
0000ef94  UART_defaultParams                                          
0000efb8  ti_sysbios_gates_GateHwi_Module__FXNS__C                    
0000efdc  ti_sysbios_gates_GateMutex_Module__FXNS__C                  
0000f000  ti_sysbios_heaps_HeapMem_Object__PARAMS__C                  
0000f024  ti_sysbios_knl_Clock_Object__PARAMS__C                      
0000f048  ti_sysbios_knl_Semaphore_Object__PARAMS__C                  
0000f06c  xdc_runtime_Startup_sfxnTab__A                              
0000f090  DisplayHost_fxnTable                                        
0000f0b0  DisplayUartMin_fxnTable                                     
0000f0f0  ti_sysbios_family_arm_m3_Hwi_Object__DESC__C                
0000f110  ti_sysbios_gates_GateHwi_Object__DESC__C                    
0000f130  ti_sysbios_gates_GateMutex_Object__DESC__C                  
0000f150  ti_sysbios_heaps_HeapMem_Object__DESC__C                    
0000f170  ti_sysbios_knl_Clock_Object__DESC__C                        
0000f190  ti_sysbios_knl_Event_Object__DESC__C                        
0000f1b0  ti_sysbios_knl_Queue_Object__DESC__C                        
0000f1d0  ti_sysbios_knl_Semaphore_Object__DESC__C                    
0000f1f0  ti_sysbios_knl_Task_Object__DESC__C                         
0000f210  Display_config                                              
0000f228  PowerMSP432_config                                          
0000f240  UART_config                                                 
0000f258  ti_sysbios_gates_GateHwi_Object__PARAMS__C                  
0000f270  ti_sysbios_gates_GateMutex_Object__PARAMS__C                
0000f288  ti_sysbios_knl_Event_Object__PARAMS__C                      
0000f2a0  ti_sysbios_knl_Queue_Object__PARAMS__C                      
0000f2b8  GPIOMSP432_config                                           
0000f2cc  default_remUARTPort                                         
0000f2e0  displayUartHWAttrs                                          
0000f2f4  xdc_runtime_Startup_sfxnRts__A                              
0000f317  xdc_runtime_Error_policy__C                                 
0000f318  SDSPIMSP432_fxnTable                                        
0000f328  sdspiMSP432HWAttrs                                          
0000f338  ADC_count                                                   
0000f339  ADCBuf_count                                                
0000f33a  Capture_count                                               
0000f33b  Display_count                                               
0000f33c  I2C_count                                                   
0000f33d  I2CSlave_count                                              
0000f33e  PWM_count                                                   
0000f33f  SDSPI_count                                                 
0000f340  SPI_count                                                   
0000f341  Timer_count                                                 
0000f342  UART_count                                                  
0000f343  Watchdog_count                                              
0000f344  SDSPI_config                                                
0000f368  xdc_runtime_Startup_firstFxns__A                            
0000f374  SDSPI_defaultParams                                         
0000f37c  displayHostHWAttrs                                          
0000f384  ti_sysbios_knl_Idle_funcList__C                             
0000f38c  xdc_runtime_Startup_firstFxns__C                            
0000f394  xdc_runtime_Startup_lastFxns__C                             
0000f3ad  xdc_runtime_Text_charTab__A                                 
0000f3b2  ti_sysbios_family_arm_msp432_init_Boot_bypassHFXT__C        
0000f3b4  ti_sysbios_family_arm_m3_Hwi_E_alreadyDefined__C            
0000f3b8  ti_sysbios_family_arm_m3_Hwi_NUM_INTERRUPTS__C              
0000f3bc  ti_sysbios_family_arm_m3_Hwi_Object__count__C               
0000f3c0  ti_sysbios_family_arm_m3_Hwi_ccr__C                         
0000f3c4  ti_sysbios_family_arm_m3_Hwi_excHandlerFunc__C              
0000f3c8  ti_sysbios_family_arm_m3_Hwi_nullIsrFunc__C                 
0000f3cc  ti_sysbios_family_arm_m3_Hwi_priGroup__C                    
0000f3d0  ti_sysbios_family_arm_m3_Hwi_swiDisable__C                  
0000f3d4  ti_sysbios_family_arm_m3_Hwi_swiRestoreHwi__C               
0000f3d8  ti_sysbios_family_arm_m3_TaskSupport_stackAlignment__C      
0000f3dc  ti_sysbios_family_arm_msp432_Timer_numTimerDevices__C       
0000f3e0  ti_sysbios_family_arm_msp432_Timer_startupNeeded__C         
0000f3e4  ti_sysbios_gates_GateMutex_Instance_State_sem__O            
0000f3e8  ti_sysbios_heaps_HeapMem_E_memory__C                        
0000f3ec  ti_sysbios_heaps_HeapMem_Module__gateObj__C                 
0000f3f0  ti_sysbios_heaps_HeapMem_Object__count__C                   
0000f3f4  ti_sysbios_heaps_HeapMem_primaryHeapBaseAddr__C             
0000f3f8  ti_sysbios_heaps_HeapMem_primaryHeapEndAddr__C              
0000f3fc  ti_sysbios_heaps_HeapMem_reqAlign__C                        
0000f400  ti_sysbios_knl_Clock_Module_State_clockQ__O                 
0000f404  ti_sysbios_knl_Clock_tickPeriod__C                          
0000f408  ti_sysbios_knl_Event_Instance_State_pendQ__O                
0000f40c  ti_sysbios_knl_Idle_funcList__A                             
0000f410  ti_sysbios_knl_Mailbox_Instance_State_freeQue__O            
0000f414  ti_sysbios_knl_Mailbox_Object__count__C                     
0000f418  ti_sysbios_knl_Mailbox_maxTypeAlign__C                      
0000f41c  ti_sysbios_knl_Semaphore_Instance_State_pendQ__O            
0000f420  ti_sysbios_knl_Swi_Object__count__C                         
0000f424  ti_sysbios_knl_Task_Module_State_inactiveQ__O               
0000f428  ti_sysbios_knl_Task_Object__count__C                        
0000f42c  ti_sysbios_knl_Task_allBlockedFunc__C                       
0000f430  ti_sysbios_knl_Task_defaultStackHeap__C                     
0000f434  ti_sysbios_knl_Task_defaultStackSize__C                     
0000f438  ti_sysbios_knl_Task_numConstructedTasks__C                  
0000f43c  xdc_runtime_Error_E_memory__C                               
0000f440  xdc_runtime_Error_policyFxn__C                              
0000f444  xdc_runtime_IGateProvider_Interface__BASE__C                
0000f448  xdc_runtime_IHeap_Interface__BASE__C                        
0000f44c  xdc_runtime_IModule_Interface__BASE__C                      
0000f450  xdc_runtime_Memory_defaultHeapInstance__C                   
0000f454  xdc_runtime_Startup_execImpl__C                             
0000f458  xdc_runtime_Startup_maxPasses__C                            
0000f45c  xdc_runtime_Startup_sfxnRts__C                              
0000f460  xdc_runtime_Startup_sfxnTab__C                              
0000f464  xdc_runtime_SysCallback_abortFxn__C                         
0000f468  xdc_runtime_SysCallback_exitFxn__C                          
0000f46c  xdc_runtime_SysCallback_putchFxn__C                         
0000f470  xdc_runtime_SysCallback_readyFxn__C                         
0000f474  xdc_runtime_System_Module__gateObj__C                       
0000f478  xdc_runtime_System_abortFxn__C                              
0000f47c  xdc_runtime_System_exitFxn__C                               
0000f480  xdc_runtime_System_extendFxn__C                             
0000f484  xdc_runtime_System_maxAtexitHandlers__C                     
0000f488  xdc_runtime_Text_charTab__C                                 
0000f48c  xdc_runtime_Text_nameEmpty__C                               
0000f490  xdc_runtime_Text_nameStatic__C                              
0000f494  xdc_runtime_Text_nameUnknown__C                             
0000f498  ti_sysbios_family_arm_msp432_init_Boot_bypassLFXT__C        
0000f49a  ti_sysbios_family_arm_msp432_init_Boot_enableHFXT__C        
0000f49c  ti_sysbios_family_arm_msp432_init_Boot_enableLFXT__C        
0000f49e  ti_sysbios_heaps_HeapMem_Module__id__C                      
0000f4a0  xdc_runtime_Memory_Module__id__C                            
0000f4a2  xdc_runtime_Text_charCnt__C                                 
0000f4a4  xdc_runtime_Text_isLoaded__C                                
0000f4a8  __TI_static_base__                                          
0000f83c  __TI_Handler_Table_Base                                     
0000f848  __TI_Handler_Table_Limit                                    
0000f850  __TI_CINIT_Base                                             
0000f860  __TI_CINIT_Limit                                            
20000000  ti_sysbios_family_arm_m3_Hwi_ramVectors                     
20000140  _ftable                                                     
20000300  PowerMSP432_perfLevels                                      
200003d0  ti_sysbios_knl_Swi_Module_State_0_readyQ__A                 
20000450  ti_sysbios_knl_Task_Module_State_0_readyQ__A                
20000520  ti_sysbios_family_arm_msp432_Timer_Object__table__V         
2000056c  ti_sysbios_knl_Task_Object__table__V                        
200005b8  ti_sysbios_knl_Task_Module__state__V                        
2000063c  ti_sysbios_gates_GateMutex_Object__table__V                 
20000674  ti_sysbios_family_arm_m3_Hwi_Module__state__V               
200006a8  gpioPinConfigs                                              
200006d8  ti_sysbios_knl_Swi_Object__table__V                         
20000708  PowerMSP432_module                                          
20000734  ti_sysbios_knl_Clock_Module__state__V                       
20000760  initVal                                                     
200007ac  ti_sysbios_BIOS_Module__state__V                            
20000810  ti_sysbios_family_arm_msp432_Timer_Module_State_0_device__A 
20000830  xdc_runtime_Error_IgnoreBlock                               
20000850  TimerMSP432_Timer32_fxnTable                                
2000086c  TimerMSP432_Timer_A_fxnTable                                
2000089a  npiBufSize                                                  
200008a4  ti_sysbios_knl_Swi_Module__state__V                         
200008da  ti_sysbios_family_arm_m3_Hwi_Module_State_0_excActive__A    
200008dc  ti_sysbios_family_arm_m3_Hwi_Object__table__V               
200008f4  ti_sysbios_heaps_HeapMem_Object__table__V                   
20000954  seconds                                                     
20000958  logminute                                                   
2000095c  hc_ready                                                    
2000095d  hc_obtained                                                 
2000095e  streaming                                                   
2000095f  needToTranslate                                             
20000960  secToTranslate                                              
20000994  _tz                                                         
200009c4  gpioCallbackFunctions                                       
200009e4  __TI_ft_end                                                 
200009e8  __aeabi_stdin                                               
200009ec  __aeabi_stdout                                              
200009f0  __aeabi_stderr                                              
20000a04  ti_sysbios_family_arm_msp432_Timer_Module_State_0_handles__A
20000a22  updateSNPDevName                                            
20000a30  eventCBListRoot                                             
20000a34  asyncCBListRoot                                             
20000a38  serviceListRoot                                             
20000a3c  SAP_isConnected                                             
20000a40  __TI_cleanup_ptr                                            
20000a44  __TI_dtors_ptr                                              
20000a48  __TI_enable_exit_profile_output                             
20000a4c  SNP_NumConns                                                
20000a50  SNP_eventCB                                                 
20000a54  SNP_asyncCB                                                 
20000a58  ti_sysbios_family_arm_msp432_ClockFreqs_Module__state__V    
20000a64  ti_sysbios_family_arm_msp432_Timer_Module__state__V         
20000a79  txcomplete                                                  
20000a7a  rxcomplete                                                  
20000a88  _lock                                                       
20000a8c  _unlock                                                     
20000aa0  MSPBLE_DataServiceCBs                                       
20000aa8  MSPBLE_ManagerServiceCBs                                    
20000ab0  MSPBLE_StreamServiceCBs                                     
20000ae0  ti_sysbios_family_arm_m3_Hwi_Module__root__V                
20000ae8  ti_sysbios_gates_GateHwi_Module__root__V                    
20000af0  ti_sysbios_gates_GateMutex_Module__root__V                  
20000af8  ti_sysbios_heaps_HeapMem_Module__root__V                    
20000b00  ti_sysbios_knl_Clock_Module__root__V                        
20000b08  ti_sysbios_knl_Event_Module__root__V                        
20000b10  ti_sysbios_knl_Queue_Module__root__V                        
20000b18  ti_sysbios_knl_Semaphore_Module__root__V                    
20000b20  ti_sysbios_knl_Task_Module__root__V                         
20000b28  xdc_runtime_Startup_Module__state__V                        
20000b30  xdc_runtime_System_Module_State_0_atexitHandlers__A         
20000b38  xdc_runtime_System_Module__state__V                         
20000b50  fatfsPrefix                                                 
20000b54  errno                                                       
20000b5c  main_func_sp                                                
20000b60  ti_sysbios_family_arm_m3_Hwi_Module_State_0_excContext__A   
20000b64  ti_sysbios_family_arm_m3_Hwi_Module_State_0_excStack__A     
20000b68  ti_sysbios_gates_GateHwi_Object__table__V                   
20000b6c  ti_sysbios_knl_Task_Module_State_0_idleTask__A              
20000b70  xdc_runtime_Memory_Module__state__V                         
20000b78  MSPBLETaskStack                                             
20001378  SensorTaskStack                                             
20001f78  sdspiMSP432Objects                                          
200021d0  ti_sysbios_knl_Task_Instance_State_0_stack__A               
200023d0  hc_data                                                     
200025b0  sendData                                                    
20002790  ti_sysbios_family_arm_m3_Hwi_dispatchTable                  
200028d0  __CIOBUF_                                                   
200029f0  uartMSP432Objects                                           
20002af0  timerMSP432Objects                                          
20002ba4  __TI_tmpnams                                                
20002c44  MSPBLETask                                                  
20002c94  SensorTask                                                  
20002ce4  uartMSP432RingBuffer                                        
20002df4  HostToSSTable                                               
20002e44  sapParams                                                   
20002e94  displayUartObject                                           
20002ea8  hc_elapsed                                                  
20002eb0  npiRetMsg                                                   
20002eb8  sdspiParams                                                 
20002ec0  taskCBs                                                     
20002ed4  MSPBLEEvent                                                 
20002ed8  displayHostObject                                           
20002edc  displayOut                                                  
20002ee0  dst                                                         
20002ee4  hc_timer                                                    
20002ee8  npiRxBuf                                                    
20002eec  npiTaskHandle                                               
20002ef0  npiTaskStack                                                
20002ef4  npiTxBuf                                                    
20002ef8  sdspiHandle                                                 
20002efc  src                                                         
20002f00  syncReq_sem                                                 
20002f04  waitRsp_sem                                                 
20002f0b  MSPBLEState                                                 
20002f0c  __primary_heap_start__                                      
2000fd00  __primary_heap_end__                                        
2000fd00  __stack                                                     
20010000  __STACK_END                                                 
4000480c  WDTCTL_SYM                                                  
e000e000  ti_sysbios_family_arm_m3_Hwi_nvic                           
ffffffff  __TI_pprof_out_hndl                                         
ffffffff  __TI_prof_data_size                                         
ffffffff  __TI_prof_data_start                                        
ffffffff  __binit__                                                   
ffffffff  __c_args__                                                  
ffffffff  binit                                                       
UNDEFED   SHT$$INIT_ARRAY$$Base                                       
UNDEFED   SHT$$INIT_ARRAY$$Limit                                      

[872 symbols]
