******************************************************************************
                  TI ARM Linker PC v16.9.1                     
******************************************************************************
>> Linked Sun May 21 14:47:07 2017

OUTPUT FILE NAME:   <project_zero_MSP_EXP432P401R_tirtos_ccs.out>
ENTRY POINT SYMBOL: "_c_int00"  address: 0000b179


MEMORY CONFIGURATION

         name            origin    length      used     unused   attr    fill
----------------------  --------  ---------  --------  --------  ----  --------
  MAIN                  00000000   00040000  0000f8f0  00030710  R  X
  INFO                  00200000   00004000  00000000  00004000  R  X
  SRAM_CODE             01000000   00010000  00000000  00010000  RW X
  SRAM_DATA             20000000   00010000  00003210  0000cdf0  RW  


SEGMENT ALLOCATION MAP

run origin  load origin   length   init length attrs members
----------  ----------- ---------- ----------- ----- -------
00000000    00000000    0000f8f8   0000f8f8    r-x
  00000000    00000000    0000003c   0000003c    r-- .resetVecs
  00000040    00000040    0000ebaa   0000ebaa    r-x .text
  0000ebec    0000ebec    0000094a   0000094a    r-- .const
  0000f538    0000f538    000003c0   000003c0    r-- .cinit
20000140    20000140    00002dd0   00000000    rw-
  20000140    20000140    00000a37   00000000    rw- .data
  20000b78    20000b78    00002398   00000000    rw- .bss
2000fd00    2000fd00    00000300   00000000    rw-
  2000fd00    2000fd00    00000300   00000000    rw- .stack


SECTION ALLOCATION MAP

 output                                  attributes/
section   page    origin      length       input sections
--------  ----  ----------  ----------   ----------------
.text      0    00000040    0000ebaa     
                  00000040    0000113e     rtsv7M4_T_le_v4SPD16_eabi.lib : _printfi.obj (.text)
                  0000117e    00000002     display.aem4f : DisplayHost.oem4f (.text:DisplayHost_clear)
                  00001180    00000624     project_zero.obj (.text:SensorLoop)
                  000017a4    000004d8     sap_uart_pm.aem4f : npi_ss_ble_sap.oem4f (.text:NPISS_BLE_SNP_msgFromSNP)
                  00001c7c    00000004     dpl_msp432p4xx.aem4f : HwiP_tirtos.oem4f (.text:HwiP_disable)
                  00001c80    00000444     sysbios.aem4f : BIOS.obj (.text:xdc_runtime_System_doPrint__I)
                  000020c4    00000324     fatfs.aem4f : ff.oem4f (.text:find_volume)
                  000023e8    00000324     rtsv7M4_T_le_v4SPD16_eabi.lib : trgdrv.obj (.text)
                  0000270c    0000030c                                   : lowlev.obj (.text)
                  00002a18    000002d0     drivers_msp432p4xx.aem4f : PowerMSP432.oem4f (.text:Power_sleep)
                  00002ce8    000002c8                              : UARTMSP432.oem4f (.text:UARTMSP432_open)
                  00002fb0    000002ac                              : SDSPIMSP432.oem4f (.text:SDSPIMSP432_diskInitialize)
                  0000325c    000002a0     rtsv7M4_T_le_v4SPD16_eabi.lib : mktime.obj (.text)
                  000034fc    00000250     drivers_msp432p4xx.aem4f : SDSPIMSP432.oem4f (.text:SDSPIMSP432_open)
                  0000374c    00000230     sap_uart_pm.aem4f : sap.oem4f (.text:SAP_registerService)
                  0000397c    0000021e     rtsv7M4_T_le_v4SPD16_eabi.lib : ll_div_t2.obj (.text)
                  00003b9a    000001f4                                   : ull_div_t2.obj (.text)
                  00003d8e    000001ec     sap_uart_pm.aem4f : snp_rpc.oem4f (.text:SNP_RPC_addCharDescDec)
                  00003f7a    00000002     display.aem4f : DisplayHost.oem4f (.text:DisplayHost_clearLines)
                  00003f7c    000001e4     project_zero.obj (.text:ProjectZero_taskFxn)
                  00004160    000001e4     drivers_msp432p4xx.aem4f : SDSPIMSP432.oem4f (.text:send_cmd)
                  00004344    000001c4     rtsv7M4_T_le_v4SPD16_eabi.lib : fopen.obj (.text)
                  00004508    000001b6                                   : fd_add_t2.obj (.text)
                  000046be    000001a4     fatfs.aem4f : ff.oem4f (.text:f_write)
                  00004862    00000002     display.aem4f : DisplayHost.oem4f (.text:DisplayHost_close)
                  00004864    00000198     project_zero.obj (.text:ntoa)
                  000049fc    00000194     drivers_msp432p4xx.aem4f : SDSPIMSP432.oem4f (.text:xmit_datablock)
                  00004b90    00000178     fatfs.aem4f : ff.oem4f (.text:f_read)
                  00004d08    00000178     release_pem4f.oem4f (.text:xdc_runtime_System_printfExtend__I)
                  00004e80    0000016c     rtsv7M4_T_le_v4SPD16_eabi.lib : fwrite.obj (.text)
                  00004fec    00000164     fatfs.aem4f : ff.oem4f (.text:f_open)
                  00005150    0000015c     drivers_msp432p4xx.aem4f : GPIOMSP432.oem4f (.text:GPIO_setConfig)
                  000052ac    0000015a     fatfs.aem4f : ff.oem4f (.text:f_lseek)
                  00005406    00000002     display.aem4f : DisplayHost.oem4f (.text:DisplayHost_init)
                  00005408    00000158     sysbios.aem4f : BIOS.obj (.text:ti_sysbios_knl_Event_pend__E)
                  00005560    00000154     npi_uart_pm_msp432.aem4f : npi_task.oem4f (.text:NPITask_Fxn)
                  000056b4    0000014c     sap_uart_pm.aem4f : sap.oem4f (.text:SAP_setParam)
                  00005800    0000014c     drivers_msp432p4xx.aem4f : PowerMSP432.oem4f (.text:initPerfControl)
                  0000594c    00000140     sap_uart_pm.aem4f : sap.oem4f (.text:handleAsyncCB)
                  00005a8c    00000138     rtsv7M4_T_le_v4SPD16_eabi.lib : localtim.obj (.text)
                  00005bc4    00000136                                   : fd_div_t2.obj (.text)
                  00005cfa    00000006     display.aem4f : DisplayHost.oem4f (.text:DisplayHost_control)
                  00005d00    00000130     sysbios.aem4f : BIOS.obj (.text:ti_sysbios_knl_Semaphore_pend__E)
                  00005e30    00000123     fatfs.aem4f : ff.oem4f (.text:create_name)
                  00005f53    00000001     --HOLE-- [fill = 0]
                  00005f54    00000120     npi_uart_pm_msp432.aem4f : npi_tl_uart_m_msp432.oem4f (.text:NPITLUART_readCallBack)
                  00006074    0000011c                              : npi_task.oem4f (.text:NPITask_open)
                  00006190    00000110                              : npi_tl_msp432.oem4f (.text:NPITL_openTL)
                  000062a0    00000108     sysbios.aem4f : BIOS.obj (.text:xdc_runtime_Startup_startMods__I)
                  000063a8    00000104     drivers_msp432p4xx.aem4f : SDSPIMSP432.oem4f (.text:SDSPIMSP432_diskIOctrl)
                  000064ac    00000100     data_service.obj (.text:DataService_setParameter)
                  000065ac    000000fe     fatfs.aem4f : ff.oem4f (.text:f_rename)
                  000066aa    000000fc     rtsv7M4_T_le_v4SPD16_eabi.lib : fd_mul_t2.obj (.text)
                  000067a6    00000002     display.aem4f : DisplayHost.oem4f (.text:DisplayHost_open)
                  000067a8    000000fc     rtsv7M4_T_le_v4SPD16_eabi.lib : s_scalbn.obj (.text)
                  000068a4    00000004     dpl_msp432p4xx.aem4f : HwiP_tirtos.oem4f (.text:HwiP_disableInterrupt)
                  000068a8    000000fc     sysbios.aem4f : BIOS.obj (.text:ti_sysbios_family_arm_msp432_init_Boot_configureClocksHigh)
                  000069a4    000000fa     fatfs.aem4f : ff.oem4f (.text:dir_next)
                  00006a9e    00000002     display.aem4f : DisplayUart.oem4f (.text:DisplayUartMin_clear)
                  00006aa0    000000f4     drivers_msp432p4xx.aem4f : SDSPIMSP432.oem4f (.text:SDSPIMSP432_diskWrite)
                  00006b94    000000ec     fatfs.aem4f : ff.oem4f (.text:put_fat)
                  00006c80    000000ec     rtsv7M4_T_le_v4SPD16_eabi.lib : fread.obj (.text)
                  00006d6c    000000ec     sysbios.aem4f : m3_Hwi_asm.obj (.text:ti_sysbios_family_arm_m3_Hwi_dispatch__I)
                  00006e58    000000e8     drivers_msp432p4xx.aem4f : SDSPIMSP432.oem4f (.text:SDSPIMSP432_diskRead)
                  00006f40    000000e4                              : TimerMSP432.oem4f (.text:configureTimerHardware)
                  00007024    000000e0     msp432p4xx_driverlib.lib : cs.o (.text:CS_initClockSignal)
                  00007104    000000dc     rtsv7M4_T_le_v4SPD16_eabi.lib : setvbuf.obj (.text)
                  000071e0    000000d8     data_service.obj (.text:DataService_ReadAttrCB)
                  000072b8    000000d8     drivers_msp432p4xx.aem4f : UARTMSP432.oem4f (.text:UARTMSP432_readPolling)
                  00007390    000000d6     fatfs.aem4f : ff.oem4f (.text:get_fat)
                  00007466    00000002     display.aem4f : DisplayUart.oem4f (.text:DisplayUartMin_clearLines)
                  00007468    000000d4     data_service.obj (.text:DataService_addService)
                  0000753c    000000d4     npi_uart_pm_msp432.aem4f : npi_task.oem4f (.text:NPITask_transportDoneCallBack)
                  00007610    000000d4     stream_service.obj (.text:StreamService_addService)
                  000076e4    000000d0     data_service.obj (.text:DataService_WriteAttrCB)
                  000077b4    000000d0     manager_service.obj (.text:ManagerService_addService)
                  00007884    00000004     dpl_msp432p4xx.aem4f : HwiP_tirtos.oem4f (.text:HwiP_enableInterrupt)
                  00007888    000000d0     sysbios.aem4f : BIOS.obj (.text:ti_sysbios_heaps_HeapMem_alloc__E)
                  00007958    000000cc     project_zero.obj (.text:ProjectZero_init)
                  00007a24    000000c8     rtsv7M4_T_le_v4SPD16_eabi.lib : fflush.obj (.text)
                  00007aec    000000c4     profile_util.obj (.text:ProfileUtil_getCharIDFromHdl)
                  00007bb0    000000c4     sysbios.aem4f : BIOS.obj (.text:ti_sysbios_knl_Task_sleep__E)
                  00007c74    00000004     drivers_msp432p4xx.aem4f : List.oem4f (.text:List_head)
                  00007c78    000000c0     sysbios.aem4f : BIOS.obj (.text:ti_sysbios_knl_Task_Instance_init__E)
                  00007d38    000000bc     manager_service.obj (.text:ManagerService_registerAppCBs)
                  00007df4    000000bc     stream_service.obj (.text:StreamService_registerAppCBs)
                  00007eb0    000000bc     sysbios.aem4f : BIOS.obj (.text:ti_sysbios_knl_Task_Instance_finalize__E)
                  00007f6c    000000b6     drivers_msp432p4xx.aem4f : UARTMSP432.oem4f (.text:UARTMSP432_hwiIntFxn)
                  00008022    00000002     display.aem4f : DisplayUart.oem4f (.text:DisplayUartMin_init)
                  00008024    000000b4     data_service.obj (.text:DataService_registerAppCBs)
                  000080d8    000000b4     drivers_msp432p4xx.aem4f : UARTMSP432.oem4f (.text:UARTMSP432_control)
                  0000818c    000000b4                              : UARTMSP432.oem4f (.text:UARTMSP432_writePolling)
                  00008240    000000b4                              : SDSPIMSP432.oem4f (.text:send_initial_clock_train)
                  000082f4    000000b4     fatfs.aem4f : ff.oem4f (.text:sync_fs)
                  000083a8    000000b2     msp432p4xx_driverlib.lib : timer_a.o (.text:privateTimer_AProcessClockSourceDivider)
                  0000845a    00000002     npi_uart_pm_msp432.aem4f : npi_tl_uart_m_msp432.oem4f (.text:NPITLUART_stopTransfer)
                  0000845c    000000b0     project_zero.obj (.text:ProjectZero_createTask)
                  0000850c    000000b0     drivers_msp432p4xx.aem4f : TimerMSP432.oem4f (.text:setIdealT32TickCount)
                  000085bc    000000ac                              : UARTMSP432.oem4f (.text:initHw)
                  00008668    000000ac     rtsv7M4_T_le_v4SPD16_eabi.lib : _io_perm.obj (.text)
                  00008714    000000a8     fatfs.aem4f : ff.oem4f (.text:create_chain)
                  000087bc    00000004     drivers_msp432p4xx.aem4f : List.oem4f (.text:List_next)
                  000087c0    000000a8     sysbios.aem4f : BIOS.obj (.text:ti_sysbios_family_arm_msp432_Timer_periodicStub__E)
                  00008868    000000a8                   : BIOS.obj (.text:xdc_runtime_Core_createObject__I)
                  00008910    000000a4     data_service.obj (.text:DataService_CCCDIndCB)
                  000089b4    000000a4     fatfs.aem4f : ff.oem4f (.text:f_unlink)
                  00008a58    000000a0     npi_uart_pm_msp432.aem4f : npi_tl_msp432.oem4f (.text:NPITL_remRdyPINHwiFxn)
                  00008af8    000000a0     auto_init.aem4f : auto_init.oem4f (.text)
                  00008b98    000000a0     fatfs.aem4f : ffcio.oem4f (.text:ffcio_open)
                  00008c38    000000a0     drivers_msp432p4xx.aem4f : UARTMSP432.oem4f (.text:readIsrTextCallback)
                  00008cd8    000000a0     rtsv7M4_T_le_v4SPD16_eabi.lib : _bufread.obj (.text)
                  00008d78    000000a0     drivers_msp432p4xx.aem4f : TimerMSP432.oem4f (.text:setIdealTATickCount)
                  00008e18    0000009e                              : UARTMSP432.oem4f (.text:UARTMSP432_close)
                  00008eb6    0000009c     fatfs.aem4f : ff.oem4f (.text:f_sync)
                  00008f52    0000009c     drivers_msp432p4xx.aem4f : UARTMSP432.oem4f (.text:readTaskBlocking)
                  00008fee    0000009c     rtsv7M4_T_le_v4SPD16_eabi.lib : memcpy_t2.obj (.text)
                  0000908a    00000002     dpl_msp432p4xx.aem4f : PowerMSP432_tirtos.oem4f (.text:PowerMSP432_initPolicy)
                  0000908c    00000098     npi_uart_pm_msp432.aem4f : npi_tl_uart_m_msp432.oem4f (.text:NPITLUART_writeCallBack)
                  00009124    00000098     rtsv7M4_T_le_v4SPD16_eabi.lib : fclose.obj (.text)
                  000091bc    00000004     npi_uart_pm_msp432.aem4f : npi_task.oem4f (.text:NPITask_freeFrame)
                  000091c0    00000098     sysbios.aem4f : BIOS.obj (.text:ti_sysbios_family_arm_m3_Hwi_Instance_init__E)
                  00009258    00000096     drivers_msp432p4xx.aem4f : UARTMSP432.oem4f (.text:writeData)
                  000092ee    00000002                              : UARTMSP432.oem4f (.text:UARTMSP432_init)
                  000092f0    00000094     sysbios.aem4f : BIOS.obj (.text:ti_sysbios_family_arm_m3_Hwi_initNVIC__E)
                  00009384    00000090     drivers_msp432p4xx.aem4f : UARTMSP432.oem4f (.text:UARTMSP432_write)
                  00009414    0000008e                              : TimerMSP432.oem4f (.text:TimerMSP432_open)
                  000094a2    00000002     rtsv7M4_T_le_v4SPD16_eabi.lib : i_div0.obj (.text)
                  000094a4    0000008c     stream_service.obj (.text:StreamService_CCCDIndCB)
                  00009530    0000008c     sysbios.aem4f : m3_TaskSupport_asm.obj (.text:ti_sysbios_family_arm_m3_TaskSupport_buildTaskStack)
                  000095bc    00000004     sap_uart_pm.aem4f : sap.oem4f (.text:SAP_registerEventCB)
                  000095c0    0000008c     sysbios.aem4f : BIOS.obj (.text:ti_sysbios_knl_Event_post__E)
                  0000964c    00000004     sap_uart_pm.aem4f : snp_rpc_synchro.oem4f (.text:SNP_malloc)
                  00009650    0000008c     sysbios.aem4f : BIOS.obj (.text:ti_sysbios_knl_Task_postInit__I)
                  000096dc    0000008a     drivers_msp432p4xx.aem4f : UARTMSP432.oem4f (.text:readIsrTextBlocking)
                  00009766    00000002     rtsv7M4_T_le_v4SPD16_eabi.lib : l_div0.obj (.text)
                  00009768    00000088     manager_service.obj (.text:ManagerService_WriteAttrCB)
                  000097f0    00000088     stream_service.obj (.text:StreamService_setParameter)
                  00009878    00000088     sysbios.aem4f : BIOS.obj (.text:xdc_runtime_Memory_alloc__E)
                  00009900    00000086     rtsv7M4_T_le_v4SPD16_eabi.lib : fd_cmp_t2.obj (.text:__aeabi_cdcmple)
                  00009986    00000086                                   : fd_cmp_t2.obj (.text:__aeabi_cdrcmple)
                  00009a0c    00000004     dpl_msp432p4xx.aem4f : SystemP_tirtos.oem4f (.text:SystemP_vsnprintf)
                  00009a10    00000084     sysbios.aem4f : BIOS.obj (.text:ti_sysbios_family_arm_m3_Hwi_postInit__I)
                  00009a94    00000004     msp432p4xx_driverlib.lib : timer32.o (.text:Timer32_getValue)
                  00009a98    00000084     sysbios.aem4f : BIOS.obj (.text:ti_sysbios_heaps_HeapMem_free__E)
                  00009b1c    00000004     fatfs.aem4f : ffosal.oem4f (.text:ff_rel_grant)
                  00009b20    00000084     sysbios.aem4f : BIOS.obj (.text:xdc_runtime_Core_constructObject__I)
                  00009ba4    00000080     sap_uart_pm.aem4f : sap.oem4f (.text:SAP_open)
                  00009c24    0000007e     fatfs.aem4f : ff.oem4f (.text:dir_sdi)
                  00009ca2    00000002     release_pem4f.oem4f (.text:ti_sysbios_BIOS_nullFunc__I)
                  00009ca4    0000007c     project_zero.obj (.text:ProjectZero_processManagerServiceCB)
                  00009d20    0000007c     drivers_msp432p4xx.aem4f : SDSPIMSP432.oem4f (.text:SDSPIMSP432_close)
                  00009d9c    0000007c     msp432p4xx_driverlib.lib : spi.o (.text:SPI_initMaster)
                  00009e18    0000007c     fatfs.aem4f : ff.oem4f (.text:f_mount)
                  00009e94    0000007a     drivers_msp432p4xx.aem4f : UARTMSP432.oem4f (.text:readTaskCallback)
                  00009f0e    0000007a     rtsv7M4_T_le_v4SPD16_eabi.lib : memset_t2.obj (.text)
                  00009f88    00000078     manager_service.obj (.text:ManagerService_ReadAttrCB)
                  0000a000    00000078     npi_uart_pm_msp432.aem4f : npi_tl_msp432.oem4f (.text:NPITL_writeTL)
                  0000a078    00000075     sysbios.aem4f : BIOS.obj (.text:xdc_runtime_System_formatNum__I)
                  0000a0ed    00000003     --HOLE-- [fill = 0]
                  0000a0f0    00000074     stream_service.obj (.text:StreamService_ReadAttrCB)
                  0000a164    00000074     fatfs.aem4f : ff.oem4f (.text:check_fs)
                  0000a1d8    00000070     project_zero.obj (.text:ProjectZero_asyncCB)
                  0000a248    00000070     drivers_msp432p4xx.aem4f : SDSPIMSP432.oem4f (.text:rcvr_datablock)
                  0000a2b8    00000070     sysbios.aem4f : BIOS.obj (.text:ti_sysbios_heaps_HeapMem_initPrimary__I)
                  0000a328    00000070                   : BIOS.obj (.text:ti_sysbios_knl_Semaphore_post__E)
                  0000a398    00000070                   : BIOS.obj (.text:ti_sysbios_knl_Task_exit__E)
                  0000a408    0000006c     profile_util.obj (.text:ProfileUtil_convertBdAddr2Str)
                  0000a474    0000006c     profile_util.obj (.text:ProfileUtil_getHdlFromCharID)
                  0000a4e0    0000006c     sysbios.aem4f : BIOS.obj (.text:ti_sysbios_knl_Clock_workFunc__E)
                  0000a54c    00000004     fatfs.aem4f : diskio.oem4f (.text:get_fattime)
                  0000a550    0000006c     sysbios.aem4f : BIOS.obj (.text:ti_sysbios_knl_Swi_restoreHwi__E)
                  0000a5bc    0000006a     sap_uart_pm.aem4f : snp_rpc.oem4f (.text:SNP_RPC_readCharCnf)
                  0000a626    00000068     drivers_msp432p4xx.aem4f : UARTMSP432.oem4f (.text:UARTMSP432_writeCancel)
                  0000a68e    00000068     rtsv7M4_T_le_v4SPD16_eabi.lib : copy_decompress_lzss.obj (.text:decompress:lzss)
                  0000a6f6    00000002     --HOLE-- [fill = 0]
                  0000a6f8    00000068                                   : trgmsg.obj (.text)
                  0000a760    00000068     sysbios.aem4f : BIOS.obj (.text:ti_sysbios_family_arm_msp432_Seconds_get__E)
                  0000a7c8    00000066                   : BIOS.obj (.text:xdc_runtime_Core_deleteObject__I)
                  0000a82e    00000002     --HOLE-- [fill = 0]
                  0000a830    00000064     drivers_msp432p4xx.aem4f : GPIOMSP432.oem4f (.text:GPIO_hwiIntFxn)
                  0000a894    00000064     sap_uart_pm.aem4f : snp_rpc.oem4f (.text:SNP_RPC_startAdvertising)
                  0000a8f8    00000064                       : snp_rpc.oem4f (.text:SNP_RPC_updateConnectionParams)
                  0000a95c    00000064     fatfs.aem4f : ff.oem4f (.text:follow_path)
                  0000a9c0    00000064     rtsv7M4_T_le_v4SPD16_eabi.lib : fseek.obj (.text)
                  0000aa24    00000064                                   : s_frexp.obj (.text)
                  0000aa88    00000064     sysbios.aem4f : BIOS.obj (.text:ti_sysbios_family_arm_m3_Hwi_dispatchC__I)
                  0000aaec    00000060     npi_uart_pm_msp432.aem4f : npi_task.oem4f (.text:NPITask_sendToHost)
                  0000ab4c    00000060     sap_uart_pm.aem4f : snp_rpc.oem4f (.text:SNP_RPC_addCharValueDec)
                  0000abac    00000060     rtsv7M4_T_le_v4SPD16_eabi.lib : sprintf.obj (.text)
                  0000ac0c    0000005e     fatfs.aem4f : ff.oem4f (.text:remove_chain)
                  0000ac6a    00000002     --HOLE-- [fill = 0]
                  0000ac6c    0000005c     display.aem4f : Display.oem4f (.text:Display_doOpen)
                  0000acc8    0000005c     drivers_msp432p4xx.aem4f : GPIOMSP432.oem4f (.text:GPIO_init)
                  0000ad24    0000005c                              : GPIOMSP432.oem4f (.text:GPIO_write)
                  0000ad80    0000005c                              : PowerMSP432.oem4f (.text:PowerMSP432_getFreqs)
                  0000addc    00000004     release_pem4f.oem4f (.text:ti_sysbios_BIOS_RtsGateProxy_enter__E)
                  0000ade0    0000005c     sysbios.aem4f : BIOS.obj (.text:ti_sysbios_knl_Swi_run__I)
                  0000ae3c    00000004     release_pem4f.oem4f (.text:ti_sysbios_BIOS_RtsGateProxy_leave__E)
                  0000ae40    0000005c     sysbios.aem4f : BIOS.obj (.text:ti_sysbios_knl_Swi_schedule__I)
                  0000ae9c    00000004     release_pem4f.oem4f (.text:ti_sysbios_family_arm_m3_Hwi_delete)
                  0000aea0    0000005c     sysbios.aem4f : BIOS.obj (.text:ti_sysbios_knl_Task_Module_startup__E)
                  0000aefc    00000004     release_pem4f.oem4f (.text:ti_sysbios_family_arm_m3_TaskSupport_Module__startupDone__S)
                  0000af00    0000005c     sysbios.aem4f : BIOS.obj (.text:ti_sysbios_knl_Task_startCore__E)
                  0000af5c    00000004     release_pem4f.oem4f (.text:ti_sysbios_heaps_HeapMem_Module_GateProxy_enter__E)
                  0000af60    0000005c     sysbios.aem4f : BIOS.obj (.text:xdc_runtime_Startup_exec__E)
                  0000afbc    0000005a     sap_uart_pm.aem4f : snp_rpc.oem4f (.text:SNP_RPC_sendNotifInd)
                  0000b016    00000002     --HOLE-- [fill = 0]
                  0000b018    00000058     data_service.obj (.text:DataService_getParameter)
                  0000b070    00000058     npi_uart_pm_msp432.aem4f : npi_tl_uart_m_msp432.oem4f (.text:NPITLUART_handleRemRdyEvent)
                  0000b0c8    00000058                              : npi_tl_msp432.oem4f (.text:NPITL_handleRemRdyEvent)
                  0000b120    00000058                              : npi_task.oem4f (.text:NPITask_ProcessTXQ)
                  0000b178    00000058     boot.aem4f : boot.oem4f (.text)
                  0000b1d0    00000058     drivers_msp432p4xx.aem4f : UARTMSP432.oem4f (.text:readIsrBinaryBlocking)
                  0000b228    00000058     sysbios.aem4f : m3_Hwi_asm_switch.obj (.text:ti_sysbios_family_arm_m3_Hwi_initStacks__E)
                  0000b280    00000056     display.aem4f : DisplayUart.oem4f (.text:DisplayUartMin_open)
                  0000b2d6    00000056     fatfs.aem4f : ff.oem4f (.text:dir_read)
                  0000b32c    00000054     drivers_msp432p4xx.aem4f : GPIOMSP432.oem4f (.text:GPIO_setCallback)
                  0000b380    00000054                              : PowerMSP432.oem4f (.text:Power_init)
                  0000b3d4    00000054                              : TimerMSP432.oem4f (.text:TimerMSP432_Timer_A_hwiIntFunction)
                  0000b428    00000054     rtsv7M4_T_le_v4SPD16_eabi.lib : ltoa.obj (.text)
                  0000b47c    00000054     fatfs.aem4f : ff.oem4f (.text:sync_window)
                  0000b4d0    00000054     release_pem4f.oem4f (.text:ti_sysbios_family_arm_m3_Hwi_create)
                  0000b524    00000004     release_pem4f.oem4f (.text:ti_sysbios_heaps_HeapMem_Module_GateProxy_leave__E)
                  0000b528    00000054     sysbios.aem4f : BIOS.obj (.text:ti_sysbios_family_arm_msp432_Timer_initDevice__I)
                  0000b57c    00000004     release_pem4f.oem4f (.text:ti_sysbios_knl_Clock_TimerProxy_getMaxTicks__E)
                  0000b580    00000054     sysbios.aem4f : BIOS.obj (.text:xdc_runtime_Core_assignLabel__I)
                  0000b5d4    00000050     npi_uart_pm_msp432.aem4f : npi_task.oem4f (.text:NPITask_RemRdyEventCB)
                  0000b624    00000050     dpl_msp432p4xx.aem4f : PowerMSP432_tirtos.oem4f (.text:PowerMSP432_sleepPolicy)
                  0000b674    00000050     drivers_msp432p4xx.aem4f : TimerMSP432.oem4f (.text:TimerMSP432_Timer32_hwiIntFunction)
                  0000b6c4    00000004     release_pem4f.oem4f (.text:ti_sysbios_knl_Clock_delete)
                  0000b6c8    00000050     sysbios.aem4f : BIOS.obj (.text:ti_sysbios_family_arm_m3_Hwi_Module_startup__E)
                  0000b718    00000050     release_pem4f.oem4f (.text:ti_sysbios_knl_Task_create)
                  0000b768    0000004e     drivers_msp432p4xx.aem4f : TimerMSP432.oem4f (.text:TimerMSP432_Timer32_start)
                  0000b7b6    00000002     --HOLE-- [fill = 0]
                  0000b7b8    0000004c                              : SDSPIMSP432.oem4f (.text:initHw)
                  0000b804    0000004c                              : UARTMSP432.oem4f (.text:readIsrBinaryCallback)
                  0000b850    0000004c     rtsv7M4_T_le_v4SPD16_eabi.lib : atoi.obj (.text)
                  0000b89c    0000004c                                   : cpy_tbl.obj (.text)
                  0000b8e8    0000004c     sysbios.aem4f : BIOS.obj (.text:ti_sysbios_family_arm_msp432_Timer_postInit__I)
                  0000b934    00000004     release_pem4f.oem4f (.text:ti_sysbios_knl_Semaphore_delete)
                  0000b938    0000004c     sysbios.aem4f : BIOS.obj (.text:ti_sysbios_family_arm_msp432_Timer_start__E)
                  0000b984    00000004     release_pem4f.oem4f (.text:xdc_runtime_System_Module_GateProxy_enter__E)
                  0000b988    0000004c     sysbios.aem4f : BIOS.obj (.text:ti_sysbios_heaps_HeapMem_getStats__E)
                  0000b9d4    00000004     release_pem4f.oem4f (.text:xdc_runtime_System_Module_GateProxy_leave__E)
                  0000b9d8    0000004c     sysbios.aem4f : BIOS.obj (.text:ti_sysbios_knl_Swi_runLoop__I)
                  0000ba24    00000004     --HOLE-- [fill = 0]
                  0000ba28    0000004c                   : BIOS.obj (.text:ti_sysbios_knl_Task_allBlockedFunction__I)
                  0000ba74    0000004c     release_pem4f.oem4f (.text:ti_sysbios_knl_Task_construct)
                  0000bac0    0000004c     sysbios.aem4f : BIOS.obj (.text:ti_sysbios_knl_Task_schedule__I)
                  0000bb0c    00000048     manager_service.obj (.text:ManagerService_setParameter)
                  0000bb54    00000048     npi_uart_pm_msp432.aem4f : npi_tl_uart_m_msp432.oem4f (.text:NPITLUART_writeTransport)
                  0000bb9c    00000048                              : npi_task.oem4f (.text:NPITask_processSyncRXQ)
                  0000bbe4    00000048     drivers_msp432p4xx.aem4f : PowerMSP432.oem4f (.text:Power_releaseConstraint)
                  0000bc2c    00000048     msp432p4xx_driverlib.lib : timer32.o (.text:Timer32_initModule)
                  0000bc74    00000048     drivers_msp432p4xx.aem4f : TimerMSP432.oem4f (.text:TimerMSP432_Timer_A_start)
                  0000bcbc    00000048     fatfs.aem4f : ff.oem4f (.text:dir_find)
                  0000bd04    00000048     project_zero.obj (.text:fatfs_getFatTime)
                  0000bd4c    00000048     rtsv7M4_T_le_v4SPD16_eabi.lib : fd_toi_t2.obj (.text)
                  0000bd94    00000004     --HOLE-- [fill = 0]
                  0000bd98    00000048     sysbios.aem4f : BIOS.obj (.text:ti_sysbios_family_arm_m3_Hwi_disableInterrupt__E)
                  0000bde0    00000048                   : BIOS.obj (.text:ti_sysbios_family_arm_m3_Hwi_enableInterrupt__E)
                  0000be28    00000048                   : BIOS.obj (.text:ti_sysbios_knl_Mailbox_Module_startup__E)
                  0000be70    00000048     drivers_msp432p4xx.aem4f : SDSPIMSP432.oem4f (.text:wait_ready)
                  0000beb8    00000046     display.aem4f : DisplayUart.oem4f (.text:DisplayUartMin_vprintf)
                  0000befe    00000046     drivers_msp432p4xx.aem4f : RingBuf.oem4f (.text:RingBuf_put)
                  0000bf44    00000046     sap_uart_pm.aem4f : snp_rpc.oem4f (.text:SNP_RPC_setGATTParam)
                  0000bf8a    00000006     display.aem4f : DisplayHost.oem4f (.text:DisplayHost_getType)
                  0000bf90    00000046     sysbios.aem4f : BIOS.obj (.text:xdc_runtime_Core_assignParams__I)
                  0000bfd6    00000044     dpl_msp432p4xx.aem4f : HwiP_tirtos.oem4f (.text:HwiP_create)
                  0000c01a    00000002     --HOLE-- [fill = 0]
                  0000c01c    00000044     npi_uart_pm_msp432.aem4f : npi_tl_uart_m_msp432.oem4f (.text:NPITLUART_validPacketFound)
                  0000c060    00000044                              : npi_task.oem4f (.text:NPITask_DeserializeFrame)
                  0000c0a4    00000044     project_zero.obj (.text:ProjectZero_initServices)
                  0000c0e8    00000044     drivers_msp432p4xx.aem4f : SDSPI.oem4f (.text:SDSPI_init)
                  0000c12c    00000044     msp432p4xx_driverlib.lib : timer_a.o (.text:Timer_A_configureUpMode)
                  0000c170    00000044     drivers_msp432p4xx.aem4f : Timer.oem4f (.text:Timer_init)
                  0000c1b4    00000044                              : UART.oem4f (.text:UART_init)
                  0000c1f8    00000044     fatfs.aem4f : ff.oem4f (.text:dir_alloc)
                  0000c23c    00000044     drivers_msp432p4xx.aem4f : SDSPIMSP432.oem4f (.text:perfChangeNotifyFxn)
                  0000c280    00000044     rtsv7M4_T_le_v4SPD16_eabi.lib : fd_tou_t2.obj (.text)
                  0000c2c4    00000044     drivers_msp432p4xx.aem4f : SDSPIMSP432.oem4f (.text:rxSPI)
                  0000c308    00000044     sysbios.aem4f : BIOS.obj (.text:ti_sysbios_family_arm_m3_Hwi_getStackInfo__E)
                  0000c34c    00000004     --HOLE-- [fill = 0]
                  0000c350    00000044                   : BIOS.obj (.text:ti_sysbios_family_arm_msp432_Seconds_Module_startup__E)
                  0000c394    00000004     --HOLE-- [fill = 0]
                  0000c398    00000044                   : BIOS.obj (.text:ti_sysbios_knl_Swi_post__E)
                  0000c3dc    00000004     --HOLE-- [fill = 0]
                  0000c3e0    00000044                   : BIOS.obj (.text:xdc_runtime_System_atexit__E)
                  0000c424    00000040     npi_uart_pm_msp432.aem4f : npi_tl_msp432.oem4f (.text:NPITL_transmissionCallBack)
                  0000c464    00000040     drivers_msp432p4xx.aem4f : RingBuf.oem4f (.text:RingBuf_get)
                  0000c4a4    00000040                              : SDSPI.oem4f (.text:SDSPI_open)
                  0000c4e4    00000040     sap_uart_pm.aem4f : snp_rpc.oem4f (.text:SNP_RPC_sendHCICommand)
                  0000c524    00000040                       : snp_rpc.oem4f (.text:SNP_RPC_setGAPparam)
                  0000c564    00000040     dpl_msp432p4xx.aem4f : SemaphoreP_tirtos.oem4f (.text:SemaphoreP_create)
                  0000c5a4    00000040     drivers_msp432p4xx.aem4f : UARTMSP432.oem4f (.text:UARTMSP432_read)
                  0000c5e4    00000040     fatfs.aem4f : ff.oem4f (.text:get_ldnumber)
                  0000c624    00000040     drivers_msp432p4xx.aem4f : PowerMSP432.oem4f (.text:notify)
                  0000c664    00000040                              : UARTMSP432.oem4f (.text:perfChangeNotifyFxn)
                  0000c6a4    00000040                              : PowerMSP432.oem4f (.text:restartHFXT)
                  0000c6e4    00000040     rtsv7M4_T_le_v4SPD16_eabi.lib : u_divt2.obj (.text)
                  0000c724    00000004     --HOLE-- [fill = 0]
                  0000c728    00000040     sysbios.aem4f : BIOS.obj (.text:ti_sysbios_family_arm_msp432_Timer_Module_startup__E)
                  0000c768    00000040                   : BIOS.obj (.text:ti_sysbios_family_arm_msp432_Timer_startup__E)
                  0000c7a8    00000040                   : BIOS.obj (.text:ti_sysbios_heaps_HeapMem_Instance_init__E)
                  0000c7e8    0000003c     dpl_msp432p4xx.aem4f : ClockP_tirtos.oem4f (.text:ClockP_create)
                  0000c824    0000003c     sap_uart_pm.aem4f : sap.oem4f (.text:SAP_addToEventCBList)
                  0000c860    0000003c                       : snp_rpc.oem4f (.text:SNP_RPC_addService)
                  0000c89c    0000003c     drivers_msp432p4xx.aem4f : TimerMSP432.oem4f (.text:TimerMSP432_Timer32_stop)
                  0000c8d8    0000003c                              : Timer.oem4f (.text:Timer_open)
                  0000c914    0000003c                              : UART.oem4f (.text:UART_open)
                  0000c950    0000003c     main_tirtos.obj (.text:main)
                  0000c98c    00000004     --HOLE-- [fill = 0]
                  0000c990    0000003c     sysbios.aem4f : BIOS.obj (.text:ti_sysbios_family_arm_m3_Hwi_Instance_finalize__E)
                  0000c9cc    00000004     --HOLE-- [fill = 0]
                  0000c9d0    0000003c                   : BIOS.obj (.text:ti_sysbios_knl_Clock_Instance_init__E)
                  0000ca0c    0000003c     release_pem4f.oem4f (.text:ti_sysbios_knl_Clock_create)
                  0000ca48    0000003c     sysbios.aem4f : BIOS.obj (.text:ti_sysbios_knl_Swi_restore__E)
                  0000ca84    0000003a     drivers_msp432p4xx.aem4f : TimerMSP432.oem4f (.text:TimerMSP432_close)
                  0000cabe    00000002     --HOLE-- [fill = 0]
                  0000cac0    00000038     npi_uart_pm_msp432.aem4f : npi_tl_uart_m_msp432.oem4f (.text:NPITLUART_readTransport)
                  0000caf8    00000038                              : npi_tl_msp432.oem4f (.text:NPITL_readTL)
                  0000cb30    00000038     drivers_msp432p4xx.aem4f : PowerMSP432.oem4f (.text:Power_setConstraint)
                  0000cb68    00000038     sap_uart_pm.aem4f : snp_rpc.oem4f (.text:SNP_RPC_setAdvertisementData)
                  0000cba0    00000038     fatfs.aem4f : ff.oem4f (.text:dir_register)
                  0000cbd8    00000038     rtsv7M4_T_le_v4SPD16_eabi.lib : fs_tod_t2.obj (.text)
                  0000cc10    00000036     drivers_msp432p4xx.aem4f : UARTMSP432.oem4f (.text:UARTMSP432_readCancel)
                  0000cc46    00000036     fatfs.aem4f : ff.oem4f (.text:move_window)
                  0000cc7c    00000036     rtsv7M4_T_le_v4SPD16_eabi.lib : strncpy.obj (.text)
                  0000ccb2    00000002     --HOLE-- [fill = 0]
                  0000ccb4    00000034     display.aem4f : DisplayHost.oem4f (.text:DisplayHost_vprintf)
                  0000cce8    00000034     npi_uart_pm_msp432.aem4f : npi_task.oem4f (.text:NPITask_Params_init)
                  0000cd1c    00000034     sap_uart_pm.aem4f : sap.oem4f (.text:SAP_addToAsyncCBList)
                  0000cd50    00000034                       : sap.oem4f (.text:SAP_reset)
                  0000cd84    00000034                       : snp_rpc.oem4f (.text:SNP_RPC_charConfigUpdatedRsp)
                  0000cdb8    00000034                       : snp_rpc.oem4f (.text:SNP_RPC_writeCharCnf)
                  0000cdec    00000034     drivers_msp432p4xx.aem4f : TimerMSP432.oem4f (.text:TimerMSP432_Timer_A_stop)
                  0000ce20    00000034     fatfs.aem4f : ff.oem4f (.text:dir_remove)
                  0000ce54    00000034                 : ffcio.oem4f (.text:ffcio_lseek)
                  0000ce88    00000034     release_pem4f.oem4f (.text:ti_sysbios_knl_Semaphore_create)
                  0000cebc    00000034     fatfs.aem4f : ff.oem4f (.text:validate)
                  0000cef0    00000032     npi_uart_pm_msp432.aem4f : npi_util.oem4f (.text:NPIUtil_enqueueMsg)
                  0000cf22    00000032     sap_uart_pm.aem4f : snp_rpc.oem4f (.text:SNP_RPC_terminateConnection)
                  0000cf54    00000004     --HOLE-- [fill = 0]
                  0000cf58    00000032     sysbios.aem4f : BIOS.obj (.text:ti_sysbios_hal_Hwi_initStack)
                  0000cf8a    00000002     --HOLE-- [fill = 0]
                  0000cf8c    00000030     drivers_msp432p4xx.aem4f : GPIOMSP432.oem4f (.text:GPIO_clearInt)
                  0000cfbc    00000030                              : GPIOMSP432.oem4f (.text:GPIO_disableInt)
                  0000cfec    00000030                              : GPIOMSP432.oem4f (.text:GPIO_enableInt)
                  0000d01c    00000030     npi_uart_pm_msp432.aem4f : npi_task.oem4f (.text:NPITask_processRXQ)
                  0000d04c    00000030     sap_uart_pm.aem4f : sap.oem4f (.text:SAP_initParams)
                  0000d07c    00000030                       : snp_rpc.oem4f (.text:SNP_RPC_setSecurityParam)
                  0000d0ac    00000030                       : snp_rpc.oem4f (.text:SNP_sendSynchronousCmd)
                  0000d0dc    00000030                       : sap.oem4f (.text:getEventCallbacks)
                  0000d10c    00000030     msp432p4xx_driverlib.lib : spi.o (.text:is_A_Module)
                  0000d13c    00000030     drivers_msp432p4xx.aem4f : SDSPIMSP432.oem4f (.text:mapPin)
                  0000d16c    00000030                              : UARTMSP432.oem4f (.text:mapPin)
                  0000d19c    00000030     release_pem4f.oem4f (.text:ti_sysbios_BIOS_atExitFunc__I)
                  0000d1cc    00000030     release_pem4f.oem4f (.text:ti_sysbios_BIOS_startFunc__I)
                  0000d1fc    00000004     --HOLE-- [fill = 0]
                  0000d200    00000030     sysbios.aem4f : BIOS.obj (.text:ti_sysbios_family_arm_m3_TaskSupport_start__E)
                  0000d230    00000030     release_pem4f.oem4f (.text:ti_sysbios_gates_GateHwi_Object__create__S)
                  0000d260    00000030     release_pem4f.oem4f (.text:ti_sysbios_gates_GateMutex_Object__create__S)
                  0000d290    00000030     sysbios.aem4f : BIOS.obj (.text:ti_sysbios_gates_GateMutex_enter__E)
                  0000d2c0    00000030     release_pem4f.oem4f (.text:ti_sysbios_heaps_HeapMem_Object__create__S)
                  0000d2f0    00000030     release_pem4f.oem4f (.text:ti_sysbios_knl_Event_create)
                  0000d320    00000030     sysbios.aem4f : BIOS.obj (.text:ti_sysbios_knl_Event_pendTimeout__I)
                  0000d350    00000030                   : BIOS.obj (.text:ti_sysbios_knl_Mailbox_postInit__I)
                  0000d380    00000030     release_pem4f.oem4f (.text:ti_sysbios_knl_Queue_create)
                  0000d3b0    00000030     release_pem4f.oem4f (.text:ti_sysbios_knl_Semaphore_construct)
                  0000d3e0    00000030     sysbios.aem4f : BIOS.obj (.text:ti_sysbios_knl_Semaphore_pendTimeout__I)
                  0000d410    00000030                   : BIOS.obj (.text:ti_sysbios_knl_Task_processVitalTaskFlag__I)
                  0000d440    00000030                   : BIOS.obj (.text:ti_sysbios_knl_Task_unblockI__E)
                  0000d470    00000030                   : BIOS.obj (.text:xdc_runtime_System_processAtExit__E)
                  0000d4a0    0000002e     npi_uart_pm_msp432.aem4f : npi_task.oem4f (.text:NPITask_SerializeFrame)
                  0000d4ce    0000002e     release_pem4f.oem4f (.text:malloc)
                  0000d4fc    0000002e     rtsv7M4_T_le_v4SPD16_eabi.lib : i_tofd_t2.obj (.text)
                  0000d52a    00000002     --HOLE-- [fill = 0]
                  0000d52c    0000002c     npi_uart_pm_msp432.aem4f : npi_task.oem4f (.text:NPITask_routeHostToSS)
                  0000d558    0000002c     dpl_msp432p4xx.aem4f : PowerMSP432_tirtos.oem4f (.text:PowerMSP432_updateFreqs)
                  0000d584    0000002c     fatfs.aem4f : diskio.oem4f (.text:disk_register)
                  0000d5b0    0000002c     release_pem4f.oem4f (.text:ti_sysbios_knl_Clock_doTick__I)
                  0000d5dc    0000002c     release_pem4f.oem4f (.text:ti_sysbios_knl_Queue_construct)
                  0000d608    0000002c     sysbios.aem4f : BIOS.obj (.text:ti_sysbios_knl_Task_restore__E)
                  0000d634    00000004     --HOLE-- [fill = 0]
                  0000d638    0000002c                   : BIOS.obj (.text:usleep)
                  0000d664    0000002a     display.aem4f : Display.oem4f (.text:Display_doPrintf)
                  0000d68e    0000002a     sap_uart_pm.aem4f : snp_rpc.oem4f (.text:SNP_RPC_setWhiteListParam)
                  0000d6b8    0000002a     release_pem4f.oem4f (.text:calloc)
                  0000d6e2    00000006     display.aem4f : DisplayUart.oem4f (.text:DisplayUartMin_control)
                  0000d6e8    0000002a     sysbios.aem4f : BIOS.obj (.text:xdc_runtime_System_putchar__I)
                  0000d712    00000002     --HOLE-- [fill = 0]
                  0000d714    00000028     display.aem4f : Display.oem4f (.text:Display_doInit)
                  0000d73c    00000028     npi_uart_pm_msp432.aem4f : npi_tl_uart_m_msp432.oem4f (.text:NPITLUART_openTransport)
                  0000d764    00000028                              : npi_tl_msp432.oem4f (.text:NPITL_getRxBufLen)
                  0000d78c    00000028     drivers_msp432p4xx.aem4f : PowerMSP432.oem4f (.text:Power_registerNotify)
                  0000d7b4    00000028     sap_uart_pm.aem4f : snp_rpc_synchro.oem4f (.text:SNP_open)
                  0000d7dc    00000028     drivers_msp432p4xx.aem4f : PowerMSP432.oem4f (.text:disableHFXT)
                  0000d804    00000028     fatfs.aem4f : diskio.oem4f (.text:disk_unregister)
                  0000d82c    00000028     drivers_msp432p4xx.aem4f : UARTMSP432.oem4f (.text:findBaudDividerIndex)
                  0000d854    00000004     --HOLE-- [fill = 0]
                  0000d858    00000028     sysbios.aem4f : BIOS.obj (.text:ti_sysbios_knl_Clock_addI__E)
                  0000d880    00000028                   : BIOS.obj (.text:ti_sysbios_knl_Swi_Module_startup__E)
                  0000d8a8    00000026     drivers_msp432p4xx.aem4f : List.oem4f (.text:List_put)
                  0000d8ce    00000026     sysbios.aem4f : m3_Hwi_asm.obj (.text:ti_sysbios_family_arm_m3_Hwi_pendSV__I)
                  0000d8f4    00000024     msp432p4xx_driverlib.lib : cs.o (.text:CS_setDCOCenteredFrequency)
                  0000d918    00000024     manager_service.obj (.text:ManagerService_getParameter)
                  0000d93c    00000024     npi_uart_pm_msp432.aem4f : npi_tl_msp432.oem4f (.text:NPITL_checkNpiBusy)
                  0000d960    00000024                              : npi_task.oem4f (.text:NPITask_regSSFromHostCB)
                  0000d984    00000024     msp432p4xx_driverlib.lib : timer32.o (.text:Timer32_setCount)
                  0000d9a8    00000024     fatfs.aem4f : diskio.oem4f (.text:disk_ioctl)
                  0000d9cc    00000024                 : diskio.oem4f (.text:disk_read)
                  0000d9f0    00000024                 : ff.oem4f (.text:f_close)
                  0000da14    00000024     release_pem4f.oem4f (.text:ti_sysbios_BIOS_registerRTSLock__I)
                  0000da38    00000024     release_pem4f.oem4f (.text:ti_sysbios_BIOS_removeRTSLock__I)
                  0000da5c    00000004     --HOLE-- [fill = 0]
                  0000da60    00000024     sysbios.aem4f : BIOS.obj (.text:ti_sysbios_family_arm_msp432_ClockFreqs_setFrequency__E)
                  0000da84    00000024     release_pem4f.oem4f (.text:ti_sysbios_gates_GateMutex_Object__delete__S)
                  0000daa8    00000024     sysbios.aem4f : BIOS.obj (.text:ti_sysbios_knl_Clock_Module_startup__E)
                  0000dacc    00000024     release_pem4f.oem4f (.text:ti_sysbios_knl_Clock_Object__delete__S)
                  0000daf0    00000024     sysbios.aem4f : BIOS.obj (.text:ti_sysbios_knl_Clock_start__E)
                  0000db14    00000004     --HOLE-- [fill = 0]
                  0000db18    00000024                   : BIOS.obj (.text:ti_sysbios_knl_Semaphore_Instance_init__E)
                  0000db3c    00000024     release_pem4f.oem4f (.text:ti_sysbios_knl_Semaphore_Object__delete__S)
                  0000db60    00000024     sysbios.aem4f : BIOS.obj (.text:ti_sysbios_knl_Task_restoreHwi__E)
                  0000db84    00000004     --HOLE-- [fill = 0]
                  0000db88    00000024                   : BIOS.obj (.text:xdc_runtime_Error_policyMin__E)
                  0000dbac    00000004     --HOLE-- [fill = 0]
                  0000dbb0    00000024                   : BIOS.obj (.text:xdc_runtime_System_abort__E)
                  0000dbd4    00000022     sap_uart_pm.aem4f : snp_rpc.oem4f (.text:SNP_RPC_registerService)
                  0000dbf6    00000002     --HOLE-- [fill = 0]
                  0000dbf8    00000020     drivers_msp432p4xx.aem4f : GPIOMSP432.oem4f (.text:GPIO_read)
                  0000dc18    00000020     npi_uart_pm_msp432.aem4f : npi_tl_msp432.oem4f (.text:NPITL_relPM)
                  0000dc38    00000020                              : npi_tl_msp432.oem4f (.text:NPITL_setPM)
                  0000dc58    00000020                              : npi_util.oem4f (.text:NPIUtil_dequeueMsg)
                  0000dc78    00000020     drivers_msp432p4xx.aem4f : PowerMSP432.oem4f (.text:Power_unregisterNotify)
                  0000dc98    00000020                              : RingBuf.oem4f (.text:RingBuf_peek)
                  0000dcb8    00000020     msp432p4xx_driverlib.lib : timer32.o (.text:Timer32_startTimer)
                  0000dcd8    00000020                              : timer_a.o (.text:Timer_A_disableCaptureCompareInterrupt)
                  0000dcf8    00000020                              : timer_a.o (.text:Timer_A_enableCaptureCompareInterrupt)
                  0000dd18    00000020     fatfs.aem4f : diskio.oem4f (.text:disk_write)
                  0000dd38    00000020                 : ffcio.oem4f (.text:ffcio_close)
                  0000dd58    00000020                 : ffcio.oem4f (.text:ffcio_read)
                  0000dd78    00000020                 : ffcio.oem4f (.text:ffcio_write)
                  0000dd98    00000020     rtsv7M4_T_le_v4SPD16_eabi.lib : memchr.obj (.text)
                  0000ddb8    00000020                                   : u_tofd_t2.obj (.text)
                  0000ddd8    00000020     drivers_msp432p4xx.aem4f : SDSPIMSP432.oem4f (.text:takeSPIBus)
                  0000ddf8    00000020     release_pem4f.oem4f (.text:ti_sysbios_BIOS_rtsLock__I)
                  0000de18    00000020     release_pem4f.oem4f (.text:ti_sysbios_family_arm_m3_Hwi_Object__delete__S)
                  0000de38    00000020     sysbios.aem4f : m3_Hwi_asm.obj (.text:ti_sysbios_family_arm_m3_Hwi_excHandlerAsm__I)
                  0000de58    00000020                   : BIOS.obj (.text:ti_sysbios_family_arm_m3_Hwi_excHandler__I)
                  0000de78    00000020     release_pem4f.oem4f (.text:ti_sysbios_gates_GateHwi_Object__delete__S)
                  0000de98    00000020     release_pem4f.oem4f (.text:ti_sysbios_heaps_HeapMem_Object__delete__S)
                  0000deb8    00000020     sysbios.aem4f : BIOS.obj (.text:ti_sysbios_knl_Idle_run__E)
                  0000ded8    00000020     release_pem4f.oem4f (.text:ti_sysbios_knl_Semaphore_destruct)
                  0000def8    0000001e     fatfs.aem4f : ff.oem4f (.text:ld_clust)
                  0000df16    0000001e     rtsv7M4_T_le_v4SPD16_eabi.lib : strcat.obj (.text)
                  0000df34    0000001e     sysbios.aem4f : m3_Hwi_asm_switch.obj (.text:ti_sysbios_family_xxx_Hwi_switchAndRunFunc)
                  0000df52    0000001c     data_service.obj (.text:Data_processSNPEventCB)
                  0000df6e    0000001c     manager_service.obj (.text:Manager_processSNPEventCB)
                  0000df8a    0000001c     npi_uart_pm_msp432.aem4f : npi_util.oem4f (.text:NPIUtil_EnterCS)
                  0000dfa6    0000001c     sap_uart_pm.aem4f : snp_rpc.oem4f (.text:SNP_RPC_stopAdvertising)
                  0000dfc2    0000001c                       : snp_rpc.oem4f (.text:SNP_buildNPIPacket)
                  0000dfde    0000001c     stream_service.obj (.text:Stream_processSNPEventCB)
                  0000dffa    0000001c     drivers_msp432p4xx.aem4f : TimerMSP432.oem4f (.text:TimerMSP432_Timer32_getCount)
                  0000e016    0000001c                              : TimerMSP432.oem4f (.text:TimerMSP432_Timer_A_getCount)
                  0000e032    0000001c     msp432p4xx_driverlib.lib : timer_a.o (.text:Timer_A_getCounterValue)
                  0000e04e    00000002     --HOLE-- [fill = 0]
                  0000e050    0000001c     fatfs.aem4f : diskio.oem4f (.text:disk_initialize)
                  0000e06c    0000001c                 : diskio.oem4f (.text:disk_status)
                  0000e088    0000001c                 : ff.oem4f (.text:mem_cmp)
                  0000e0a4    0000001c     rtsv7M4_T_le_v4SPD16_eabi.lib : memccpy.obj (.text)
                  0000e0c0    0000001c     sysbios.aem4f : BIOS.obj (.text:ti_sysbios_gates_GateMutex_Instance_init__E)
                  0000e0dc    00000004     --HOLE-- [fill = 0]
                  0000e0e0    0000001c                   : BIOS.obj (.text:ti_sysbios_knl_Clock_Instance_finalize__E)
                  0000e0fc    0000001c     release_pem4f.oem4f (.text:ti_sysbios_knl_Queue_destruct)
                  0000e118    0000001c     sysbios.aem4f : BIOS.obj (.text:ti_sysbios_knl_Queue_put__E)
                  0000e134    00000004     --HOLE-- [fill = 0]
                  0000e138    0000001c                   : BIOS.obj (.text:ti_sysbios_knl_Task_enter__I)
                  0000e154    00000004     --HOLE-- [fill = 0]
                  0000e158    0000001c                   : BIOS.obj (.text:xdc_runtime_Memory_valloc__E)
                  0000e174    0000001a     sap_uart_pm.aem4f : sap.oem4f (.text:SAP_setServiceParam)
                  0000e18e    0000001a     msp432p4xx_driverlib.lib : timer_a.o (.text:Timer_A_clearCaptureCompareInterrupt)
                  0000e1a8    0000001a     fatfs.aem4f : ff.oem4f (.text:unlock_fs)
                  0000e1c2    00000002     --HOLE-- [fill = 0]
                  0000e1c4    00000018     release_pem4f.oem4f (.text:.bootCodeSection:ti_sysbios_family_arm_msp432_init_Boot_init__I)
                  0000e1dc    00000018     npi_uart_pm_msp432.aem4f : npi_tl_uart_m_msp432.oem4f (.text:NPITLUART_calcFCS)
                  0000e1f4    00000018                              : npi_task.oem4f (.text:NPITask_mallocFrame)
                  0000e20c    00000018     drivers_msp432p4xx.aem4f : PowerMSP432.oem4f (.text:Power_idleFunc)
                  0000e224    00000018     project_zero.obj (.text:ProjectZero_processDataServiceCB)
                  0000e23c    00000018     drivers_msp432p4xx.aem4f : UART.oem4f (.text:UART_Params_init)
                  0000e254    00000018     fatfs.aem4f : ff.oem4f (.text:clust2sect)
                  0000e26c    00000018                 : ffosal.oem4f (.text:ff_cre_syncobj)
                  0000e284    00000018     release_pem4f.oem4f (.text:free)
                  0000e29c    00000018     rtsv7M4_T_le_v4SPD16_eabi.lib : args_main.obj (.text)
                  0000e2b4    00000018                                   : strcmp.obj (.text)
                  0000e2cc    00000018     release_pem4f.oem4f (.text:ti_sysbios_BIOS_rtsUnlock__I)
                  0000e2e4    00000018     release_pem4f.oem4f (.text:ti_sysbios_family_arm_m3_Hwi_Module__startupDone__F)
                  0000e2fc    00000018     sysbios.aem4f : m3_TaskSupport_asm.obj (.text:ti_sysbios_family_arm_m3_TaskSupport_swap__E)
                  0000e314    00000018     release_pem4f.oem4f (.text:ti_sysbios_family_arm_msp432_Timer_Module__startupDone__F)
                  0000e32c    00000018     release_pem4f.oem4f (.text:ti_sysbios_gates_GateHwi_Handle__label__S)
                  0000e344    00000018     release_pem4f.oem4f (.text:ti_sysbios_gates_GateMutex_Handle__label__S)
                  0000e35c    00000004     --HOLE-- [fill = 0]
                  0000e360    00000018     sysbios.aem4f : BIOS.obj (.text:ti_sysbios_gates_GateMutex_leave__E)
                  0000e378    00000018     release_pem4f.oem4f (.text:ti_sysbios_heaps_HeapMem_Handle__label__S)
                  0000e390    00000018     sysbios.aem4f : BIOS.obj (.text:ti_sysbios_knl_Task_sleepTimeout__I)
                  0000e3a8    00000018     release_pem4f.oem4f (.text:time)
                  0000e3c0    00000018     sysbios.aem4f : BIOS.obj (.text:xdc_runtime_Error_init__E)
                  0000e3d8    00000018                   : BIOS.obj (.text:xdc_runtime_System_exit__E)
                  0000e3f0    00000016     display.aem4f : DisplayUart.oem4f (.text:DisplayUartMin_close)
                  0000e406    00000016     drivers_msp432p4xx.aem4f : List.oem4f (.text:List_remove)
                  0000e41c    00000016     fatfs.aem4f : ff.oem4f (.text:mem_cpy)
                  0000e432    00000016     rtsv7M4_T_le_v4SPD16_eabi.lib : strchr.obj (.text)
                  0000e448    00000016     release_pem4f.oem4f (.text:ti_sysbios_BIOS_exitFunc__I)
                  0000e45e    00000016     project_zero.obj (.text:ti_sysbios_knl_Task_Params_init)
                  0000e474    00000004     --HOLE-- [fill = 0]
                  0000e478    00000016     sysbios.aem4f : BIOS.obj (.text:ti_sysbios_knl_Task_unblock__E)
                  0000e48e    00000002     --HOLE-- [fill = 0]
                  0000e490    00000014     sap_uart_pm.aem4f : snp_rpc.oem4f (.text:SNP_RPC_registerSAPCBs)
                  0000e4a4    00000014                       : snp_rpc.oem4f (.text:SNP_sendAsyncCmd)
                  0000e4b8    00000014     drivers_msp432p4xx.aem4f : UARTMSP432.oem4f (.text:clearTXCPTIFG)
                  0000e4cc    00000014     fatfs.aem4f : ffosal.oem4f (.text:ff_req_grant)
                  0000e4e0    00000014     project_zero.obj (.text:hc_setReady)
                  0000e4f4    00000014     fatfs.aem4f : ff.oem4f (.text:mem_set)
                  0000e508    00000014     rtsv7M4_T_le_v4SPD16_eabi.lib : _lock.obj (.text)
                  0000e51c    00000014                                   : s_copysign.obj (.text)
                  0000e530    00000014                                   : strcpy.obj (.text)
                  0000e544    00000014                                   : strlen.obj (.text)
                  0000e558    00000014     release_pem4f.oem4f (.text:ti_sysbios_family_arm_m3_Hwi_Object__get__S)
                  0000e56c    00000004     --HOLE-- [fill = 0]
                  0000e570    00000014     sysbios.aem4f : BIOS.obj (.text:ti_sysbios_family_arm_m3_Hwi_switchFromBootStack__E)
                  0000e584    00000014     release_pem4f.oem4f (.text:ti_sysbios_heaps_HeapMem_Object__get__S)
                  0000e598    00000014     sysbios.aem4f : BIOS.obj (.text:ti_sysbios_knl_Event_Instance_init__E)
                  0000e5ac    00000014     release_pem4f.oem4f (.text:ti_sysbios_knl_Swi_Object__get__S)
                  0000e5c0    00000012     dpl_msp432p4xx.aem4f : ClockP_tirtos.oem4f (.text:ClockP_start)
                  0000e5d2    00000012     npi_uart_pm_msp432.aem4f : npi_util.oem4f (.text:NPIUtil_ExitCS)
                  0000e5e4    00000012     drivers_msp432p4xx.aem4f : RingBuf.oem4f (.text:RingBuf_construct)
                  0000e5f6    00000012                              : SDSPIMSP432.oem4f (.text:SDSPIMSP432_init)
                  0000e608    00000012     dpl_msp432p4xx.aem4f : SemaphoreP_tirtos.oem4f (.text:SemaphoreP_pend)
                  0000e61a    00000012     fatfs.aem4f : ff.oem4f (.text:chk_chr)
                  0000e62c    00000012                 : ffcio.oem4f (.text:ffcio_rename)
                  0000e63e    00000012                 : ffcio.oem4f (.text:ffcio_unlink)
                  0000e650    00000012     sysbios.aem4f : BIOS.obj (.text:ti_sysbios_hal_Hwi_Module_startup__E)
                  0000e662    00000012     release_pem4f.oem4f (.text:xdc_runtime_Startup_exec__I)
                  0000e674    00000010     drivers_msp432p4xx.aem4f : PowerMSP432.oem4f (.text:PowerMSP432_getNumPerfLevels)
                  0000e684    00000010     project_zero.obj (.text:ProjectZero_processDataServicecccdCB)
                  0000e694    00000010     project_zero.obj (.text:ProjectZero_processManagerServicecccdCB)
                  0000e6a4    00000010     project_zero.obj (.text:ProjectZero_processStreamServicecccdCB)
                  0000e6b4    00000010     drivers_msp432p4xx.aem4f : SDSPIMSP432.oem4f (.text:SDSPIMSP432_diskStatus)
                  0000e6c4    00000010                              : SDSPI.oem4f (.text:SDSPI_Params_init)
                  0000e6d4    00000010     sap_uart_pm.aem4f : snp_rpc_synchro.oem4f (.text:SNP_enterCS)
                  0000e6e4    00000010                       : snp_rpc_synchro.oem4f (.text:SNP_waitForResponse)
                  0000e6f4    00000010     msp432p4xx_driverlib.lib : sysctl.o (.text:SysCtl_disableNMISource)
                  0000e704    00000010                              : sysctl.o (.text:SysCtl_enableNMISource)
                  0000e714    00000010                              : sysctl.o (.text:SysCtl_getNMISourceStatus)
                  0000e724    00000010     drivers_msp432p4xx.aem4f : TimerMSP432.oem4f (.text:TimerMSP432_Timer32_control)
                  0000e734    00000010     msp432p4xx_driverlib.lib : timer_a.o (.text:Timer_A_clearTimer)
                  0000e744    00000010     drivers_msp432p4xx.aem4f : Timer.oem4f (.text:Timer_Params_init)
                  0000e754    00000010                              : UARTMSP432.oem4f (.text:readBlockingTimeout)
                  0000e764    00000010     fatfs.aem4f : ff.oem4f (.text:st_clust)
                  0000e774    00000004     --HOLE-- [fill = 0]
                  0000e778    00000010     sysbios.aem4f : BIOS.obj (.text:ti_sysbios_BIOS_exit__E)
                  0000e788    00000010                   : BIOS.obj (.text:ti_sysbios_BIOS_setCpuFreq__E)
                  0000e798    00000010                   : BIOS.obj (.text:ti_sysbios_BIOS_setThreadType__E)
                  0000e7a8    00000010                   : BIOS.obj (.text:ti_sysbios_BIOS_start__E)
                  0000e7b8    00000010                   : m3_TaskSupport_asm.obj (.text:ti_sysbios_family_arm_m3_TaskSupport_glue)
                  0000e7c8    00000010                   : BIOS.obj (.text:ti_sysbios_family_arm_msp432_init_Boot_disableWatchdog)
                  0000e7d8    00000010                   : BIOS.obj (.text:ti_sysbios_gates_GateMutex_Instance_finalize__E)
                  0000e7e8    00000010     release_pem4f.oem4f (.text:ti_sysbios_knl_Mailbox_Object__get__S)
                  0000e7f8    00000010     sysbios.aem4f : BIOS.obj (.text:ti_sysbios_knl_Semaphore_Instance_finalize__E)
                  0000e808    00000010                   : BIOS.obj (.text:ti_sysbios_knl_Swi_disable__E)
                  0000e818    00000010     release_pem4f.oem4f (.text:ti_sysbios_knl_Task_Object__get__S)
                  0000e828    00000010     sysbios.aem4f : BIOS.obj (.text:ti_sysbios_knl_Task_disable__E)
                  0000e838    00000010                   : BIOS.obj (.text:xdc_runtime_Gate_leaveSystem__E)
                  0000e848    00000010                   : BIOS.obj (.text:xdc_runtime_Memory_free__E)
                  0000e858    00000010                   : BIOS.obj (.text:xdc_runtime_SysCallback_abort__E)
                  0000e868    00000010                   : BIOS.obj (.text:xdc_runtime_SysCallback_exit__E)
                  0000e878    00000010                   : BIOS.obj (.text:xdc_runtime_SysCallback_putch__E)
                  0000e888    00000010                   : BIOS.obj (.text:xdc_runtime_SysCallback_ready__E)
                  0000e898    00000010                   : BIOS.obj (.text:xdc_runtime_System_vsnprintf__E)
                  0000e8a8    0000000e     dpl_msp432p4xx.aem4f : ClockP_tirtos.oem4f (.text:ClockP_delete)
                  0000e8b6    0000000e                          : HwiP_tirtos.oem4f (.text:HwiP_Params_init)
                  0000e8c4    0000000e                          : HwiP_tirtos.oem4f (.text:HwiP_delete)
                  0000e8d2    0000000e                          : SemaphoreP_tirtos.oem4f (.text:SemaphoreP_delete)
                  0000e8e0    0000000e     rtsv7M4_T_le_v4SPD16_eabi.lib : copy_decompress_none.obj (.text:decompress:none)
                  0000e8ee    00000002     --HOLE-- [fill = 0]
                  0000e8f0    0000000e     sysbios.aem4f : BIOS.obj (.text:ti_sysbios_knl_Idle_loop__E)
                  0000e8fe    00000002     --HOLE-- [fill = 0]
                  0000e900    0000000e                   : BIOS.obj (.text:ti_sysbios_knl_Queue_empty__E)
                  0000e90e    0000000c     msp432p4xx_driverlib.lib : cpu.o (.text:CPU_cpsid)
                  0000e91a    0000000c                              : cpu.o (.text:CPU_cpsie)
                  0000e926    00000002     --HOLE-- [fill = 0]
                  0000e928    0000000c     dpl_msp432p4xx.aem4f : ClockP_tirtos.oem4f (.text:ClockP_getSystemTickPeriod)
                  0000e934    0000000c     sap_uart_pm.aem4f : npi_ss_ble_sap.oem4f (.text:NPISS_BLE_SNP_init)
                  0000e940    0000000c     drivers_msp432p4xx.aem4f : PowerMSP432.oem4f (.text:Power_getConstraintMask)
                  0000e94c    0000000c                              : PowerMSP432.oem4f (.text:Power_getPerformanceLevel)
                  0000e958    0000000c     project_zero.obj (.text:ProjectZero_processStreamServiceCB)
                  0000e964    0000000c     sap_uart_pm.aem4f : snp_rpc_synchro.oem4f (.text:SNP_exitCS)
                  0000e970    0000000c                       : snp_rpc_synchro.oem4f (.text:SNP_responseReceived)
                  0000e97c    0000000c     msp432p4xx_driverlib.lib : timer_a.o (.text:Timer_A_stopTimer)
                  0000e988    0000000c     rtsv7M4_T_le_v4SPD16_eabi.lib : copy_zero_init.obj (.text:decompress:ZI)
                  0000e994    0000000c     release_pem4f.oem4f (.text:ti_sysbios_family_arm_m3_Hwi_Params__init__S)
                  0000e9a0    0000000c     sysbios.aem4f : BIOS.obj (.text:ti_sysbios_family_arm_m3_Hwi_disableFxn__E)
                  0000e9ac    00000004     --HOLE-- [fill = 0]
                  0000e9b0    0000000c                   : BIOS.obj (.text:ti_sysbios_family_arm_m3_TaskSupport_getStackAlignment__E)
                  0000e9bc    00000004     --HOLE-- [fill = 0]
                  0000e9c0    0000000c                   : BIOS.obj (.text:ti_sysbios_family_arm_msp432_Timer_getMaxTicks__E)
                  0000e9cc    00000004     --HOLE-- [fill = 0]
                  0000e9d0    0000000c                   : BIOS.obj (.text:ti_sysbios_gates_GateHwi_enter__E)
                  0000e9dc    0000000c     release_pem4f.oem4f (.text:ti_sysbios_knl_Clock_Params__init__S)
                  0000e9e8    0000000c     sysbios.aem4f : BIOS.obj (.text:ti_sysbios_knl_Clock_getTicks__E)
                  0000e9f4    0000000c     release_pem4f.oem4f (.text:ti_sysbios_knl_Queue_Object__get__S)
                  0000ea00    0000000c     sysbios.aem4f : BIOS.obj (.text:ti_sysbios_knl_Queue_dequeue__E)
                  0000ea0c    00000004     --HOLE-- [fill = 0]
                  0000ea10    0000000c                   : BIOS.obj (.text:ti_sysbios_knl_Queue_enqueue__E)
                  0000ea1c    0000000c     release_pem4f.oem4f (.text:ti_sysbios_knl_Semaphore_Params__init__S)
                  0000ea28    0000000c     release_pem4f.oem4f (.text:ti_sysbios_knl_Task_Params__init__S)
                  0000ea34    00000004     --HOLE-- [fill = 0]
                  0000ea38    0000000c     sysbios.aem4f : BIOS.obj (.text:xdc_runtime_Gate_enterSystem__E)
                  0000ea44    00000004     --HOLE-- [fill = 0]
                  0000ea48    0000000c                   : BIOS.obj (.text:xdc_runtime_Startup_rtsDone__E)
                  0000ea54    0000000a     dpl_msp432p4xx.aem4f : ClockP_tirtos.oem4f (.text:ClockP_stop)
                  0000ea5e    0000000a                          : SemaphoreP_tirtos.oem4f (.text:SemaphoreP_Params_init)
                  0000ea68    0000000a                          : SemaphoreP_tirtos.oem4f (.text:SemaphoreP_post)
                  0000ea72    0000000a     msp432p4xx_driverlib.lib : timer32.o (.text:Timer32_clearInterruptFlag)
                  0000ea7c    0000000a                              : timer32.o (.text:Timer32_disableInterrupt)
                  0000ea86    0000000a                              : timer32.o (.text:Timer32_enableInterrupt)
                  0000ea90    0000000a                              : timer32.o (.text:Timer32_haltTimer)
                  0000ea9a    0000000a     drivers_msp432p4xx.aem4f : TimerMSP432.oem4f (.text:TimerMSP432_init)
                  0000eaa4    0000000a                              : Timer.oem4f (.text:Timer_start)
                  0000eaae    0000000a                              : UART.oem4f (.text:UART_close)
                  0000eab8    0000000a                              : UART.oem4f (.text:UART_control)
                  0000eac2    0000000a                              : UART.oem4f (.text:UART_read)
                  0000eacc    0000000a                              : UART.oem4f (.text:UART_write)
                  0000ead6    0000000a     fatfs.aem4f : ffosal.oem4f (.text:ff_del_syncobj)
                  0000eae0    0000000a     release_pem4f.oem4f (.text:xdc_runtime_IHeap_alloc)
                  0000eaea    0000000a     release_pem4f.oem4f (.text:xdc_runtime_IHeap_free)
                  0000eaf4    00000008     dpl_msp432p4xx.aem4f : ClockP_tirtos.oem4f (.text:ClockP_Params_init)
                  0000eafc    00000008     msp432p4xx_driverlib.lib : timer_a.o (.text:Timer_A_startCounter)
                  0000eb04    00000008     drivers_msp432p4xx.aem4f : UARTMSP432.oem4f (.text:readSemCallback)
                  0000eb0c    00000004     --HOLE-- [fill = 0]
                  0000eb10    00000008     sysbios.aem4f : BIOS.obj (.text:ti_sysbios_family_arm_m3_Hwi_doSwiRestore__I)
                  0000eb18    00000008                   : BIOS.obj (.text:ti_sysbios_family_arm_m3_Hwi_startup__E)
                  0000eb20    00000008     drivers_msp432p4xx.aem4f : UARTMSP432.oem4f (.text:txcptEnabledStatus)
                  0000eb28    00000008                              : UARTMSP432.oem4f (.text:writeSemCallback)
                  0000eb30    00000006     display.aem4f : DisplayUart.oem4f (.text:DisplayUartMin_getType)
                  0000eb36    00000006     drivers_msp432p4xx.aem4f : SDSPIMSP432.oem4f (.text:SDSPIMSP432_control)
                  0000eb3c    00000006                              : TimerMSP432.oem4f (.text:TimerMSP432_Timer_A_control)
                  0000eb42    00000006     fatfs.aem4f : ff.oem4f (.text:lock_fs)
                  0000eb48    00000006     sysbios.aem4f : BIOS.obj (.text:ti_sysbios_family_arm_m3_Hwi_doTaskRestore__I)
                  0000eb4e    00000002     --HOLE-- [fill = 0]
                  0000eb50    00000006                   : BIOS.obj (.text:ti_sysbios_family_arm_m3_Hwi_restoreFxn__E)
                  0000eb56    00000002     --HOLE-- [fill = 0]
                  0000eb58    00000006                   : BIOS.obj (.text:ti_sysbios_gates_GateHwi_leave__E)
                  0000eb5e    00000002     --HOLE-- [fill = 0]
                  0000eb60    00000006                   : BIOS.obj (.text:ti_sysbios_heaps_HeapMem_isBlocking__E)
                  0000eb66    00000002     --HOLE-- [fill = 0]
                  0000eb68    00000006                   : BIOS.obj (.text:ti_sysbios_knl_Clock_stop__E)
                  0000eb6e    00000002     --HOLE-- [fill = 0]
                  0000eb70    00000006                   : BIOS.obj (.text:ti_sysbios_knl_Queue_Instance_init__E)
                  0000eb76    00000002     --HOLE-- [fill = 0]
                  0000eb78    00000006                   : BIOS.obj (.text:ti_sysbios_knl_Swi_startup__E)
                  0000eb7e    00000002     --HOLE-- [fill = 0]
                  0000eb80    00000006                   : BIOS.obj (.text:xdc_runtime_System_Module_startup__E)
                  0000eb86    00000002     --HOLE-- [fill = 0]
                  0000eb88    00000004                   : BIOS.obj (.text:ti_sysbios_gates_GateHwi_query__E)
                  0000eb8c    00000004     --HOLE-- [fill = 0]
                  0000eb90    00000004                   : BIOS.obj (.text:ti_sysbios_gates_GateMutex_query__E)
                  0000eb94    00000004     --HOLE-- [fill = 0]
                  0000eb98    00000004                   : BIOS.obj (.text:ti_sysbios_knl_Clock_setTimeout__E)
                  0000eb9c    00000004     --HOLE-- [fill = 0]
                  0000eba0    00000004                   : BIOS.obj (.text:ti_sysbios_knl_Task_startup__E)
                  0000eba4    00000004     --HOLE-- [fill = 0]
                  0000eba8    00000004                   : BIOS.obj (.text:xdc_runtime_SysCallback_defaultReady)
                  0000ebac    00000004     --HOLE-- [fill = 0]
                  0000ebb0    00000002                   : BIOS.obj (.text:ti_sysbios_BIOS_linkedWithIncorrectBootLibrary__E)
                  0000ebb2    00000006     --HOLE-- [fill = 0]
                  0000ebb8    00000002                   : BIOS.obj (.text:ti_sysbios_gates_GateHwi_Instance_init__E)
                  0000ebba    00000006     --HOLE-- [fill = 0]
                  0000ebc0    00000002                   : BIOS.obj (.text:ti_sysbios_knl_Clock_logTick__E)
                  0000ebc2    00000006     --HOLE-- [fill = 0]
                  0000ebc8    00000002                   : BIOS.obj (.text:xdc_runtime_SysCallback_defaultAbort)
                  0000ebca    00000006     --HOLE-- [fill = 0]
                  0000ebd0    00000002                   : BIOS.obj (.text:xdc_runtime_SysCallback_defaultExit)
                  0000ebd2    00000006     --HOLE-- [fill = 0]
                  0000ebd8    00000002                   : BIOS.obj (.text:xdc_runtime_SysCallback_defaultPutch)
                  0000ebda    00000006     --HOLE-- [fill = 0]
                  0000ebe0    00000002                   : BIOS.obj (.text:xdc_runtime_System_abortSpin__E)
                  0000ebe2    00000006     --HOLE-- [fill = 0]
                  0000ebe8    00000002                   : BIOS.obj (.text:xdc_runtime_System_exitSpin__E)

.const     0    0000ebec    0000094a     
                  0000ebec    00000101     rtsv7M4_T_le_v4SPD16_eabi.lib : ctype.obj (.const:.string:_ctypes_)
                  0000eced    00000001     display.aem4f : Display.oem4f (.const:Display_defaultParams)
                  0000ecee    00000002     release_pem4f.oem4f (.const:ti_sysbios_family_arm_m3_Hwi_Module__id__C)
                  0000ecf0    00000070     MSP_EXP432P401R.obj (.const:uartMSP432Baudrates)
                  0000ed60    00000060     rtsv7M4_T_le_v4SPD16_eabi.lib : mktime.obj (.const:$O1$$)
                  0000edc0    00000050     drivers_msp432p4xx.aem4f : TimerMSP432.oem4f (.const:timerADividers)
                  0000ee10    00000050     MSP_EXP432P401R.obj (.const:timerMSP432HWAttrs)
                  0000ee60    00000050     MSP_EXP432P401R.obj (.const:uartMSP432HWAttrs)
                  0000eeb0    00000048     release_pem4f.oem4f (.const:.string)
                  0000eef8    0000003c     MSP_EXP432P401R.obj (.const:Timer_config)
                  0000ef34    0000003c     release_pem4f.oem4f (.const:ti_sysbios_knl_Task_Object__PARAMS__C)
                  0000ef70    00000034     npi_uart_pm_msp432.aem4f : npi_task.oem4f (.const:NPI_defaultParams)
                  0000efa4    00000030     release_pem4f.oem4f (.const:ti_sysbios_family_arm_m3_Hwi_Object__PARAMS__C)
                  0000efd4    00000028     drivers_msp432p4xx.aem4f : UARTMSP432.oem4f (.const:UARTMSP432_fxnTable)
                  0000effc    00000028     release_pem4f.oem4f (.const:ti_sysbios_heaps_HeapMem_Module__FXNS__C)
                  0000f024    00000024     drivers_msp432p4xx.aem4f : UART.oem4f (.const:UART_defaultParams)
                  0000f048    00000024     release_pem4f.oem4f (.const:ti_sysbios_gates_GateHwi_Module__FXNS__C)
                  0000f06c    00000024     release_pem4f.oem4f (.const:ti_sysbios_gates_GateMutex_Module__FXNS__C)
                  0000f090    00000024     release_pem4f.oem4f (.const:ti_sysbios_heaps_HeapMem_Object__PARAMS__C)
                  0000f0b4    00000024     release_pem4f.oem4f (.const:ti_sysbios_knl_Clock_Object__PARAMS__C)
                  0000f0d8    00000024     release_pem4f.oem4f (.const:ti_sysbios_knl_Semaphore_Object__PARAMS__C)
                  0000f0fc    00000024     release_pem4f.oem4f (.const:xdc_runtime_Startup_sfxnTab__A)
                  0000f120    00000020     display.aem4f : DisplayHost.oem4f (.const:DisplayHost_fxnTable)
                  0000f140    00000020                   : DisplayUart.oem4f (.const:DisplayUartMin_fxnTable)
                  0000f160    00000020     drivers_msp432p4xx.aem4f : UARTMSP432.oem4f (.const:staticFxnTable)
                  0000f180    00000020     release_pem4f.oem4f (.const:ti_sysbios_family_arm_m3_Hwi_Object__DESC__C)
                  0000f1a0    00000020     release_pem4f.oem4f (.const:ti_sysbios_gates_GateHwi_Object__DESC__C)
                  0000f1c0    00000020     release_pem4f.oem4f (.const:ti_sysbios_gates_GateMutex_Object__DESC__C)
                  0000f1e0    00000020     release_pem4f.oem4f (.const:ti_sysbios_heaps_HeapMem_Object__DESC__C)
                  0000f200    00000020     release_pem4f.oem4f (.const:ti_sysbios_knl_Clock_Object__DESC__C)
                  0000f220    00000020     release_pem4f.oem4f (.const:ti_sysbios_knl_Event_Object__DESC__C)
                  0000f240    00000020     release_pem4f.oem4f (.const:ti_sysbios_knl_Queue_Object__DESC__C)
                  0000f260    00000020     release_pem4f.oem4f (.const:ti_sysbios_knl_Semaphore_Object__DESC__C)
                  0000f280    00000020     release_pem4f.oem4f (.const:ti_sysbios_knl_Task_Object__DESC__C)
                  0000f2a0    00000018     MSP_EXP432P401R.obj (.const:Display_config)
                  0000f2b8    00000018     MSP_EXP432P401R.obj (.const:PowerMSP432_config)
                  0000f2d0    00000018     MSP_EXP432P401R.obj (.const:UART_config)
                  0000f2e8    00000018     release_pem4f.oem4f (.const:ti_sysbios_gates_GateHwi_Object__PARAMS__C)
                  0000f300    00000018     release_pem4f.oem4f (.const:ti_sysbios_gates_GateMutex_Object__PARAMS__C)
                  0000f318    00000018     release_pem4f.oem4f (.const:ti_sysbios_knl_Event_Object__PARAMS__C)
                  0000f330    00000018     release_pem4f.oem4f (.const:ti_sysbios_knl_Queue_Object__PARAMS__C)
                  0000f348    00000014     MSP_EXP432P401R.obj (.const:GPIOMSP432_config)
                  0000f35c    00000014     sap_uart_pm.aem4f : sap.oem4f (.const:default_remUARTPort)
                  0000f370    00000014     MSP_EXP432P401R.obj (.const:displayUartHWAttrs)
                  0000f384    00000012     release_pem4f.oem4f (.const:xdc_runtime_Startup_sfxnRts__A)
                  0000f396    00000011     profile_util.obj (.const:.string:$P$T0$1)
                  0000f3a7    00000001     release_pem4f.oem4f (.const:xdc_runtime_Error_policy__C)
                  0000f3a8    00000010     drivers_msp432p4xx.aem4f : SDSPIMSP432.oem4f (.const:SDSPIMSP432_fxnTable)
                  0000f3b8    00000010     MSP_EXP432P401R.obj (.const:sdspiMSP432HWAttrs)
                  0000f3c8    0000000c     MSP_EXP432P401R.obj (.const)
                  0000f3d4    0000000c     MSP_EXP432P401R.obj (.const:SDSPI_config)
                  0000f3e0    0000000c     drivers_msp432p4xx.aem4f : Timer.oem4f (.const:defaultParams)
                  0000f3ec    0000000c                              : TimerMSP432.oem4f (.const:timer32Dividers)
                  0000f3f8    0000000c     release_pem4f.oem4f (.const:xdc_runtime_Startup_firstFxns__A)
                  0000f404    00000008     drivers_msp432p4xx.aem4f : SDSPI.oem4f (.const:SDSPI_defaultParams)
                  0000f40c    00000008     MSP_EXP432P401R.obj (.const:displayHostHWAttrs)
                  0000f414    00000008     release_pem4f.oem4f (.const:ti_sysbios_knl_Idle_funcList__C)
                  0000f41c    00000008     release_pem4f.oem4f (.const:xdc_runtime_Startup_firstFxns__C)
                  0000f424    00000008     release_pem4f.oem4f (.const:xdc_runtime_Startup_lastFxns__C)
                  0000f42c    00000006     drivers_msp432p4xx.aem4f : GPIOMSP432.oem4f (.const:.string:interruptType)
                  0000f432    00000006                              : GPIOMSP432.oem4f (.const:.string:portInterruptIds)
                  0000f438    00000005                              : UARTMSP432.oem4f (.const:.string:parityTypes)
                  0000f43d    00000001     release_pem4f.oem4f (.const:xdc_runtime_Text_charTab__A)
                  0000f43e    00000004     drivers_msp432p4xx.aem4f : UARTMSP432.oem4f (.const:stopBits)
                  0000f442    00000002     release_pem4f.oem4f (.const:ti_sysbios_family_arm_msp432_init_Boot_bypassHFXT__C)
                  0000f444    00000004     release_pem4f.oem4f (.const:ti_sysbios_family_arm_m3_Hwi_E_alreadyDefined__C)
                  0000f448    00000004     release_pem4f.oem4f (.const:ti_sysbios_family_arm_m3_Hwi_NUM_INTERRUPTS__C)
                  0000f44c    00000004     release_pem4f.oem4f (.const:ti_sysbios_family_arm_m3_Hwi_Object__count__C)
                  0000f450    00000004     release_pem4f.oem4f (.const:ti_sysbios_family_arm_m3_Hwi_ccr__C)
                  0000f454    00000004     release_pem4f.oem4f (.const:ti_sysbios_family_arm_m3_Hwi_excHandlerFunc__C)
                  0000f458    00000004     release_pem4f.oem4f (.const:ti_sysbios_family_arm_m3_Hwi_nullIsrFunc__C)
                  0000f45c    00000004     release_pem4f.oem4f (.const:ti_sysbios_family_arm_m3_Hwi_priGroup__C)
                  0000f460    00000004     release_pem4f.oem4f (.const:ti_sysbios_family_arm_m3_Hwi_swiDisable__C)
                  0000f464    00000004     release_pem4f.oem4f (.const:ti_sysbios_family_arm_m3_Hwi_swiRestoreHwi__C)
[...]
0000eb81  xdc_runtime_System_Module_startup__E                        
0000eb89  ti_sysbios_gates_GateHwi_query__E                           
0000eb89  xdc_runtime_Main_Module_GateProxy_query__E                  
0000eb89  xdc_runtime_System_Module_GateProxy_query__E                
0000eb91  ti_sysbios_BIOS_RtsGateProxy_query__E                       
0000eb91  ti_sysbios_gates_GateMutex_query__E                         
0000eb91  ti_sysbios_heaps_HeapMem_Module_GateProxy_query__E          
0000eb99  ti_sysbios_knl_Clock_setTimeout__E                          
0000eba1  ti_sysbios_knl_Task_startup__E                              
0000eba9  xdc_runtime_SysCallback_defaultReady                        
0000ebb1  ti_sysbios_BIOS_linkedWithIncorrectBootLibrary__E           
0000ebb9  ti_sysbios_gates_GateHwi_Instance_init__E                   
0000ebc1  ti_sysbios_knl_Clock_logTick__E                             
0000ebc9  xdc_runtime_SysCallback_defaultAbort                        
0000ebd1  xdc_runtime_SysCallback_defaultExit                         
0000ebd9  xdc_runtime_SysCallback_defaultPutch                        
0000ebe1  xdc_runtime_System_abortSpin__E                             
0000ebe9  xdc_runtime_System_exitSpin__E                              
0000ebec  _ctypes_                                                    
0000eced  Display_defaultParams                                       
0000ecee  ti_sysbios_family_arm_m3_Hwi_Module__id__C                  
0000ecf0  uartMSP432Baudrates                                         
0000ee10  timerMSP432HWAttrs                                          
0000ee60  uartMSP432HWAttrs                                           
0000eef8  Timer_config                                                
0000ef34  ti_sysbios_knl_Task_Object__PARAMS__C                       
0000ef70  NPI_defaultParams                                           
0000efa4  ti_sysbios_family_arm_m3_Hwi_Object__PARAMS__C              
0000efd4  UARTMSP432_fxnTable                                         
0000effc  ti_sysbios_heaps_HeapMem_Module__FXNS__C                    
0000f024  UART_defaultParams                                          
0000f048  ti_sysbios_gates_GateHwi_Module__FXNS__C                    
0000f06c  ti_sysbios_gates_GateMutex_Module__FXNS__C                  
0000f090  ti_sysbios_heaps_HeapMem_Object__PARAMS__C                  
0000f0b4  ti_sysbios_knl_Clock_Object__PARAMS__C                      
0000f0d8  ti_sysbios_knl_Semaphore_Object__PARAMS__C                  
0000f0fc  xdc_runtime_Startup_sfxnTab__A                              
0000f120  DisplayHost_fxnTable                                        
0000f140  DisplayUartMin_fxnTable                                     
0000f180  ti_sysbios_family_arm_m3_Hwi_Object__DESC__C                
0000f1a0  ti_sysbios_gates_GateHwi_Object__DESC__C                    
0000f1c0  ti_sysbios_gates_GateMutex_Object__DESC__C                  
0000f1e0  ti_sysbios_heaps_HeapMem_Object__DESC__C                    
0000f200  ti_sysbios_knl_Clock_Object__DESC__C                        
0000f220  ti_sysbios_knl_Event_Object__DESC__C                        
0000f240  ti_sysbios_knl_Queue_Object__DESC__C                        
0000f260  ti_sysbios_knl_Semaphore_Object__DESC__C                    
0000f280  ti_sysbios_knl_Task_Object__DESC__C                         
0000f2a0  Display_config                                              
0000f2b8  PowerMSP432_config                                          
0000f2d0  UART_config                                                 
0000f2e8  ti_sysbios_gates_GateHwi_Object__PARAMS__C                  
0000f300  ti_sysbios_gates_GateMutex_Object__PARAMS__C                
0000f318  ti_sysbios_knl_Event_Object__PARAMS__C                      
0000f330  ti_sysbios_knl_Queue_Object__PARAMS__C                      
0000f348  GPIOMSP432_config                                           
0000f35c  default_remUARTPort                                         
0000f370  displayUartHWAttrs                                          
0000f384  xdc_runtime_Startup_sfxnRts__A                              
0000f3a7  xdc_runtime_Error_policy__C                                 
0000f3a8  SDSPIMSP432_fxnTable                                        
0000f3b8  sdspiMSP432HWAttrs                                          
0000f3c8  ADC_count                                                   
0000f3c9  ADCBuf_count                                                
0000f3ca  Capture_count                                               
0000f3cb  Display_count                                               
0000f3cc  I2C_count                                                   
0000f3cd  I2CSlave_count                                              
0000f3ce  PWM_count                                                   
0000f3cf  SDSPI_count                                                 
0000f3d0  SPI_count                                                   
0000f3d1  Timer_count                                                 
0000f3d2  UART_count                                                  
0000f3d3  Watchdog_count                                              
0000f3d4  SDSPI_config                                                
0000f3f8  xdc_runtime_Startup_firstFxns__A                            
0000f404  SDSPI_defaultParams                                         
0000f40c  displayHostHWAttrs                                          
0000f414  ti_sysbios_knl_Idle_funcList__C                             
0000f41c  xdc_runtime_Startup_firstFxns__C                            
0000f424  xdc_runtime_Startup_lastFxns__C                             
0000f43d  xdc_runtime_Text_charTab__A                                 
0000f442  ti_sysbios_family_arm_msp432_init_Boot_bypassHFXT__C        
0000f444  ti_sysbios_family_arm_m3_Hwi_E_alreadyDefined__C            
0000f448  ti_sysbios_family_arm_m3_Hwi_NUM_INTERRUPTS__C              
0000f44c  ti_sysbios_family_arm_m3_Hwi_Object__count__C               
0000f450  ti_sysbios_family_arm_m3_Hwi_ccr__C                         
0000f454  ti_sysbios_family_arm_m3_Hwi_excHandlerFunc__C              
0000f458  ti_sysbios_family_arm_m3_Hwi_nullIsrFunc__C                 
0000f45c  ti_sysbios_family_arm_m3_Hwi_priGroup__C                    
0000f460  ti_sysbios_family_arm_m3_Hwi_swiDisable__C                  
0000f464  ti_sysbios_family_arm_m3_Hwi_swiRestoreHwi__C               
0000f468  ti_sysbios_family_arm_m3_TaskSupport_stackAlignment__C      
0000f46c  ti_sysbios_family_arm_msp432_Timer_numTimerDevices__C       
0000f470  ti_sysbios_family_arm_msp432_Timer_startupNeeded__C         
0000f474  ti_sysbios_gates_GateMutex_Instance_State_sem__O            
0000f478  ti_sysbios_heaps_HeapMem_E_memory__C                        
0000f47c  ti_sysbios_heaps_HeapMem_Module__gateObj__C                 
0000f480  ti_sysbios_heaps_HeapMem_Object__count__C                   
0000f484  ti_sysbios_heaps_HeapMem_primaryHeapBaseAddr__C             
0000f488  ti_sysbios_heaps_HeapMem_primaryHeapEndAddr__C              
0000f48c  ti_sysbios_heaps_HeapMem_reqAlign__C                        
0000f490  ti_sysbios_knl_Clock_Module_State_clockQ__O                 
0000f494  ti_sysbios_knl_Clock_tickPeriod__C                          
0000f498  ti_sysbios_knl_Event_Instance_State_pendQ__O                
0000f49c  ti_sysbios_knl_Idle_funcList__A                             
0000f4a0  ti_sysbios_knl_Mailbox_Instance_State_freeQue__O            
0000f4a4  ti_sysbios_knl_Mailbox_Object__count__C                     
0000f4a8  ti_sysbios_knl_Mailbox_maxTypeAlign__C                      
0000f4ac  ti_sysbios_knl_Semaphore_Instance_State_pendQ__O            
0000f4b0  ti_sysbios_knl_Swi_Object__count__C                         
0000f4b4  ti_sysbios_knl_Task_Module_State_inactiveQ__O               
0000f4b8  ti_sysbios_knl_Task_Object__count__C                        
0000f4bc  ti_sysbios_knl_Task_allBlockedFunc__C                       
0000f4c0  ti_sysbios_knl_Task_defaultStackHeap__C                     
0000f4c4  ti_sysbios_knl_Task_defaultStackSize__C                     
0000f4c8  ti_sysbios_knl_Task_numConstructedTasks__C                  
0000f4cc  xdc_runtime_Error_E_memory__C                               
0000f4d0  xdc_runtime_Error_policyFxn__C                              
0000f4d4  xdc_runtime_IGateProvider_Interface__BASE__C                
0000f4d8  xdc_runtime_IHeap_Interface__BASE__C                        
0000f4dc  xdc_runtime_IModule_Interface__BASE__C                      
0000f4e0  xdc_runtime_Memory_defaultHeapInstance__C                   
0000f4e4  xdc_runtime_Startup_execImpl__C                             
0000f4e8  xdc_runtime_Startup_maxPasses__C                            
0000f4ec  xdc_runtime_Startup_sfxnRts__C                              
0000f4f0  xdc_runtime_Startup_sfxnTab__C                              
0000f4f4  xdc_runtime_SysCallback_abortFxn__C                         
0000f4f8  xdc_runtime_SysCallback_exitFxn__C                          
0000f4fc  xdc_runtime_SysCallback_putchFxn__C                         
0000f500  xdc_runtime_SysCallback_readyFxn__C                         
0000f504  xdc_runtime_System_Module__gateObj__C                       
0000f508  xdc_runtime_System_abortFxn__C                              
0000f50c  xdc_runtime_System_exitFxn__C                               
0000f510  xdc_runtime_System_extendFxn__C                             
0000f514  xdc_runtime_System_maxAtexitHandlers__C                     
0000f518  xdc_runtime_Text_charTab__C                                 
0000f51c  xdc_runtime_Text_nameEmpty__C                               
0000f520  xdc_runtime_Text_nameStatic__C                              
0000f524  xdc_runtime_Text_nameUnknown__C                             
0000f528  ti_sysbios_family_arm_msp432_init_Boot_bypassLFXT__C        
0000f52a  ti_sysbios_family_arm_msp432_init_Boot_enableHFXT__C        
0000f52c  ti_sysbios_family_arm_msp432_init_Boot_enableLFXT__C        
0000f52e  ti_sysbios_heaps_HeapMem_Module__id__C                      
0000f530  xdc_runtime_Memory_Module__id__C                            
0000f532  xdc_runtime_Text_charCnt__C                                 
0000f534  xdc_runtime_Text_isLoaded__C                                
0000f538  __TI_static_base__                                          
0000f8d4  __TI_Handler_Table_Base                                     
0000f8e0  __TI_Handler_Table_Limit                                    
0000f8e8  __TI_CINIT_Base                                             
0000f8f8  __TI_CINIT_Limit                                            
20000000  ti_sysbios_family_arm_m3_Hwi_ramVectors                     
20000140  _ftable                                                     
20000300  PowerMSP432_perfLevels                                      
200003d0  ti_sysbios_knl_Swi_Module_State_0_readyQ__A                 
20000450  ti_sysbios_knl_Task_Module_State_0_readyQ__A                
20000520  ti_sysbios_family_arm_msp432_Timer_Object__table__V         
2000056c  ti_sysbios_knl_Task_Object__table__V                        
200005b8  ti_sysbios_knl_Task_Module__state__V                        
2000063c  ti_sysbios_gates_GateMutex_Object__table__V                 
20000674  ti_sysbios_family_arm_m3_Hwi_Module__state__V               
200006a8  gpioPinConfigs                                              
200006d8  ti_sysbios_knl_Swi_Object__table__V                         
20000708  PowerMSP432_module                                          
20000734  ti_sysbios_knl_Clock_Module__state__V                       
20000760  initVal                                                     
200007ac  ti_sysbios_BIOS_Module__state__V                            
20000810  ti_sysbios_family_arm_msp432_Timer_Module_State_0_device__A 
20000830  xdc_runtime_Error_IgnoreBlock                               
20000850  TimerMSP432_Timer32_fxnTable                                
2000086c  TimerMSP432_Timer_A_fxnTable                                
2000089a  npiBufSize                                                  
200008a4  ti_sysbios_knl_Swi_Module__state__V                         
200008da  ti_sysbios_family_arm_m3_Hwi_Module_State_0_excActive__A    
200008dc  ti_sysbios_family_arm_m3_Hwi_Object__table__V               
200008f4  ti_sysbios_heaps_HeapMem_Object__table__V                   
20000954  seconds                                                     
20000958  logminute                                                   
2000095c  hc_ready                                                    
2000095d  hc_obtained                                                 
2000095e  streaming                                                   
2000095f  needToTranslate                                             
20000960  secToTranslate                                              
20000994  _tz                                                         
200009c4  gpioCallbackFunctions                                       
200009e4  __TI_ft_end                                                 
200009e8  __aeabi_stdin                                               
200009ec  __aeabi_stdout                                              
200009f0  __aeabi_stderr                                              
20000a04  ti_sysbios_family_arm_msp432_Timer_Module_State_0_handles__A
20000a22  updateSNPDevName                                            
20000a30  eventCBListRoot                                             
20000a34  asyncCBListRoot                                             
20000a38  serviceListRoot                                             
20000a3c  SAP_isConnected                                             
20000a40  __TI_cleanup_ptr                                            
20000a44  __TI_dtors_ptr                                              
20000a48  __TI_enable_exit_profile_output                             
20000a4c  SNP_NumConns                                                
20000a50  SNP_eventCB                                                 
20000a54  SNP_asyncCB                                                 
20000a58  ti_sysbios_family_arm_msp432_ClockFreqs_Module__state__V    
20000a64  ti_sysbios_family_arm_msp432_Timer_Module__state__V         
20000a79  txcomplete                                                  
20000a7a  rxcomplete                                                  
20000a88  _lock                                                       
20000a8c  _unlock                                                     
20000aa0  ProjectZero_DataServiceCBs                                  
20000aa8  ProjectZero_ManagerServiceCBs                               
20000ab0  ProjectZero_StreamServiceCBs                                
20000ae0  ti_sysbios_family_arm_m3_Hwi_Module__root__V                
20000ae8  ti_sysbios_gates_GateHwi_Module__root__V                    
20000af0  ti_sysbios_gates_GateMutex_Module__root__V                  
20000af8  ti_sysbios_heaps_HeapMem_Module__root__V                    
20000b00  ti_sysbios_knl_Clock_Module__root__V                        
20000b08  ti_sysbios_knl_Event_Module__root__V                        
20000b10  ti_sysbios_knl_Queue_Module__root__V                        
20000b18  ti_sysbios_knl_Semaphore_Module__root__V                    
20000b20  ti_sysbios_knl_Task_Module__root__V                         
20000b28  xdc_runtime_Startup_Module__state__V                        
20000b30  xdc_runtime_System_Module_State_0_atexitHandlers__A         
20000b38  xdc_runtime_System_Module__state__V                         
20000b50  fatfsPrefix                                                 
20000b54  errno                                                       
20000b5c  main_func_sp                                                
20000b60  ti_sysbios_family_arm_m3_Hwi_Module_State_0_excContext__A   
20000b64  ti_sysbios_family_arm_m3_Hwi_Module_State_0_excStack__A     
20000b68  ti_sysbios_gates_GateHwi_Object__table__V                   
20000b6c  ti_sysbios_knl_Task_Module_State_0_idleTask__A              
20000b70  xdc_runtime_Memory_Module__state__V                         
20000b78  ProjectZeroTaskStack                                        
20001378  SensorTaskStack                                             
20001f78  sdspiMSP432Objects                                          
200021d0  ti_sysbios_knl_Task_Instance_State_0_stack__A               
200023d0  hc_data                                                     
200025b0  sendData                                                    
20002790  ti_sysbios_family_arm_m3_Hwi_dispatchTable                  
200028d0  __CIOBUF_                                                   
200029f0  uartMSP432Objects                                           
20002af0  timerMSP432Objects                                          
20002ba4  __TI_tmpnams                                                
20002c44  ProjectZeroTask                                             
20002c94  SensorTask                                                  
20002ce4  uartMSP432RingBuffer                                        
20002df4  HostToSSTable                                               
20002e44  sapParams                                                   
20002e94  displayUartObject                                           
20002ea8  hc_elapsed                                                  
20002eb0  npiRetMsg                                                   
20002eb8  sdspiParams                                                 
20002ec0  taskCBs                                                     
20002ed4  ProjectZeroEvent                                            
20002ed8  SDsem                                                       
20002edc  displayHostObject                                           
20002ee0  displayOut                                                  
20002ee4  dst                                                         
20002ee8  hc_timer                                                    
20002eec  npiRxBuf                                                    
20002ef0  npiTaskHandle                                               
20002ef4  npiTaskStack                                                
20002ef8  npiTxBuf                                                    
20002efc  sdspiHandle                                                 
20002f00  src                                                         
20002f04  syncReq_sem                                                 
20002f08  waitRsp_sem                                                 
20002f0f  projectZeroState                                            
20002f10  __primary_heap_start__                                      
2000fd00  __primary_heap_end__                                        
2000fd00  __stack                                                     
20010000  __STACK_END                                                 
4000480c  WDTCTL_SYM                                                  
e000e000  ti_sysbios_family_arm_m3_Hwi_nvic                           
ffffffff  __TI_pprof_out_hndl                                         
ffffffff  __TI_prof_data_size                                         
ffffffff  __TI_prof_data_start                                        
ffffffff  __binit__                                                   
ffffffff  __c_args__                                                  
ffffffff  binit                                                       
UNDEFED   SHT$$INIT_ARRAY$$Base                                       
UNDEFED   SHT$$INIT_ARRAY$$Limit                                      

[873 symbols]
